<html>
<body>
<pre>
<h1>µVision Build Log</h1>
<h2>Tool Versions:</h2>
IDE-Version: µVision V5.22.0.0
Copyright (C) 2016 ARM Ltd and ARM Germany GmbH. All rights reserved.
License Information: parham fallah, kokl, LIC=LJWPC-7YEYA-VJD6J-U4SZ9-7SG4C-AGYJS
 
Tool Versions:
Toolchain:       MDK-ARM Professional  Version: 5.22
Toolchain Path:  C:\Keil_v5\ARM\ARMCC\Bin
C Compiler:      Armcc.exe V5.06 update 4 (build 422)
Assembler:       Armasm.exe V5.06 update 4 (build 422)
Linker/Locator:  ArmLink.exe V5.06 update 4 (build 422)
Library Manager: ArmAr.exe V5.06 update 4 (build 422)
Hex Converter:   FromElf.exe V5.06 update 4 (build 422)
CPU DLL:         SARMCM3.DLL V5.22
Dialog DLL:      DARMP1.DLL V1.27.0.0
Target DLL:      UL2CM3.DLL V1.159.0.0
Dialog DLL:      TARMP1.DLL V1.26.0.0
 
<h2>Project:</h2>
D:\UNI\Term 4\Micro\Parham_Fallah_Phase_One\PF_SD.uvproj
Project File Date:  07/13/2018

<h2>Output:</h2>
*** Using Compiler 'V5.06 update 4 (build 422)', folder: 'C:\Keil_v5\ARM\ARMCC\Bin'
Rebuild target 'bihe.org'
custom translating Web.inp...
Custom: C:\Keil_v5\ARM\bin\fcarm @Source\Web\Web.inp
FCARM FILE CONVERTER V2.56.0.1
Completed 10 File(s), Ratio 99%
compiling Retarget.c...
compiling File_Config.c...
compiling SPI_LPC17xx.c...
compiling Serial.c...
compiling main.c...
Source\main.c(151): warning:  #111-D: statement is unreachable
  			break;
Source\main.c(155): warning:  #111-D: statement is unreachable
  			break;
Source\main.c(160): warning:  #111-D: statement is unreachable
  			break;
Source\main.c(165): warning:  #111-D: statement is unreachable
  			break;		
Source\main.c(216): warning:  #111-D: statement is unreachable
   if ((LPC_GPIO2->FIOPIN & (1 << 11)) == 0) {
Source\main.c(313): warning:  #1166-D: returning pointer to local variable
  		return str;
Source\main.c(267): warning:  #177-D: variable "i"  was declared but never referenced
  	int i;
Source\main.c(268): warning:  #177-D: variable "buf"  was declared but never referenced
  	char buf[16];
Source\main.c(271): warning:  #177-D: variable "buffer"  was declared but never referenced
  	unsigned char buffer[1024]; 
Source\main.c: 9 warnings, 0 errors
compiling system_LPC17xx.c...
assembling startup_LPC17xx.s...
compiling HTTP_CGI.c...
Source\library_Http\HTTP_CGI.c(29): warning:  #1295-D: Deprecated declaration getSDData - give arg types
  extern char* getSDData ();
Source\library_Http\HTTP_CGI.c(35): warning:  #177-D: variable "state"  was declared but never referenced
  static char const state[][9] = {
Source\library_Http\HTTP_CGI.c: 2 warnings, 0 errors
compiling Net_Config.c...
compiling display4bit.c...
compiling EMAC_LPC17xx.c...
compiling timer.c...
compiling Web.c...
linking...
Program Size: Code=36704 RO-data=325376 RW-data=156 ZI-data=32352  
FromELF: creating hex file...
".\Objects\PF_SD.axf" - 0 Error(s), 11 Warning(s).
Build Time Elapsed:  00:00:03
</pre>
</body>
</html>
