<html>
<body>
<pre>
<h1>µVision Build Log</h1>
<h2>Tool Versions:</h2>
IDE-Version: µVision V5.22.0.0
Copyright (C) 2016 ARM Ltd and ARM Germany GmbH. All rights reserved.
License Information: parham fallah, kokl, LIC=LJWPC-7YEYA-VJD6J-U4SZ9-7SG4C-AGYJS
 
Tool Versions:
Toolchain:       MDK-ARM Professional  Version: 5.22
Toolchain Path:  C:\Keil_v5\ARM\ARMCC\Bin
C Compiler:      Armcc.exe V5.06 update 4 (build 422)
Assembler:       Armasm.exe V5.06 update 4 (build 422)
Linker/Locator:  ArmLink.exe V5.06 update 4 (build 422)
Library Manager: ArmAr.exe V5.06 update 4 (build 422)
Hex Converter:   FromElf.exe V5.06 update 4 (build 422)
CPU DLL:         SARMCM3.DLL V5.22
Dialog DLL:      DARMP1.DLL V1.27.0.0
Target DLL:      UL2CM3.DLL V1.159.0.0
Dialog DLL:      TARMP1.DLL V1.26.0.0
 
<h2>Project:</h2>
D:\UNI\Term 4\Micro\Parham_Fallah_Phase_One\PF_SD.uvproj
Project File Date:  06/19/2018

<h2>Output:</h2>
*** Using Compiler 'V5.06 update 4 (build 422)', folder: 'C:\Keil_v5\ARM\ARMCC\Bin'
Rebuild target 'bihe.org'
custom translating Web.inp...
Custom: C:\Keil_v5\ARM\bin\fcarm @Source\Web\Web.inp
FCARM FILE CONVERTER V2.56.0.1
Completed 10 File(s), Ratio 99%
linking...
Program Size: Code=35284 RO-data=323892 RW-data=132 ZI-data=32288  
FromELF: creating hex file...
".\Objects\PF_SD.axf" - 0 Error(s), 0 Warning(s).
Target not created.
Build Time Elapsed:  00:00:03
</pre>
</body>
</html>
