Component: ARM Compiler 5.06 update 4 (build 422) Tool: armlink [4d35d2]

==============================================================================

Section Cross References

    main.o(i.EINT3_IRQHandler) refers to main.o(i.answer_the_call) for answer_the_call
    main.o(i.EINT3_IRQHandler) refers to main.o(i.showStatusOnDisplay) for showStatusOnDisplay
    main.o(i.EINT3_IRQHandler) refers to main.o(i.updateDisplay) for updateDisplay
    main.o(i.EINT3_IRQHandler) refers to main.o(i.show_number_in_lcd) for show_number_in_lcd
    main.o(i.EINT3_IRQHandler) refers to main.o(i.showToneCodeOnDisplay) for showToneCodeOnDisplay
    main.o(i.EINT3_IRQHandler) refers to main.o(i.invertRelay) for invertRelay
    main.o(i.EINT3_IRQHandler) refers to main.o(i.show_massage_to_display) for show_massage_to_display
    main.o(i.EINT3_IRQHandler) refers to main.o(i.delay_main) for delay_main
    main.o(i.EINT3_IRQHandler) refers to main.o(.data) for ring_count
    main.o(i.Enable_call_timer_main) refers to main.o(i.NVIC_EnableIRQ) for NVIC_EnableIRQ
    main.o(i.TIMER0_IRQHandler) refers to main.o(i.show_massage_to_display) for show_massage_to_display
    main.o(i.TIMER0_IRQHandler) refers to main.o(.data) for getTone
    main.o(i.UART0_IRQHandler) refers to main.o(i.show_massage_to_display) for show_massage_to_display
    main.o(i.UART0_IRQHandler) refers to main.o(i.delay_main) for delay_main
    main.o(i.answer_the_call) refers to main.o(i.showStatusOnDisplay) for showStatusOnDisplay
    main.o(i.answer_the_call) refers to main.o(.data) for bs
    main.o(i.changeRelaysStateOnBoard) refers to main.o(.bss) for relays
    main.o(i.dhcp_check) refers to at_lib.o(i.mem_test) for mem_test
    main.o(i.dhcp_check) refers to at_dhcp.o(i.dhcp_disable) for dhcp_disable
    main.o(i.dhcp_check) refers to main.o(.data) for tick
    main.o(i.dhcp_check) refers to at_system.o(.bss) for localm
    main.o(i.finish_the_call) refers to main.o(i.showStatusOnDisplay) for showStatusOnDisplay
    main.o(i.finish_the_call) refers to main.o(.data) for bs
    main.o(i.get_relay_codes) refers to i2c.o(i.I2C_ReadNByte) for I2C_ReadNByte
    main.o(i.gpio_interrupt_set) refers to main.o(i.NVIC_EnableIRQ) for NVIC_EnableIRQ
    main.o(i.init) refers to at_system.o(i.init_TcpNet) for init_TcpNet
    main.o(i.init) refers to i2c.o(i.I2CInit) for I2CInit
    main.o(i.init) refers to system_lpc17xx.o(.data) for SystemCoreClock
    main.o(i.invertRelay) refers to main.o(i.show_massage_to_display) for show_massage_to_display
    main.o(i.invertRelay) refers to main.o(i.delay_main) for delay_main
    main.o(i.invertRelay) refers to main.o(i.updateDisplay) for updateDisplay
    main.o(i.invertRelay) refers to main.o(i.showRelaysStatusOnDisplay) for showRelaysStatusOnDisplay
    main.o(i.invertRelay) refers to main.o(i.changeRelaysStateOnBoard) for changeRelaysStateOnBoard
    main.o(i.invertRelay) refers to main.o(.bss) for relays
    main.o(i.main) refers to main.o(i.init) for init
    main.o(i.main) refers to display4bit.o(i.lcd_init_4bit) for lcd_init_4bit
    main.o(i.main) refers to main.o(i.gpio_interrupt_set) for gpio_interrupt_set
    main.o(i.main) refers to main.o(i.uartInit) for uartInit
    main.o(i.main) refers to main.o(i.updateDisplay) for updateDisplay
    main.o(i.main) refers to main.o(i.timer0Inir) for timer0Inir
    main.o(i.main) refers to main.o(i.timer_poll) for timer_poll
    main.o(i.main) refers to at_system.o(i.main_TcpNet) for main_TcpNet
    main.o(i.main) refers to main.o(i.dhcp_check) for dhcp_check
    main.o(i.main) refers to main.o(.data) for dhcp_tout
    main.o(i.set_realay_code) refers to i2c.o(i.I2C_WriteNByte) for I2C_WriteNByte
    main.o(i.showCallerNumberOnDisplay) refers to display4bit.o(i.command) for command
    main.o(i.showCallerNumberOnDisplay) refers to display4bit.o(i.lcd_putchar) for lcd_putchar
    main.o(i.showCallerNumberOnDisplay) refers to main.o(.data) for callerNumber
    main.o(i.showRelaysStatusOnDisplay) refers to display4bit.o(i.command) for command
    main.o(i.showRelaysStatusOnDisplay) refers to display4bit.o(i.lcd_putchar) for lcd_putchar
    main.o(i.showRelaysStatusOnDisplay) refers to main.o(.bss) for relays
    main.o(i.showStatusOnDisplay) refers to display4bit.o(i.command) for command
    main.o(i.showStatusOnDisplay) refers to display4bit.o(i.lcd_putchar) for lcd_putchar
    main.o(i.showStatusOnDisplay) refers to main.o(.data) for bs
    main.o(i.showToneCodeOnDisplay) refers to display4bit.o(i.command) for command
    main.o(i.showToneCodeOnDisplay) refers to display4bit.o(i.lcd_putchar) for lcd_putchar
    main.o(i.showToneCodeOnDisplay) refers to main.o(.data) for code
    main.o(i.show_massage_to_display) refers to display4bit.o(i.command) for command
    main.o(i.show_massage_to_display) refers to display4bit.o(i.lcd_putsf) for lcd_putsf
    main.o(i.show_number_in_lcd) refers to _printf_percent.o(.ARM.Collect$$_printf_percent$$00000000) for _printf_percent
[...]
    i.showStatusOnDisplay                    0x000052f8   Section        0  main.o(i.showStatusOnDisplay)
    i.showToneCodeOnDisplay                  0x00005338   Section        0  main.o(i.showToneCodeOnDisplay)
    i.show_massage_to_display                0x00005360   Section        0  main.o(i.show_massage_to_display)
    i.show_number_in_lcd                     0x00005378   Section        0  main.o(i.show_number_in_lcd)
    i.slip_send_frame                        0x000053b8   Section        0  net_config.o(i.slip_send_frame)
    i.str_copy                               0x000053bc   Section        0  at_lib.o(i.str_copy)
    i.str_crc32                              0x000053ce   Section        0  at_lib.o(i.str_crc32)
    i.str_pos                                0x000053e8   Section        0  at_lib.o(i.str_pos)
    i.str_scomp                              0x000053fe   Section        0  at_lib.o(i.str_scomp)
    i.str_up_case                            0x00005418   Section        0  at_lib.o(i.str_up_case)
    i.sys_error                              0x00005432   Section        0  net_config.o(i.sys_error)
    i.tcp_abort                              0x00005458   Section        0  at_tcp.o(i.tcp_abort)
    i.tcp_close                              0x000054a8   Section        0  at_tcp.o(i.tcp_close)
    i.tcp_get_buf                            0x00005544   Section        0  at_tcp.o(i.tcp_get_buf)
    i.tcp_get_socket                         0x00005564   Section        0  at_tcp.o(i.tcp_get_socket)
    i.tcp_get_state                          0x000055b0   Section        0  at_tcp.o(i.tcp_get_state)
    i.tcp_init                               0x000055d4   Section        0  at_tcp.o(i.tcp_init)
    i.tcp_listen                             0x000055ec   Section        0  at_tcp.o(i.tcp_listen)
    i.tcp_map_socket                         0x00005658   Section        0  at_tcp.o(i.tcp_map_socket)
    tcp_map_socket                           0x00005659   Thumb Code   146  at_tcp.o(i.tcp_map_socket)
    i.tcp_max_dsize                          0x000056f0   Section        0  at_tcp.o(i.tcp_max_dsize)
    i.tcp_parse_opt                          0x00005714   Section        0  at_tcp.o(i.tcp_parse_opt)
    tcp_parse_opt                            0x00005715   Thumb Code    94  at_tcp.o(i.tcp_parse_opt)
    i.tcp_poll_sockets                       0x00005774   Section        0  at_tcp.o(i.tcp_poll_sockets)
    i.tcp_proc_acknr                         0x000059f8   Section        0  at_tcp.o(i.tcp_proc_acknr)
    tcp_proc_acknr                           0x000059f9   Thumb Code   194  at_tcp.o(i.tcp_proc_acknr)
    i.tcp_proc_dupack                        0x00005ac0   Section        0  at_tcp.o(i.tcp_proc_dupack)
    tcp_proc_dupack                          0x00005ac1   Thumb Code    82  at_tcp.o(i.tcp_proc_dupack)
    i.tcp_process                            0x00005b14   Section        0  at_tcp.o(i.tcp_process)
    i.tcp_que_free                           0x00005fcc   Section        0  at_tcp.o(i.tcp_que_free)
    tcp_que_free                             0x00005fcd   Thumb Code    26  at_tcp.o(i.tcp_que_free)
    i.tcp_que_init                           0x00005fe6   Section        0  at_tcp.o(i.tcp_que_init)
    tcp_que_init                             0x00005fe7   Thumb Code    26  at_tcp.o(i.tcp_que_init)
    i.tcp_que_resend                         0x00006000   Section        0  at_tcp.o(i.tcp_que_resend)
    tcp_que_resend                           0x00006001   Thumb Code   142  at_tcp.o(i.tcp_que_resend)
    i.tcp_send                               0x00006094   Section        0  at_tcp.o(i.tcp_send)
    i.tcp_send_ctrl                          0x00006168   Section        0  at_tcp.o(i.tcp_send_ctrl)
    tcp_send_ctrl                            0x00006169   Thumb Code   106  at_tcp.o(i.tcp_send_ctrl)
    i.tcp_send_data                          0x000061d2   Section        0  at_tcp.o(i.tcp_send_data)
    tcp_send_data                            0x000061d3   Thumb Code    80  at_tcp.o(i.tcp_send_data)
    i.tcp_send_reset                         0x00006222   Section        0  at_tcp.o(i.tcp_send_reset)
    tcp_send_reset                           0x00006223   Thumb Code   104  at_tcp.o(i.tcp_send_reset)
    i.tcp_set_cwnd                           0x0000628a   Section        0  at_tcp.o(i.tcp_set_cwnd)
    tcp_set_cwnd                             0x0000628b   Thumb Code    38  at_tcp.o(i.tcp_set_cwnd)
    i.tcp_transit                            0x000062b0   Section        0  at_tcp.o(i.tcp_transit)
    tcp_transit                              0x000062b1   Thumb Code   100  at_tcp.o(i.tcp_transit)
    i.tcp_write                              0x00006318   Section        0  at_tcp.o(i.tcp_write)
    tcp_write                                0x00006319   Thumb Code   190  at_tcp.o(i.tcp_write)
    i.timer0Inir                             0x000063dc   Section        0  main.o(i.timer0Inir)
    i.timer_poll                             0x00006400   Section        0  main.o(i.timer_poll)
    timer_poll                               0x00006401   Thumb Code    26  main.o(i.timer_poll)
    i.timer_tick                             0x00006420   Section        0  at_system.o(i.timer_tick)
    i.turnaround_MDIO                        0x00006434   Section        0  emac_lpc17xx.o(i.turnaround_MDIO)
    turnaround_MDIO                          0x00006435   Thumb Code    38  emac_lpc17xx.o(i.turnaround_MDIO)
    i.tx_descr_init                          0x00006460   Section        0  emac_lpc17xx.o(i.tx_descr_init)
    tx_descr_init                            0x00006461   Thumb Code    76  emac_lpc17xx.o(i.tx_descr_init)
    i.uartInit                               0x000064bc   Section        0  main.o(i.uartInit)
    i.udp_close                              0x00006530   Section        0  at_udp.o(i.udp_close)
    i.udp_get_buf                            0x0000655c   Section        0  at_udp.o(i.udp_get_buf)
    i.udp_get_socket                         0x0000657c   Section        0  at_udp.o(i.udp_get_socket)
    i.udp_init                               0x000065c0   Section        0  at_udp.o(i.udp_init)
    i.udp_open                               0x000065d8   Section        0  at_udp.o(i.udp_open)
    i.udp_port_in_use                        0x00006640   Section        0  at_udp.o(i.udp_port_in_use)
    udp_port_in_use                          0x00006641   Thumb Code    40  at_udp.o(i.udp_port_in_use)
    i.udp_process                            0x0000666c   Section        0  at_udp.o(i.udp_process)
    i.udp_release_socket                     0x00006724   Section        0  at_udp.o(i.udp_release_socket)
    i.udp_send                               0x00006754   Section        0  at_udp.o(i.udp_send)
    i.updateDisplay                          0x00006870   Section        0  main.o(i.updateDisplay)
    i.utc_to_http                            0x00006890   Section        0  at_http.o(i.utc_to_http)
    utc_to_http                              0x00006891   Thumb Code   180  at_http.o(i.utc_to_http)
    i.write_PHY                              0x00006970   Section        0  emac_lpc17xx.o(i.write_PHY)
    write_PHY                                0x00006971   Thumb Code   126  emac_lpc17xx.o(i.write_PHY)
    locale$$code                             0x000069f8   Section       44  lc_ctype_c.o(locale$$code)
    .constdata                               0x00006a24   Section    322988  web.o(.constdata)
    Web                                      0x00006a28   Data       322893  web.o(.constdata)
    .constdata                               0x000557d0   Section      152  net_config.o(.constdata)
    .constdata                               0x00055868   Section        8  at_ip.o(.constdata)
    IP_Localhost                             0x0005586c   Data           4  at_ip.o(.constdata)
    .constdata                               0x00055870   Section      244  at_http.o(.constdata)
    DYear                                    0x00055870   Data           6  at_http.o(.constdata)
    Month                                    0x00055876   Data          48  at_http.o(.constdata)
    WkDay                                    0x000558a6   Data          28  at_http.o(.constdata)
    DMonth                                   0x000558c2   Data          24  at_http.o(.constdata)
    ftype                                    0x000558da   Data         138  at_http.o(.constdata)
    .constdata                               0x00055964   Section        8  at_nbns.o(.constdata)
    nbns_ttllen                              0x00055964   Data           8  at_nbns.o(.constdata)
    .constdata                               0x0005596c   Section        6  at_ethernet.o(.constdata)
    .constdata                               0x00055972   Section        6  at_arp.o(.constdata)
    NullAdr                                  0x00055972   Data           6  at_arp.o(.constdata)
    .constdata                               0x00055978   Section       86  http_err.o(.constdata)
    .constdata                               0x000559ce   Section       81  http_err.o(.constdata)
    .constdata                               0x00055a1f   Section       78  http_err.o(.constdata)
    .constdata                               0x00055a6d   Section       75  http_err.o(.constdata)
    .constdata                               0x00055ab8   Section       47  http_err.o(.constdata)
    .constdata                               0x00055ae7   Section      136  http_err.o(.constdata)
    .constdata                               0x00055b6f   Section       40  _printf_hex_ptr.o(.constdata)
    uc_hextab                                0x00055b6f   Data          20  _printf_hex_ptr.o(.constdata)
    lc_hextab                                0x00055b83   Data          20  _printf_hex_ptr.o(.constdata)
    .constdata                               0x00055b97   Section       17  __printf_flags_ss_wp.o(.constdata)
    maptable                                 0x00055b97   Data          17  __printf_flags_ss_wp.o(.constdata)
    .conststring                             0x00055ba8   Section       29  net_config.o(.conststring)
    locale$$data                             0x00055c08   Section      272  lc_ctype_c.o(locale$$data)
    __lcctype_c_name                         0x00055c0c   Data           2  lc_ctype_c.o(locale$$data)
    __lcctype_c_start                        0x00055c14   Data           0  lc_ctype_c.o(locale$$data)
    __lcctype_c_end                          0x00055d18   Data           0  lc_ctype_c.o(locale$$data)
    .data                                    0x10000000   Section       60  main.o(.data)
    .data                                    0x1000003c   Section        4  system_lpc17xx.o(.data)
    .data                                    0x10000040   Section        1  http_cgi.o(.data)
    P2                                       0x10000040   Data           1  http_cgi.o(.data)
    .data                                    0x10000044   Section       22  i2c.o(.data)
    .data                                    0x1000005a   Section       22  net_config.o(.data)
    .data                                    0x10000070   Section        8  timer.o(.data)
    .data                                    0x10000078   Section       12  at_ip.o(.data)
    ip_id                                    0x10000078   Data           2  at_ip.o(.data)
    ip_control                               0x1000007c   Data           8  at_ip.o(.data)
    .data                                    0x10000084   Section        4  at_tcp.o(.data)
    socket                                   0x10000084   Data           1  at_tcp.o(.data)
    no_ack                                   0x10000085   Data           1  at_tcp.o(.data)
    port                                     0x10000086   Data           2  at_tcp.o(.data)
    .data                                    0x10000088   Section        2  at_udp.o(.data)
    port                                     0x10000088   Data           2  at_udp.o(.data)
    .data                                    0x1000008c   Section       12  at_http.o(.data)
    session                                  0x1000008c   Data           1  at_http.o(.data)
    cgi                                      0x10000090   Data           8  at_http.o(.data)
    .data                                    0x10000098   Section        1  at_nbns.o(.data)
    nbns_Socket                              0x10000098   Data           1  at_nbns.o(.data)
    .data                                    0x1000009c   Section        8  at_arp.o(.data)
    entry                                    0x1000009c   Data           1  at_arp.o(.data)
    probe_ip                                 0x100000a0   Data           4  at_arp.o(.data)
    .bss                                     0x100000a4   Section       26  main.o(.bss)
    .bss                                     0x100000c0   Section    12972  net_config.o(.bss)
    mem_pool                                 0x100000c0   Data       12000  net_config.o(.bss)
    arp_table                                0x10002fa0   Data         140  net_config.o(.bss)
    udp_scb                                  0x1000302c   Data          24  net_config.o(.bss)
    tcp_scb                                  0x10003044   Data         476  net_config.o(.bss)
    http_scb                                 0x10003220   Data         312  net_config.o(.bss)
    http_passw                               0x10003358   Data          20  net_config.o(.bss)
    .bss                                     0x1000336c   Section       16  at_icmp.o(.bss)
    icmp_control                             0x1000336c   Data          16  at_icmp.o(.bss)
    .bss                                     0x1000337c   Section       32  at_dhcp.o(.bss)
    dhcp_control                             0x1000337c   Data          32  at_dhcp.o(.bss)
    .bss                                     0x1000339c   Section      132  at_ethernet.o(.bss)
    eth_control                              0x1000339c   Data         132  at_ethernet.o(.bss)
    .bss                                     0x10003420   Section       16  at_mem.o(.bss)
    mem_control                              0x10003420   Data          16  at_mem.o(.bss)
    .bss                                     0x10003430   Section       76  at_system.o(.bss)
    .bss                                     0x1000347c   Section       96  libspace.o(.bss)
    HEAP                                     0x100034e0   Section      512  startup_lpc17xx.o(HEAP)
    Heap_Mem                                 0x100034e0   Data         512  startup_lpc17xx.o(HEAP)
    STACK                                    0x100036e0   Section     2048  startup_lpc17xx.o(STACK)
    Stack_Mem                                0x100036e0   Data        2048  startup_lpc17xx.o(STACK)
    __initial_sp                             0x10003ee0   Data           0  startup_lpc17xx.o(STACK)
    .data                                    0x2007c000   Section        5  emac_lpc17xx.o(.data)
    dev_175x                                 0x2007c004   Data           1  emac_lpc17xx.o(.data)
    .bss                                     0x2007c008   Section    10852  emac_lpc17xx.o(.bss)
    Rx_Desc                                  0x2007c008   Data          32  emac_lpc17xx.o(.bss)
    Rx_Stat                                  0x2007c028   Data          32  emac_lpc17xx.o(.bss)
    Tx_Desc                                  0x2007c048   Data          24  emac_lpc17xx.o(.bss)
    Tx_Stat                                  0x2007c060   Data          12  emac_lpc17xx.o(.bss)
    rx_buf                                   0x2007c06c   Data        6144  emac_lpc17xx.o(.bss)
    tx_buf                                   0x2007d86c   Data        4608  emac_lpc17xx.o(.bss)

    Global Symbols

    Symbol Name                              Value     Ov Type        Size  Object(Section)

    BuildAttributes$$THM_ISAv4$P$D$K$B$S$PE$A:L22UL41UL21$X:L11$S22US41US21$IEEE1$IW$~IW$USESV6$~STKCKD$USESV7$~SHL$OSPACE$ROPI$EBA8$UX$STANDARDLIB$REQ8$PRES8$EABIv2 0x00000000   Number         0  anon$$obj.o ABSOLUTE
    __ARM_use_no_argv                        0x00000000   Number         0  main.o ABSOLUTE
    __Vectors                                0x00000000   Data           4  startup_lpc17xx.o(RESET)
    _printf_flags                            0x00000000   Number         0  printf_stubs.o ABSOLUTE
    _printf_return_value                     0x00000000   Number         0  printf_stubs.o ABSOLUTE
    _printf_sizespec                         0x00000000   Number         0  printf_stubs.o ABSOLUTE
    _printf_widthprec                        0x00000000   Number         0  printf_stubs.o ABSOLUTE
    __ARM_exceptions_init                     - Undefined Weak Reference
    __alloca_initialize                       - Undefined Weak Reference
    __arm_preinit_                            - Undefined Weak Reference
    __cpp_initialize__aeabi_                  - Undefined Weak Reference
    __cxa_finalize                            - Undefined Weak Reference
    __sigvec_lookup                           - Undefined Weak Reference
    _atexit_init                              - Undefined Weak Reference
    _call_atexit_fns                          - Undefined Weak Reference
    _clock_init                               - Undefined Weak Reference
    _fp_trap_init                             - Undefined Weak Reference
    _fp_trap_shutdown                         - Undefined Weak Reference
    _get_lc_collate                           - Undefined Weak Reference
    _get_lc_monetary                          - Undefined Weak Reference
    _get_lc_numeric                           - Undefined Weak Reference
    _get_lc_time                              - Undefined Weak Reference
    _getenv_init                              - Undefined Weak Reference
    _handle_redirection                       - Undefined Weak Reference
    _init_alloc                               - Undefined Weak Reference
    _init_user_alloc                          - Undefined Weak Reference
    _initio                                   - Undefined Weak Reference
    _printf_mbtowc                            - Undefined Weak Reference
    _printf_truncate_signed                   - Undefined Weak Reference
    _printf_truncate_unsigned                 - Undefined Weak Reference
    _rand_init                                - Undefined Weak Reference
    _scanf_longlong                           - Undefined Weak Reference
    _scanf_mbtowc                             - Undefined Weak Reference
    _scanf_real                               - Undefined Weak Reference
    _scanf_string                             - Undefined Weak Reference
    _scanf_wctomb                             - Undefined Weak Reference
    _scanf_wstring                            - Undefined Weak Reference
    _signal_finish                            - Undefined Weak Reference
    _signal_init                              - Undefined Weak Reference
    _terminate_alloc                          - Undefined Weak Reference
    _terminate_user_alloc                     - Undefined Weak Reference
    _terminateio                              - Undefined Weak Reference
    poll_ethernet                             - Undefined Weak Reference
    __main                                   0x000000cd   Thumb Code     8  __main.o(!!!main)
    __scatterload                            0x000000d5   Thumb Code     0  __scatter.o(!!!scatter)
    __scatterload_rt2                        0x000000d5   Thumb Code    44  __scatter.o(!!!scatter)
    __scatterload_rt2_thumb_only             0x000000d5   Thumb Code     0  __scatter.o(!!!scatter)
    __scatterload_null                       0x000000e3   Thumb Code     0  __scatter.o(!!!scatter)
    __scatterload_copy                       0x00000109   Thumb Code    26  __scatter_copy.o(!!handler_copy)
    __scatterload_zeroinit                   0x00000125   Thumb Code    28  __scatter_zi.o(!!handler_zi)
    _printf_n                                0x00000141   Thumb Code     0  _printf_n.o(.ARM.Collect$$_printf_percent$$00000001)
    _printf_percent                          0x00000141   Thumb Code     0  _printf_percent.o(.ARM.Collect$$_printf_percent$$00000000)
    _printf_p                                0x00000147   Thumb Code     0  _printf_p.o(.ARM.Collect$$_printf_percent$$00000002)
    _printf_d                                0x0000014d   Thumb Code     0  _printf_d.o(.ARM.Collect$$_printf_percent$$00000009)
    _printf_s                                0x00000153   Thumb Code     0  _printf_s.o(.ARM.Collect$$_printf_percent$$00000014)
    _printf_percent_end                      0x00000159   Thumb Code     0  _printf_percent_end.o(.ARM.Collect$$_printf_percent$$00000017)
    __rt_lib_init                            0x0000015d   Thumb Code     0  libinit.o(.ARM.Collect$$libinit$$00000000)
    __rt_lib_init_fp_1                       0x0000015f   Thumb Code     0  libinit2.o(.ARM.Collect$$libinit$$00000002)
    __rt_lib_init_heap_1                     0x0000015f   Thumb Code     0  libinit2.o(.ARM.Collect$$libinit$$0000000A)
    __rt_lib_init_lc_common                  0x0000015f   Thumb Code     0  libinit2.o(.ARM.Collect$$libinit$$0000000F)
    __rt_lib_init_preinit_1                  0x0000015f   Thumb Code     0  libinit2.o(.ARM.Collect$$libinit$$00000004)
    __rt_lib_init_rand_1                     0x0000015f   Thumb Code     0  libinit2.o(.ARM.Collect$$libinit$$0000000E)
    __rt_lib_init_user_alloc_1               0x0000015f   Thumb Code     0  libinit2.o(.ARM.Collect$$libinit$$0000000C)
    __rt_lib_init_lc_collate_1               0x00000165   Thumb Code     0  libinit2.o(.ARM.Collect$$libinit$$00000011)
    __rt_lib_init_lc_ctype_2                 0x00000165   Thumb Code     0  libinit2.o(.ARM.Collect$$libinit$$00000012)
    __rt_lib_init_alloca_1                   0x00000171   Thumb Code     0  libinit2.o(.ARM.Collect$$libinit$$0000002E)
    __rt_lib_init_argv_1                     0x00000171   Thumb Code     0  libinit2.o(.ARM.Collect$$libinit$$0000002C)
    __rt_lib_init_atexit_1                   0x00000171   Thumb Code     0  libinit2.o(.ARM.Collect$$libinit$$0000001B)
    __rt_lib_init_clock_1                    0x00000171   Thumb Code     0  libinit2.o(.ARM.Collect$$libinit$$00000021)
    __rt_lib_init_cpp_1                      0x00000171   Thumb Code     0  libinit2.o(.ARM.Collect$$libinit$$00000032)
    __rt_lib_init_exceptions_1               0x00000171   Thumb Code     0  libinit2.o(.ARM.Collect$$libinit$$00000030)
    __rt_lib_init_fp_trap_1                  0x00000171   Thumb Code     0  libinit2.o(.ARM.Collect$$libinit$$0000001F)
    __rt_lib_init_getenv_1                   0x00000171   Thumb Code     0  libinit2.o(.ARM.Collect$$libinit$$00000023)
    __rt_lib_init_lc_ctype_1                 0x00000171   Thumb Code     0  libinit2.o(.ARM.Collect$$libinit$$00000013)
    __rt_lib_init_lc_monetary_1              0x00000171   Thumb Code     0  libinit2.o(.ARM.Collect$$libinit$$00000015)
    __rt_lib_init_lc_numeric_1               0x00000171   Thumb Code     0  libinit2.o(.ARM.Collect$$libinit$$00000017)
    __rt_lib_init_lc_time_1                  0x00000171   Thumb Code     0  libinit2.o(.ARM.Collect$$libinit$$00000019)
    __rt_lib_init_return                     0x00000171   Thumb Code     0  libinit2.o(.ARM.Collect$$libinit$$00000033)
    __rt_lib_init_signal_1                   0x00000171   Thumb Code     0  libinit2.o(.ARM.Collect$$libinit$$0000001D)
    __rt_lib_init_stdio_1                    0x00000171   Thumb Code     0  libinit2.o(.ARM.Collect$$libinit$$00000025)
    __rt_lib_shutdown                        0x00000173   Thumb Code     0  libshutdown.o(.ARM.Collect$$libshutdown$$00000000)
    __rt_lib_shutdown_cpp_1                  0x00000175   Thumb Code     0  libshutdown2.o(.ARM.Collect$$libshutdown$$00000002)
    __rt_lib_shutdown_fp_trap_1              0x00000175   Thumb Code     0  libshutdown2.o(.ARM.Collect$$libshutdown$$00000007)
    __rt_lib_shutdown_heap_1                 0x00000175   Thumb Code     0  libshutdown2.o(.ARM.Collect$$libshutdown$$0000000F)
    __rt_lib_shutdown_return                 0x00000175   Thumb Code     0  libshutdown2.o(.ARM.Collect$$libshutdown$$00000010)
    __rt_lib_shutdown_signal_1               0x00000175   Thumb Code     0  libshutdown2.o(.ARM.Collect$$libshutdown$$0000000A)
    __rt_lib_shutdown_stdio_1                0x00000175   Thumb Code     0  libshutdown2.o(.ARM.Collect$$libshutdown$$00000004)
    __rt_lib_shutdown_user_alloc_1           0x00000175   Thumb Code     0  libshutdown2.o(.ARM.Collect$$libshutdown$$0000000C)
    __rt_entry                               0x00000177   Thumb Code     0  __rtentry.o(.ARM.Collect$$rtentry$$00000000)
    __rt_entry_presh_1                       0x00000177   Thumb Code     0  __rtentry2.o(.ARM.Collect$$rtentry$$00000002)
    __rt_entry_sh                            0x00000177   Thumb Code     0  __rtentry4.o(.ARM.Collect$$rtentry$$00000004)
    __rt_entry_li                            0x0000017d   Thumb Code     0  __rtentry2.o(.ARM.Collect$$rtentry$$0000000A)
    __rt_entry_postsh_1                      0x0000017d   Thumb Code     0  __rtentry2.o(.ARM.Collect$$rtentry$$00000009)
    __rt_entry_main                          0x00000181   Thumb Code     0  __rtentry2.o(.ARM.Collect$$rtentry$$0000000D)
    __rt_entry_postli_1                      0x00000181   Thumb Code     0  __rtentry2.o(.ARM.Collect$$rtentry$$0000000C)
    __rt_exit                                0x00000189   Thumb Code     0  rtexit.o(.ARM.Collect$$rtexit$$00000000)
    __rt_exit_ls                             0x0000018b   Thumb Code     0  rtexit2.o(.ARM.Collect$$rtexit$$00000003)
    __rt_exit_prels_1                        0x0000018b   Thumb Code     0  rtexit2.o(.ARM.Collect$$rtexit$$00000002)
    __rt_exit_exit                           0x0000018f   Thumb Code     0  rtexit2.o(.ARM.Collect$$rtexit$$00000004)
    Reset_Handler                            0x00000195   Thumb Code     8  startup_lpc17xx.o(.text)
    NMI_Handler                              0x0000019d   Thumb Code     2  startup_lpc17xx.o(.text)
    HardFault_Handler                        0x0000019f   Thumb Code     2  startup_lpc17xx.o(.text)
    MemManage_Handler                        0x000001a1   Thumb Code     2  startup_lpc17xx.o(.text)
    BusFault_Handler                         0x000001a3   Thumb Code     2  startup_lpc17xx.o(.text)
    UsageFault_Handler                       0x000001a5   Thumb Code     2  startup_lpc17xx.o(.text)
    SVC_Handler                              0x000001a7   Thumb Code     2  startup_lpc17xx.o(.text)
    DebugMon_Handler                         0x000001a9   Thumb Code     2  startup_lpc17xx.o(.text)
    PendSV_Handler                           0x000001ab   Thumb Code     2  startup_lpc17xx.o(.text)
    SysTick_Handler                          0x000001ad   Thumb Code     2  startup_lpc17xx.o(.text)
    ADC_IRQHandler                           0x000001af   Thumb Code     0  startup_lpc17xx.o(.text)
    BOD_IRQHandler                           0x000001af   Thumb Code     0  startup_lpc17xx.o(.text)
    CANActivity_IRQHandler                   0x000001af   Thumb Code     0  startup_lpc17xx.o(.text)
    CAN_IRQHandler                           0x000001af   Thumb Code     0  startup_lpc17xx.o(.text)
    DMA_IRQHandler                           0x000001af   Thumb Code     0  startup_lpc17xx.o(.text)
    EINT0_IRQHandler                         0x000001af   Thumb Code     0  startup_lpc17xx.o(.text)
    EINT1_IRQHandler                         0x000001af   Thumb Code     0  startup_lpc17xx.o(.text)
    EINT2_IRQHandler                         0x000001af   Thumb Code     0  startup_lpc17xx.o(.text)
    I2C1_IRQHandler                          0x000001af   Thumb Code     0  startup_lpc17xx.o(.text)
    I2C2_IRQHandler                          0x000001af   Thumb Code     0  startup_lpc17xx.o(.text)
    I2S_IRQHandler                           0x000001af   Thumb Code     0  startup_lpc17xx.o(.text)
    MCPWM_IRQHandler                         0x000001af   Thumb Code     0  startup_lpc17xx.o(.text)
    PLL0_IRQHandler                          0x000001af   Thumb Code     0  startup_lpc17xx.o(.text)
    PLL1_IRQHandler                          0x000001af   Thumb Code     0  startup_lpc17xx.o(.text)
    PWM1_IRQHandler                          0x000001af   Thumb Code     0  startup_lpc17xx.o(.text)
    QEI_IRQHandler                           0x000001af   Thumb Code     0  startup_lpc17xx.o(.text)
    RIT_IRQHandler                           0x000001af   Thumb Code     0  startup_lpc17xx.o(.text)
    RTC_IRQHandler                           0x000001af   Thumb Code     0  startup_lpc17xx.o(.text)
    SPI_IRQHandler                           0x000001af   Thumb Code     0  startup_lpc17xx.o(.text)
    SSP0_IRQHandler                          0x000001af   Thumb Code     0  startup_lpc17xx.o(.text)
    SSP1_IRQHandler                          0x000001af   Thumb Code     0  startup_lpc17xx.o(.text)
    TIMER2_IRQHandler                        0x000001af   Thumb Code     0  startup_lpc17xx.o(.text)
    TIMER3_IRQHandler                        0x000001af   Thumb Code     0  startup_lpc17xx.o(.text)
    UART1_IRQHandler                         0x000001af   Thumb Code     0  startup_lpc17xx.o(.text)
    UART2_IRQHandler                         0x000001af   Thumb Code     0  startup_lpc17xx.o(.text)
    UART3_IRQHandler                         0x000001af   Thumb Code     0  startup_lpc17xx.o(.text)
    USBActivity_IRQHandler                   0x000001af   Thumb Code     0  startup_lpc17xx.o(.text)
    USB_IRQHandler                           0x000001af   Thumb Code     0  startup_lpc17xx.o(.text)
    WDT_IRQHandler                           0x000001af   Thumb Code     0  startup_lpc17xx.o(.text)
    __user_initial_stackheap                 0x000001b1   Thumb Code     0  startup_lpc17xx.o(.text)
    __2sprintf                               0x000001d5   Thumb Code    38  __2sprintf.o(.text)
    _printf_pre_padding                      0x00000201   Thumb Code    44  _printf_pad.o(.text)
    _printf_post_padding                     0x0000022d   Thumb Code    34  _printf_pad.o(.text)
    _printf_str                              0x0000024f   Thumb Code    82  _printf_str.o(.text)
    _printf_charcount                        0x000002a1   Thumb Code    40  _printf_charcount.o(.text)
    atoi                                     0x000002c9   Thumb Code    26  atoi.o(.text)
    __use_two_region_memory                  0x000002e3   Thumb Code     2  heapauxi.o(.text)
    __rt_heap_escrow$2region                 0x000002e5   Thumb Code     2  heapauxi.o(.text)
    __rt_heap_expand$2region                 0x000002e7   Thumb Code     2  heapauxi.o(.text)
    __aeabi_errno_addr                       0x000002e9   Thumb Code     8  rt_errno_addr_intlibspace.o(.text)
    __errno$intlibspace                      0x000002e9   Thumb Code     0  rt_errno_addr_intlibspace.o(.text)
    __rt_errno_addr$intlibspace              0x000002e9   Thumb Code     0  rt_errno_addr_intlibspace.o(.text)
    _sputc                                   0x000002f1   Thumb Code    10  _sputc.o(.text)
    __I$use$semihosting                      0x000002fb   Thumb Code     0  use_no_semi.o(.text)
    __use_no_semihosting_swi                 0x000002fb   Thumb Code     2  use_no_semi.o(.text)
    _printf_int_dec                          0x00000301   Thumb Code   104  _printf_dec.o(.text)
    _printf_hex_ptr                          0x00000379   Thumb Code    78  _printf_hex_ptr.o(.text)
    _printf_longlong_hex                     0x00000379   Thumb Code     0  _printf_hex_ptr.o(.text)
    __printf                                 0x000003cd   Thumb Code   388  __printf_flags_ss_wp.o(.text)
    __RL_TCP_VER                             0x00000474   Number         0  at_system.o ABSOLUTE
    __0sscanf                                0x00000555   Thumb Code    52  __0sscanf.o(.text)
    _scanf_int                               0x00000591   Thumb Code   332  _scanf_int.o(.text)
    strlen                                   0x000006dd   Thumb Code    62  strlen.o(.text)
    strcmp                                   0x0000071d   Thumb Code   128  strcmpv7m.o(.text)
    _printf_int_common                       0x0000079d   Thumb Code   178  _printf_intcommon.o(.text)
    _printf_char_common                      0x0000085b   Thumb Code    32  _printf_char_common.o(.text)
    _printf_cs_common                        0x00000881   Thumb Code    20  _printf_char.o(.text)
    _printf_char                             0x00000895   Thumb Code    16  _printf_char.o(.text)
    _printf_string                           0x000008a5   Thumb Code     8  _printf_char.o(.text)
    _chval                                   0x000008ad   Thumb Code    28  _chval.o(.text)
    __vfscanf_char                           0x000008d5   Thumb Code    24  scanf_char.o(.text)
    _sgetc                                   0x000008f5   Thumb Code    30  _sgetc.o(.text)
    _sbackspace                              0x00000913   Thumb Code    34  _sgetc.o(.text)
    strtol                                   0x00000935   Thumb Code   112  strtol.o(.text)
    __user_libspace                          0x000009a5   Thumb Code     8  libspace.o(.text)
    __user_perproc_libspace                  0x000009a5   Thumb Code     0  libspace.o(.text)
    __user_perthread_libspace                0x000009a5   Thumb Code     0  libspace.o(.text)
    __rt_ctype_table                         0x000009ad   Thumb Code    16  rt_ctype_table.o(.text)
    isspace                                  0x000009bd   Thumb Code    18  isspace.o(.text)
    __vfscanf                                0x000009d1   Thumb Code   878  _scanf.o(.text)
    _strtoul                                 0x00000d45   Thumb Code   158  _strtoul.o(.text)
    __user_setup_stackheap                   0x00000de3   Thumb Code    74  sys_stackheap_outer.o(.text)
    __rt_locale                              0x00000e2d   Thumb Code     8  rt_locale_intlibspace.o(.text)
    exit                                     0x00000e35   Thumb Code    18  exit.o(.text)
    _sys_exit                                0x00000e49   Thumb Code     8  sys_exit.o(.text)
    Delay                                    0x00000e55   Thumb Code    30  main.o(i.Delay)
    __semihosting_library_function           0x00000e55   Thumb Code     0  indicate_semi.o(.text)
    EINT3_IRQHandler                         0x00000e75   Thumb Code   444  main.o(i.EINT3_IRQHandler)
    ENET_IRQHandler                          0x00001075   Thumb Code   164  emac_lpc17xx.o(i.ENET_IRQHandler)
    I2C0_IRQHandler                          0x0000112d   Thumb Code   516  i2c.o(i.I2C0_IRQHandler)
    I2CInit                                  0x00001351   Thumb Code    86  i2c.o(i.I2CInit)
    SystemInit                               0x000013cd   Thumb Code   302  system_lpc17xx.o(i.SystemInit)
    TIMER0_IRQHandler                        0x0000150d   Thumb Code    30  main.o(i.TIMER0_IRQHandler)
    TIMER1_IRQHandler                        0x0000153d   Thumb Code    18  timer.o(i.TIMER1_IRQHandler)
    UART0_IRQHandler                         0x00001559   Thumb Code    18  main.o(i.UART0_IRQHandler)
    _is_digit                                0x00001575   Thumb Code    14  __printf_wp.o(i._is_digit)
    alloc_mem                                0x000015b9   Thumb Code   174  at_mem.o(i.alloc_mem)
    answer_the_call                          0x00001671   Thumb Code    22  main.o(i.answer_the_call)
    arp_cache_add                            0x00001691   Thumb Code   174  at_arp.o(i.arp_cache_add)
    arp_cache_early                          0x000017d1   Thumb Code   142  at_arp.o(i.arp_cache_early)
    arp_cache_find                           0x00001869   Thumb Code   168  at_arp.o(i.arp_cache_find)
    arp_cache_update                         0x0000191d   Thumb Code   228  at_arp.o(i.arp_cache_update)
    arp_init                                 0x00001a11   Thumb Code    34  at_arp.o(i.arp_init)
    arp_notify                               0x00001a71   Thumb Code    26  at_arp.o(i.arp_notify)
    arp_probe                                0x00001a99   Thumb Code    14  at_arp.o(i.arp_probe)
    arp_process                              0x00001b35   Thumb Code   294  at_arp.o(i.arp_process)
    avail_mem                                0x00001dc5   Thumb Code    22  at_mem.o(i.avail_mem)
    b64_to_asc                               0x00001de1   Thumb Code   120  at_lib.o(i.b64_to_asc)
    calc_chksum16be                          0x00001e59   Thumb Code    18  at_lib.o(i.calc_chksum16be)
    cgi_func                                 0x00001e6d   Thumb Code    86  http_cgi.o(i.cgi_func)
    cgi_process_data                         0x00001ef1   Thumb Code   244  http_cgi.o(i.cgi_process_data)
    cgi_process_var                          0x00002025   Thumb Code   356  http_cgi.o(i.cgi_process_var)
    cgx_content_type                         0x000021b9   Thumb Code     4  at_http.o(i.cgx_content_type)
    changeRelaysStateOnBoard                 0x000021bd   Thumb Code    42  main.o(i.changeRelaysStateOnBoard)
    chksum16_buf                             0x000023bd   Thumb Code    40  at_lib.o(i.chksum16_buf)
    chksum16_val                             0x000023e5   Thumb Code    10  at_lib.o(i.chksum16_val)
    command                                  0x00002435   Thumb Code   106  display4bit.o(i.command)
    delay_main                               0x000024a5   Thumb Code    30  main.o(i.delay_main)
    dhcp_cbfunc                              0x000024c3   Thumb Code     2  at_dhcp.o(i.dhcp_cbfunc)
    dhcp_disable                             0x00002545   Thumb Code    50  at_dhcp.o(i.dhcp_disable)
    dhcp_init                                0x00002581   Thumb Code    66  at_dhcp.o(i.dhcp_init)
    dhcp_run_client                          0x000027cd   Thumb Code   440  at_dhcp.o(i.dhcp_run_client)
    ds_delay                                 0x00002ba1   Thumb Code    12  display4bit.o(i.ds_delay)
    eth_chk_adr                              0x00002bad   Thumb Code    10  at_ethernet.o(i.eth_chk_adr)
    eth_init_link                            0x00002bbd   Thumb Code    40  at_ethernet.o(i.eth_init_link)
    eth_run_link                             0x00002bf1   Thumb Code   194  at_ethernet.o(i.eth_run_link)
    eth_send_frame                           0x00002cc5   Thumb Code   150  at_ethernet.o(i.eth_send_frame)
    finish_the_call                          0x00002d6d   Thumb Code    22  main.o(i.finish_the_call)
    free_mem                                 0x00002d8d   Thumb Code   124  at_mem.o(i.free_mem)
    get_rnd32                                0x00002efd   Thumb Code    18  at_system.o(i.get_rnd32)
    gpio_interrupt_set                       0x00002f19   Thumb Code    36  main.o(i.gpio_interrupt_set)
    http_accept_host                         0x00002f57   Thumb Code     4  at_http.o(i.http_accept_host)
    http_check_account                       0x00003259   Thumb Code     4  at_http.o(i.http_check_account)
    http_encoding                            0x0000325d   Thumb Code     4  at_http.o(i.http_encoding)
    http_fclose                              0x000033e9   Thumb Code     2  at_http_uif.o(i.http_fclose)
    http_fgets                               0x000033eb   Thumb Code     4  at_http_uif.o(i.http_fgets)
    http_file_access                         0x000033ef   Thumb Code     4  at_http.o(i.http_file_access)
    http_finfo                               0x000033f3   Thumb Code     4  at_http_uif.o(i.http_finfo)
    http_fopen                               0x000033f7   Thumb Code     4  at_http_uif.o(i.http_fopen)
    http_fread                               0x000033fb   Thumb Code     4  at_http_uif.o(i.http_fread)
    http_get_var                             0x00003401   Thumb Code   104  at_http.o(i.http_get_var)
    http_init                                0x0000346d   Thumb Code    72  at_http.o(i.http_init)
    http_run_server                          0x00003c29   Thumb Code   816  at_http.o(i.http_run_server)
    icmp_init                                0x0000402d   Thumb Code    10  at_icmp.o(i.icmp_init)
    icmp_process                             0x0000403d   Thumb Code   198  at_icmp.o(i.icmp_process)
    icmp_run_engine                          0x00004109   Thumb Code    58  at_icmp.o(i.icmp_run_engine)
    ifree_mem                                0x000041c1   Thumb Code    48  at_mem.o(i.ifree_mem)
    igmp_is_member                           0x000041f9   Thumb Code     4  net_config.o(i.igmp_is_member)
    igmp_process                             0x000041fd   Thumb Code     2  net_config.o(i.igmp_process)
    init_TcpNet                              0x0000424d   Thumb Code    38  at_system.o(i.init_TcpNet)
    init_ethernet                            0x0000427d   Thumb Code   522  emac_lpc17xx.o(i.init_ethernet)
    init_mem                                 0x000044b5   Thumb Code    86  at_mem.o(i.init_mem)
    init_system                              0x00004515   Thumb Code    38  net_config.o(i.init_system)
    int_disable_eth                          0x00004575   Thumb Code    18  emac_lpc17xx.o(i.int_disable_eth)
    int_enable_eth                           0x0000458d   Thumb Code    22  emac_lpc17xx.o(i.int_enable_eth)
    invertRelay                              0x000045a5   Thumb Code    70  main.o(i.invertRelay)
    ip_chk_frame                             0x00004609   Thumb Code   190  at_ip.o(i.ip_chk_frame)
    ip_get_locadr                            0x000046dd   Thumb Code   166  at_ip.o(i.ip_get_locadr)
    ip_init                                  0x00004795   Thumb Code     8  at_ip.o(i.ip_init)
    ip_run_local                             0x000047a1   Thumb Code    82  at_ip.o(i.ip_run_local)
    ip_send_frame                            0x000047fd   Thumb Code   328  at_ip.o(i.ip_send_frame)
    is_subnet                                0x0000494d   Thumb Code    20  at_lib.o(i.is_subnet)
    lcd_init_4bit                            0x00004961   Thumb Code   306  display4bit.o(i.lcd_init_4bit)
    lcd_putchar                              0x00004a99   Thumb Code   106  display4bit.o(i.lcd_putchar)
    lcd_putsf                                0x00004b09   Thumb Code    24  display4bit.o(i.lcd_putsf)
    main                                     0x00004b21   Thumb Code    46  main.o(i.main)
    main_TcpNet                              0x00004b55   Thumb Code    86  at_system.o(i.main_TcpNet)
    mem_comp                                 0x00004bb9   Thumb Code    24  at_lib.o(i.mem_comp)
    mem_copy                                 0x00004bd1   Thumb Code    22  at_lib.o(i.mem_copy)
    mem_crc32                                0x00004be7   Thumb Code    32  at_lib.o(i.mem_crc32)
    mem_set                                  0x00004c07   Thumb Code    10  at_lib.o(i.mem_set)
    mem_test                                 0x00004c11   Thumb Code    20  at_lib.o(i.mem_test)
    nbns_init                                0x00004c25   Thumb Code    32  at_nbns.o(i.nbns_init)
    nrd_u32be                                0x00004dad   Thumb Code    22  at_lib.o(i.nrd_u32be)
    nwr_u16be                                0x00004dc3   Thumb Code     8  at_lib.o(i.nwr_u16be)
    nwr_u32be                                0x00004dcb   Thumb Code    16  at_lib.o(i.nwr_u32be)
    ppp_send_frame                           0x00004e29   Thumb Code     4  net_config.o(i.ppp_send_frame)
    put_in_queue                             0x00004fd1   Thumb Code    36  at_ethernet.o(i.put_in_queue)
    resize_mem                               0x00005125   Thumb Code    68  at_mem.o(i.resize_mem)
    run_system                               0x0000516d   Thumb Code    30  net_config.o(i.run_system)
    send_frame                               0x00005241   Thumb Code    64  emac_lpc17xx.o(i.send_frame)
    showCallerNumberOnDisplay                0x00005289   Thumb Code    36  main.o(i.showCallerNumberOnDisplay)
    showRelaysStatusOnDisplay                0x000052b1   Thumb Code    68  main.o(i.showRelaysStatusOnDisplay)
    showStatusOnDisplay                      0x000052f9   Thumb Code    60  main.o(i.showStatusOnDisplay)
    showToneCodeOnDisplay                    0x00005339   Thumb Code    36  main.o(i.showToneCodeOnDisplay)
    show_massage_to_display                  0x00005361   Thumb Code    24  main.o(i.show_massage_to_display)
    show_number_in_lcd                       0x00005379   Thumb Code    54  main.o(i.show_number_in_lcd)
    slip_send_frame                          0x000053b9   Thumb Code     4  net_config.o(i.slip_send_frame)
    str_copy                                 0x000053bd   Thumb Code    18  at_lib.o(i.str_copy)
    str_crc32                                0x000053cf   Thumb Code    26  at_lib.o(i.str_crc32)
    str_pos                                  0x000053e9   Thumb Code    22  at_lib.o(i.str_pos)
    str_scomp                                0x000053ff   Thumb Code    26  at_lib.o(i.str_scomp)
    str_up_case                              0x00005419   Thumb Code    26  at_lib.o(i.str_up_case)
    sys_error                                0x00005433   Thumb Code    36  net_config.o(i.sys_error)
    tcp_abort                                0x00005459   Thumb Code    76  at_tcp.o(i.tcp_abort)
    tcp_close                                0x000054a9   Thumb Code   150  at_tcp.o(i.tcp_close)
    tcp_get_buf                              0x00005545   Thumb Code    32  at_tcp.o(i.tcp_get_buf)
    tcp_get_socket                           0x00005565   Thumb Code    70  at_tcp.o(i.tcp_get_socket)
    tcp_get_state                            0x000055b1   Thumb Code    32  at_tcp.o(i.tcp_get_state)
    tcp_init                                 0x000055d5   Thumb Code    18  at_tcp.o(i.tcp_init)
    tcp_listen                               0x000055ed   Thumb Code   102  at_tcp.o(i.tcp_listen)
    tcp_max_dsize                            0x000056f1   Thumb Code    30  at_tcp.o(i.tcp_max_dsize)
    tcp_poll_sockets                         0x00005775   Thumb Code   630  at_tcp.o(i.tcp_poll_sockets)
    tcp_process                              0x00005b15   Thumb Code  1196  at_tcp.o(i.tcp_process)
    tcp_send                                 0x00006095   Thumb Code   204  at_tcp.o(i.tcp_send)
    timer0Inir                               0x000063dd   Thumb Code    32  main.o(i.timer0Inir)
    timer_tick                               0x00006421   Thumb Code    14  at_system.o(i.timer_tick)
    uartInit                                 0x000064bd   Thumb Code    96  main.o(i.uartInit)
    udp_close                                0x00006531   Thumb Code    38  at_udp.o(i.udp_close)
    udp_get_buf                              0x0000655d   Thumb Code    32  at_udp.o(i.udp_get_buf)
    udp_get_socket                           0x0000657d   Thumb Code    62  at_udp.o(i.udp_get_socket)
    udp_init                                 0x000065c1   Thumb Code    18  at_udp.o(i.udp_init)
    udp_open                                 0x000065d9   Thumb Code    96  at_udp.o(i.udp_open)
    udp_process                              0x0000666d   Thumb Code   178  at_udp.o(i.udp_process)
    udp_release_socket                       0x00006725   Thumb Code    44  at_udp.o(i.udp_release_socket)
    udp_send                                 0x00006755   Thumb Code   280  at_udp.o(i.udp_send)
    updateDisplay                            0x00006871   Thumb Code    26  main.o(i.updateDisplay)
    _get_lc_ctype                            0x000069f9   Thumb Code    44  lc_ctype_c.o(locale$$code)
    FileMD                                   0x00006a24   Data           4  web.o(.constdata)
    FileTab                                  0x00055778   Data          88  web.o(.constdata)
    nlocalm                                  0x000557d0   Data          60  net_config.o(.constdata)
    sys_config                               0x0005580c   Data          16  net_config.o(.constdata)
    arp_config                               0x0005581c   Data          12  net_config.o(.constdata)
    dhcp_config                              0x00055828   Data           8  net_config.o(.constdata)
    udp_config                               0x00055830   Data           8  net_config.o(.constdata)
    tcp_config                               0x00055838   Data          24  net_config.o(.constdata)
    http_config                              0x00055850   Data          24  net_config.o(.constdata)
    IP_Broadcast                             0x00055868   Data           4  at_ip.o(.constdata)
    MAC_Broadcast                            0x0005596c   Data           6  at_ethernet.o(.constdata)
    http_err_401                             0x00055978   Data          86  http_err.o(.constdata)
    http_err_403                             0x000559ce   Data          81  http_err.o(.constdata)
    http_err_404                             0x00055a1f   Data          78  http_err.o(.constdata)
    http_err_501                             0x00055a6d   Data          75  http_err.o(.constdata)
    http_err_head                            0x00055ab8   Data          47  http_err.o(.constdata)
    http_err_foot                            0x00055ae7   Data         136  http_err.o(.constdata)
    Region$$Table$$Base                      0x00055bc8   Number         0  anon$$obj.o(Region$$Table)
    Region$$Table$$Limit                     0x00055c08   Number         0  anon$$obj.o(Region$$Table)
    __ctype                                  0x00055c15   Data           0  lc_ctype_c.o(locale$$data)
    realyCodes                               0x10000000   Data          20  main.o(.data)
    bs                                       0x10000014   Data           1  main.o(.data)
    callerNumber                             0x10000015   Data          11  main.o(.data)
    code                                     0x10000020   Data           5  main.o(.data)
    codeIndex                                0x10000025   Data           1  main.o(.data)
    getTone                                  0x10000028   Data           4  main.o(.data)
    ring_count                               0x1000002c   Data           1  main.o(.data)
    NUMBER_OF_WAITING_RINGS                  0x1000002d   Data           1  main.o(.data)
    dtmfData                                 0x1000002e   Data           1  main.o(.data)
    show_update                              0x10000030   Data           4  main.o(.data)
    tick                                     0x10000034   Data           4  main.o(.data)
    dhcp_tout                                0x10000038   Data           4  main.o(.data)
    SystemCoreClock                          0x1000003c   Data           4  system_lpc17xx.o(.data)
    I2C_sla                                  0x10000044   Data           1  i2c.o(.data)
    I2C_suba                                 0x10000048   Data           4  i2c.o(.data)
    I2C_suba_num                             0x1000004c   Data           1  i2c.o(.data)
    I2C_buf                                  0x10000050   Data           4  i2c.o(.data)
    I2C_num                                  0x10000054   Data           4  i2c.o(.data)
    I2C_end                                  0x10000058   Data           1  i2c.o(.data)
    I2C_suba_en                              0x10000059   Data           1  i2c.o(.data)
    lhost_name                               0x1000005a   Data          16  net_config.o(.data)
    own_hw_adr                               0x1000006a   Data           6  net_config.o(.data)
    timer0_counter                           0x10000070   Data           4  timer.o(.data)
    timer1_counter                           0x10000074   Data           4  timer.o(.data)
    relays                                   0x100000a4   Data          16  main.o(.bss)
    dtmfDataString                           0x100000b4   Data          10  main.o(.bss)
    localm                                   0x10003430   Data          60  at_system.o(.bss)
    sys_control                              0x1000346c   Data          16  at_system.o(.bss)
    __libspace_start                         0x1000347c   Data          96  libspace.o(.bss)
    __temporary_stack_top$libspace           0x100034dc   Data           0  libspace.o(.bss)
    iap_entry                                0x2007c000   Data           4  emac_lpc17xx.o(.data)



==============================================================================

Memory Map of the image

  Image Entry point : 0x000000cd

  Load Region LR_IROM1 (Base: 0x00000000, Size: 0x00055dc4, Max: 0x00080000, ABSOLUTE)

    Execution Region ER_IROM1 (Base: 0x00000000, Size: 0x00055d18, Max: 0x00080000, ABSOLUTE)

    Base Addr    Size         Type   Attr      Idx    E Section Name        Object

    0x00000000   0x000000cc   Data   RO          273    RESET               startup_lpc17xx.o
    0x000000cc   0x00000008   Code   RO         1176  * !!!main             c_w.l(__main.o)
    0x000000d4   0x00000034   Code   RO         1382    !!!scatter          c_w.l(__scatter.o)
    0x00000108   0x0000001a   Code   RO         1384    !!handler_copy      c_w.l(__scatter_copy.o)
    0x00000122   0x00000002   PAD
    0x00000124   0x0000001c   Code   RO         1386    !!handler_zi        c_w.l(__scatter_zi.o)
    0x00000140   0x00000000   Code   RO         1163    .ARM.Collect$$_printf_percent$$00000000  c_w.l(_printf_percent.o)
    0x00000140   0x00000006   Code   RO         1160    .ARM.Collect$$_printf_percent$$00000001  c_w.l(_printf_n.o)
    0x00000146   0x00000006   Code   RO         1161    .ARM.Collect$$_printf_percent$$00000002  c_w.l(_printf_p.o)
    0x0000014c   0x00000006   Code   RO         1162    .ARM.Collect$$_printf_percent$$00000009  c_w.l(_printf_d.o)
    0x00000152   0x00000006   Code   RO         1159    .ARM.Collect$$_printf_percent$$00000014  c_w.l(_printf_s.o)
    0x00000158   0x00000004   Code   RO         1196    .ARM.Collect$$_printf_percent$$00000017  c_w.l(_printf_percent_end.o)
    0x0000015c   0x00000002   Code   RO         1256    .ARM.Collect$$libinit$$00000000  c_w.l(libinit.o)
    0x0000015e   0x00000000   Code   RO         1266    .ARM.Collect$$libinit$$00000002  c_w.l(libinit2.o)
    0x0000015e   0x00000000   Code   RO         1268    .ARM.Collect$$libinit$$00000004  c_w.l(libinit2.o)
    0x0000015e   0x00000000   Code   RO         1271    .ARM.Collect$$libinit$$0000000A  c_w.l(libinit2.o)
    0x0000015e   0x00000000   Code   RO         1273    .ARM.Collect$$libinit$$0000000C  c_w.l(libinit2.o)
    0x0000015e   0x00000000   Code   RO         1275    .ARM.Collect$$libinit$$0000000E  c_w.l(libinit2.o)
    0x0000015e   0x00000006   Code   RO         1276    .ARM.Collect$$libinit$$0000000F  c_w.l(libinit2.o)
    0x00000164   0x00000000   Code   RO         1278    .ARM.Collect$$libinit$$00000011  c_w.l(libinit2.o)
    0x00000164   0x0000000c   Code   RO         1279    .ARM.Collect$$libinit$$00000012  c_w.l(libinit2.o)
    0x00000170   0x00000000   Code   RO         1280    .ARM.Collect$$libinit$$00000013  c_w.l(libinit2.o)
    0x00000170   0x00000000   Code   RO         1282    .ARM.Collect$$libinit$$00000015  c_w.l(libinit2.o)
    0x00000170   0x00000000   Code   RO         1284    .ARM.Collect$$libinit$$00000017  c_w.l(libinit2.o)
    0x00000170   0x00000000   Code   RO         1286    .ARM.Collect$$libinit$$00000019  c_w.l(libinit2.o)
    0x00000170   0x00000000   Code   RO         1288    .ARM.Collect$$libinit$$0000001B  c_w.l(libinit2.o)
    0x00000170   0x00000000   Code   RO         1290    .ARM.Collect$$libinit$$0000001D  c_w.l(libinit2.o)
    0x00000170   0x00000000   Code   RO         1292    .ARM.Collect$$libinit$$0000001F  c_w.l(libinit2.o)
    0x00000170   0x00000000   Code   RO         1294    .ARM.Collect$$libinit$$00000021  c_w.l(libinit2.o)
    0x00000170   0x00000000   Code   RO         1296    .ARM.Collect$$libinit$$00000023  c_w.l(libinit2.o)
    0x00000170   0x00000000   Code   RO         1298    .ARM.Collect$$libinit$$00000025  c_w.l(libinit2.o)
    0x00000170   0x00000000   Code   RO         1302    .ARM.Collect$$libinit$$0000002C  c_w.l(libinit2.o)
    0x00000170   0x00000000   Code   RO         1304    .ARM.Collect$$libinit$$0000002E  c_w.l(libinit2.o)
    0x00000170   0x00000000   Code   RO         1306    .ARM.Collect$$libinit$$00000030  c_w.l(libinit2.o)
    0x00000170   0x00000000   Code   RO         1308    .ARM.Collect$$libinit$$00000032  c_w.l(libinit2.o)
    0x00000170   0x00000002   Code   RO         1309    .ARM.Collect$$libinit$$00000033  c_w.l(libinit2.o)
    0x00000172   0x00000002   Code   RO         1340    .ARM.Collect$$libshutdown$$00000000  c_w.l(libshutdown.o)
    0x00000174   0x00000000   Code   RO         1366    .ARM.Collect$$libshutdown$$00000002  c_w.l(libshutdown2.o)
    0x00000174   0x00000000   Code   RO         1368    .ARM.Collect$$libshutdown$$00000004  c_w.l(libshutdown2.o)
    0x00000174   0x00000000   Code   RO         1371    .ARM.Collect$$libshutdown$$00000007  c_w.l(libshutdown2.o)
    0x00000174   0x00000000   Code   RO         1374    .ARM.Collect$$libshutdown$$0000000A  c_w.l(libshutdown2.o)
    0x00000174   0x00000000   Code   RO         1376    .ARM.Collect$$libshutdown$$0000000C  c_w.l(libshutdown2.o)
    0x00000174   0x00000000   Code   RO         1379    .ARM.Collect$$libshutdown$$0000000F  c_w.l(libshutdown2.o)
    0x00000174   0x00000002   Code   RO         1380    .ARM.Collect$$libshutdown$$00000010  c_w.l(libshutdown2.o)
    0x00000176   0x00000000   Code   RO         1178    .ARM.Collect$$rtentry$$00000000  c_w.l(__rtentry.o)
    0x00000176   0x00000000   Code   RO         1209    .ARM.Collect$$rtentry$$00000002  c_w.l(__rtentry2.o)
    0x00000176   0x00000006   Code   RO         1221    .ARM.Collect$$rtentry$$00000004  c_w.l(__rtentry4.o)
    0x0000017c   0x00000000   Code   RO         1211    .ARM.Collect$$rtentry$$00000009  c_w.l(__rtentry2.o)
    0x0000017c   0x00000004   Code   RO         1212    .ARM.Collect$$rtentry$$0000000A  c_w.l(__rtentry2.o)
    0x00000180   0x00000000   Code   RO         1214    .ARM.Collect$$rtentry$$0000000C  c_w.l(__rtentry2.o)
    0x00000180   0x00000008   Code   RO         1215    .ARM.Collect$$rtentry$$0000000D  c_w.l(__rtentry2.o)
    0x00000188   0x00000002   Code   RO         1257    .ARM.Collect$$rtexit$$00000000  c_w.l(rtexit.o)
    0x0000018a   0x00000000   Code   RO         1313    .ARM.Collect$$rtexit$$00000002  c_w.l(rtexit2.o)
    0x0000018a   0x00000004   Code   RO         1314    .ARM.Collect$$rtexit$$00000003  c_w.l(rtexit2.o)
    0x0000018e   0x00000006   Code   RO         1315    .ARM.Collect$$rtexit$$00000004  c_w.l(rtexit2.o)
    0x00000194   0x00000040   Code   RO          275    .text               startup_lpc17xx.o
    0x000001d4   0x0000002c   Code   RO         1104    .text               c_w.l(__2sprintf.o)
    0x00000200   0x0000004e   Code   RO         1110    .text               c_w.l(_printf_pad.o)
    0x0000024e   0x00000052   Code   RO         1112    .text               c_w.l(_printf_str.o)
    0x000002a0   0x00000028   Code   RO         1116    .text               c_w.l(_printf_charcount.o)
    0x000002c8   0x0000001a   Code   RO         1168    .text               c_w.l(atoi.o)
    0x000002e2   0x00000006   Code   RO         1174    .text               c_w.l(heapauxi.o)
    0x000002e8   0x00000008   Code   RO         1186    .text               c_w.l(rt_errno_addr_intlibspace.o)
    0x000002f0   0x0000000a   Code   RO         1192    .text               c_w.l(_sputc.o)
    0x000002fa   0x00000002   Code   RO         1329    .text               c_w.l(use_no_semi.o)
    0x000002fc   0x00000004   Code   RO          274    .ARM.__at_0x02FC    startup_lpc17xx.o
    0x00000300   0x00000078   Code   RO         1114    .text               c_w.l(_printf_dec.o)
    0x00000378   0x00000054   Code   RO         1127    .text               c_w.l(_printf_hex_ptr.o)
    0x000003cc   0x00000188   Code   RO         1156    .text               c_w.l(__printf_flags_ss_wp.o)
    0x00000554   0x0000003c   Code   RO         1164    .text               c_w.l(__0sscanf.o)
    0x00000590   0x0000014c   Code   RO         1166    .text               c_w.l(_scanf_int.o)
    0x000006dc   0x0000003e   Code   RO         1170    .text               c_w.l(strlen.o)
    0x0000071a   0x00000002   PAD
    0x0000071c   0x00000080   Code   RO         1172    .text               c_w.l(strcmpv7m.o)
    0x0000079c   0x000000b2   Code   RO         1188    .text               c_w.l(_printf_intcommon.o)
    0x0000084e   0x00000002   PAD
    0x00000850   0x00000030   Code   RO         1190    .text               c_w.l(_printf_char_common.o)
    0x00000880   0x0000002c   Code   RO         1194    .text               c_w.l(_printf_char.o)
    0x000008ac   0x0000001c   Code   RO         1197    .text               c_w.l(_chval.o)
    0x000008c8   0x0000002c   Code   RO         1199    .text               c_w.l(scanf_char.o)
    0x000008f4   0x00000040   Code   RO         1201    .text               c_w.l(_sgetc.o)
    0x00000934   0x00000070   Code   RO         1203    .text               c_w.l(strtol.o)
    0x000009a4   0x00000008   Code   RO         1205    .text               c_w.l(libspace.o)
    0x000009ac   0x00000010   Code   RO         1223    .text               c_w.l(rt_ctype_table.o)
    0x000009bc   0x00000012   Code   RO         1227    .text               c_w.l(isspace.o)
    0x000009ce   0x00000002   PAD
    0x000009d0   0x00000374   Code   RO         1231    .text               c_w.l(_scanf.o)
    0x00000d44   0x0000009e   Code   RO         1233    .text               c_w.l(_strtoul.o)
    0x00000de2   0x0000004a   Code   RO         1235    .text               c_w.l(sys_stackheap_outer.o)
    0x00000e2c   0x00000008   Code   RO         1240    .text               c_w.l(rt_locale_intlibspace.o)
    0x00000e34   0x00000012   Code   RO         1245    .text               c_w.l(exit.o)
    0x00000e46   0x00000002   PAD
    0x00000e48   0x0000000c   Code   RO         1310    .text               c_w.l(sys_exit.o)
    0x00000e54   0x00000000   Code   RO         1331    .text               c_w.l(indicate_semi.o)
    0x00000e54   0x0000001e   Code   RO            3    i.Delay             main.o
    0x00000e72   0x00000002   PAD
    0x00000e74   0x00000200   Code   RO            4    i.EINT3_IRQHandler  main.o
    0x00001074   0x000000b8   Code   RO          457    i.ENET_IRQHandler   emac_lpc17xx.o
    0x0000112c   0x00000224   Code   RO          348    i.I2C0_IRQHandler   i2c.o
    0x00001350   0x00000064   Code   RO          349    i.I2CInit           i2c.o
    0x000013b4   0x00000016   Code   RO            6    i.NVIC_EnableIRQ    main.o
    0x000013ca   0x00000002   PAD
    0x000013cc   0x00000140   Code   RO          235    i.SystemInit        system_lpc17xx.o
    0x0000150c   0x00000030   Code   RO            7    i.TIMER0_IRQHandler  main.o
    0x0000153c   0x0000001c   Code   RO          597    i.TIMER1_IRQHandler  timer.o
    0x00001558   0x0000001c   Code   RO            8    i.UART0_IRQHandler  main.o
    0x00001574   0x0000000e   Code   RO         1149    i._is_digit         c_w.l(__printf_wp.o)
    0x00001582   0x00000002   PAD
    0x00001584   0x00000034   Code   RO          802    i.add_server_id     TCP_CM3.lib(at_http.o)
    0x000015b8   0x000000b8   Code   RO          995    i.alloc_mem         TCP_CM3.lib(at_mem.o)
    0x00001670   0x00000020   Code   RO            9    i.answer_the_call   main.o
    0x00001690   0x000000b8   Code   RO         1030    i.arp_cache_add     TCP_CM3.lib(at_arp.o)
    0x00001748   0x00000088   Code   RO         1031    i.arp_cache_alloc   TCP_CM3.lib(at_arp.o)
    0x000017d0   0x00000098   Code   RO         1032    i.arp_cache_early   TCP_CM3.lib(at_arp.o)
    0x00001868   0x000000b4   Code   RO         1033    i.arp_cache_find    TCP_CM3.lib(at_arp.o)
    0x0000191c   0x000000f4   Code   RO         1036    i.arp_cache_update  TCP_CM3.lib(at_arp.o)
    0x00001a10   0x0000002c   Code   RO         1039    i.arp_init          TCP_CM3.lib(at_arp.o)
    0x00001a3c   0x00000034   Code   RO         1040    i.arp_is_cacheable  TCP_CM3.lib(at_arp.o)
    0x00001a70   0x00000028   Code   RO         1041    i.arp_notify        TCP_CM3.lib(at_arp.o)
    0x00001a98   0x00000014   Code   RO         1042    i.arp_probe         TCP_CM3.lib(at_arp.o)
    0x00001aac   0x00000088   Code   RO         1043    i.arp_proc_response  TCP_CM3.lib(at_arp.o)
    0x00001b34   0x00000138   Code   RO         1044    i.arp_process       TCP_CM3.lib(at_arp.o)
    0x00001c6c   0x000000a0   Code   RO         1045    i.arp_send_reply    TCP_CM3.lib(at_arp.o)
    0x00001d0c   0x000000b8   Code   RO         1046    i.arp_send_request  TCP_CM3.lib(at_arp.o)
    0x00001dc4   0x0000001c   Code   RO          996    i.avail_mem         TCP_CM3.lib(at_mem.o)
    0x00001de0   0x00000078   Code   RO          940    i.b64_to_asc        TCP_CM3.lib(at_lib.o)
    0x00001e58   0x00000012   Code   RO          942    i.calc_chksum16be   TCP_CM3.lib(at_lib.o)
    0x00001e6a   0x00000002   PAD
    0x00001e6c   0x00000084   Code   RO          298    i.cgi_func          http_cgi.o
    0x00001ef0   0x00000134   Code   RO          299    i.cgi_process_data  http_cgi.o
    0x00002024   0x00000194   Code   RO          300    i.cgi_process_var   http_cgi.o
    0x000021b8   0x00000004   Code   RO          803    i.cgx_content_type  TCP_CM3.lib(at_http.o)
    0x000021bc   0x00000034   Code   RO           10    i.changeRelaysStateOnBoard  main.o
    0x000021f0   0x000001cc   Code   RO          804    i.chk_post_req      TCP_CM3.lib(at_http.o)
    0x000023bc   0x00000028   Code   RO          943    i.chksum16_buf      TCP_CM3.lib(at_lib.o)
    0x000023e4   0x0000000a   Code   RO          944    i.chksum16_val      TCP_CM3.lib(at_lib.o)
    0x000023ee   0x0000001e   Code   RO          805    i.cmp_fname_ext     TCP_CM3.lib(at_http.o)
    0x0000240c   0x00000028   Code   RO          806    i.cmp_header        TCP_CM3.lib(at_http.o)
    0x00002434   0x00000070   Code   RO          551    i.command           display4bit.o
    0x000024a4   0x0000001e   Code   RO           11    i.delay_main        main.o
    0x000024c2   0x00000002   Code   RO          894    i.dhcp_cbfunc       TCP_CM3.lib(at_dhcp.o)
    0x000024c4   0x00000080   Code   RO           13    i.dhcp_check        main.o
    0x00002544   0x0000003c   Code   RO          895    i.dhcp_disable      TCP_CM3.lib(at_dhcp.o)
    0x00002580   0x00000050   Code   RO          896    i.dhcp_init         TCP_CM3.lib(at_dhcp.o)
    0x000025d0   0x000001fc   Code   RO          897    i.dhcp_listener     TCP_CM3.lib(at_dhcp.o)
    0x000027cc   0x000001c4   Code   RO          898    i.dhcp_run_client   TCP_CM3.lib(at_dhcp.o)
    0x00002990   0x00000210   Code   RO          899    i.dhcp_send_message  TCP_CM3.lib(at_dhcp.o)
    0x00002ba0   0x0000000c   Code   RO          552    i.ds_delay          display4bit.o
    0x00002bac   0x00000010   Code   RO          919    i.eth_chk_adr       TCP_CM3.lib(at_ethernet.o)
    0x00002bbc   0x00000034   Code   RO          921    i.eth_init_link     TCP_CM3.lib(at_ethernet.o)
    0x00002bf0   0x000000d4   Code   RO          922    i.eth_run_link      TCP_CM3.lib(at_ethernet.o)
    0x00002cc4   0x000000a8   Code   RO          923    i.eth_send_frame    TCP_CM3.lib(at_ethernet.o)
    0x00002d6c   0x00000020   Code   RO           14    i.finish_the_call   main.o
    0x00002d8c   0x00000084   Code   RO          997    i.free_mem          TCP_CM3.lib(at_mem.o)
    0x00002e10   0x00000028   Code   RO          946    i.get_crc32         TCP_CM3.lib(at_lib.o)
    0x00002e38   0x00000068   Code   RO          807    i.get_file_type     TCP_CM3.lib(at_http.o)
    0x00002ea0   0x00000028   Code   RO          808    i.get_next_field    TCP_CM3.lib(at_http.o)
    0x00002ec8   0x00000032   Code   RO          809    i.get_next_par      TCP_CM3.lib(at_http.o)
    0x00002efa   0x00000002   PAD
    0x00002efc   0x0000001c   Code   RO         1015    i.get_rnd32         TCP_CM3.lib(at_system.o)
    0x00002f18   0x0000002c   Code   RO           16    i.gpio_interrupt_set  main.o
    0x00002f44   0x00000012   Code   RO          810    i.hex2byte          TCP_CM3.lib(at_http.o)
    0x00002f56   0x00000004   Code   RO          811    i.http_accept_host  TCP_CM3.lib(at_http.o)
    0x00002f5a   0x00000002   PAD
    0x00002f5c   0x000002fc   Code   RO          812    i.http_add_header   TCP_CM3.lib(at_http.o)
    0x00003258   0x00000004   Code   RO          813    i.http_check_account  TCP_CM3.lib(at_http.o)
    0x0000325c   0x00000004   Code   RO          815    i.http_encoding     TCP_CM3.lib(at_http.o)
    0x00003260   0x00000188   Code   RO          816    i.http_error_msg    TCP_CM3.lib(at_http.o)
    0x000033e8   0x00000002   Code   RO         1084    i.http_fclose       TCP_CM3.lib(at_http_uif.o)
    0x000033ea   0x00000004   Code   RO         1085    i.http_fgets        TCP_CM3.lib(at_http_uif.o)
    0x000033ee   0x00000004   Code   RO          817    i.http_file_access  TCP_CM3.lib(at_http.o)
    0x000033f2   0x00000004   Code   RO         1086    i.http_finfo        TCP_CM3.lib(at_http_uif.o)
    0x000033f6   0x00000004   Code   RO         1087    i.http_fopen        TCP_CM3.lib(at_http_uif.o)
    0x000033fa   0x00000004   Code   RO         1088    i.http_fread        TCP_CM3.lib(at_http_uif.o)
    0x000033fe   0x00000002   PAD
    0x00003400   0x0000006c   Code   RO          823    i.http_get_var      TCP_CM3.lib(at_http.o)
    0x0000346c   0x00000050   Code   RO          824    i.http_init         TCP_CM3.lib(at_http.o)
    0x000034bc   0x0000005e   Code   RO          825    i.http_kill_session  TCP_CM3.lib(at_http.o)
    0x0000351a   0x00000002   PAD
    0x0000351c   0x00000224   Code   RO          826    i.http_listener     TCP_CM3.lib(at_http.o)
    0x00003740   0x00000120   Code   RO          827    i.http_open_file    TCP_CM3.lib(at_http.o)
    0x00003860   0x00000154   Code   RO          828    i.http_proc_header  TCP_CM3.lib(at_http.o)
    0x000039b4   0x0000017c   Code   RO          829    i.http_proc_multipart  TCP_CM3.lib(at_http.o)
    0x00003b30   0x000000f8   Code   RO          830    i.http_proc_post    TCP_CM3.lib(at_http.o)
    0x00003c28   0x0000033c   Code   RO          831    i.http_run_server   TCP_CM3.lib(at_http.o)
    0x00003f64   0x0000001e   Code   RO          832    i.http_strcpy       TCP_CM3.lib(at_http.o)
    0x00003f82   0x00000002   PAD
    0x00003f84   0x000000a8   Code   RO          833    i.http_to_utc       TCP_CM3.lib(at_http.o)
    0x0000402c   0x00000010   Code   RO          680    i.icmp_init         TCP_CM3.lib(at_icmp.o)
    0x0000403c   0x000000cc   Code   RO          682    i.icmp_process      TCP_CM3.lib(at_icmp.o)
    0x00004108   0x00000048   Code   RO          683    i.icmp_run_engine   TCP_CM3.lib(at_icmp.o)
    0x00004150   0x00000070   Code   RO          684    i.icmp_send_message  TCP_CM3.lib(at_icmp.o)
    0x000041c0   0x00000038   Code   RO          998    i.ifree_mem         TCP_CM3.lib(at_mem.o)
    0x000041f8   0x00000004   Code   RO          392    i.igmp_is_member    net_config.o
    0x000041fc   0x00000002   Code   RO          393    i.igmp_process      net_config.o
    0x000041fe   0x00000002   PAD
    0x00004200   0x0000004c   Code   RO           17    i.init              main.o
    0x0000424c   0x00000030   Code   RO         1016    i.init_TcpNet       TCP_CM3.lib(at_system.o)
    0x0000427c   0x00000238   Code   RO          458    i.init_ethernet     emac_lpc17xx.o
    0x000044b4   0x00000060   Code   RO          999    i.init_mem          TCP_CM3.lib(at_mem.o)
    0x00004514   0x00000026   Code   RO          394    i.init_system       net_config.o
    0x0000453a   0x00000002   PAD
    0x0000453c   0x00000038   Code   RO          459    i.input_MDIO        emac_lpc17xx.o
    0x00004574   0x00000018   Code   RO          460    i.int_disable_eth   emac_lpc17xx.o
    0x0000458c   0x00000016   Code   RO          461    i.int_enable_eth    emac_lpc17xx.o
    0x000045a2   0x00000002   PAD
    0x000045a4   0x00000064   Code   RO           18    i.invertRelay       main.o
    0x00004608   0x000000c8   Code   RO          660    i.ip_chk_frame      TCP_CM3.lib(at_ip.o)
    0x000046d0   0x0000000a   Code   RO          661    i.ip_get_chksum     TCP_CM3.lib(at_ip.o)
    0x000046da   0x00000002   PAD
    0x000046dc   0x000000b8   Code   RO          662    i.ip_get_locadr     TCP_CM3.lib(at_ip.o)
    0x00004794   0x0000000c   Code   RO          663    i.ip_init           TCP_CM3.lib(at_ip.o)
    0x000047a0   0x0000005c   Code   RO          664    i.ip_run_local      TCP_CM3.lib(at_ip.o)
    0x000047fc   0x00000150   Code   RO          665    i.ip_send_frame     TCP_CM3.lib(at_ip.o)
    0x0000494c   0x00000014   Code   RO          947    i.is_subnet         TCP_CM3.lib(at_lib.o)
    0x00004960   0x00000138   Code   RO          553    i.lcd_init_4bit     display4bit.o
    0x00004a98   0x00000070   Code   RO          554    i.lcd_putchar       display4bit.o
    0x00004b08   0x00000018   Code   RO          555    i.lcd_putsf         display4bit.o
    0x00004b20   0x00000034   Code   RO           19    i.main              main.o
    0x00004b54   0x00000064   Code   RO         1017    i.main_TcpNet       TCP_CM3.lib(at_system.o)
    0x00004bb8   0x00000018   Code   RO          948    i.mem_comp          TCP_CM3.lib(at_lib.o)
    0x00004bd0   0x00000016   Code   RO          949    i.mem_copy          TCP_CM3.lib(at_lib.o)
    0x00004be6   0x00000020   Code   RO          950    i.mem_crc32         TCP_CM3.lib(at_lib.o)
    0x00004c06   0x0000000a   Code   RO          952    i.mem_set           TCP_CM3.lib(at_lib.o)
    0x00004c10   0x00000014   Code   RO          953    i.mem_test          TCP_CM3.lib(at_lib.o)
    0x00004c24   0x00000028   Code   RO          882    i.nbns_init         TCP_CM3.lib(at_nbns.o)
    0x00004c4c   0x00000160   Code   RO          883    i.nbns_listener     TCP_CM3.lib(at_nbns.o)
    0x00004dac   0x00000016   Code   RO          955    i.nrd_u32be         TCP_CM3.lib(at_lib.o)
    0x00004dc2   0x00000008   Code   RO          956    i.nwr_u16be         TCP_CM3.lib(at_lib.o)
    0x00004dca   0x00000010   Code   RO          957    i.nwr_u32be         TCP_CM3.lib(at_lib.o)
    0x00004dda   0x00000002   PAD
    0x00004ddc   0x0000004c   Code   RO          462    i.output_MDIO       emac_lpc17xx.o
    0x00004e28   0x00000004   Code   RO          395    i.ppp_send_frame    net_config.o
    0x00004e2c   0x00000068   Code   RO          900    i.proc_opt_renew    TCP_CM3.lib(at_dhcp.o)
    0x00004e94   0x000000e0   Code   RO          901    i.proc_opt_req      TCP_CM3.lib(at_dhcp.o)
    0x00004f74   0x00000034   Code   RO          902    i.proc_opt_sel      TCP_CM3.lib(at_dhcp.o)
    0x00004fa8   0x00000028   Code   RO          834    i.proc_req_line     TCP_CM3.lib(at_http.o)
    0x00004fd0   0x00000028   Code   RO          924    i.put_in_queue      TCP_CM3.lib(at_ethernet.o)
    0x00004ff8   0x0000008c   Code   RO          463    i.read_PHY          emac_lpc17xx.o
    0x00005084   0x000000a0   Code   RO          835    i.read_script_line  TCP_CM3.lib(at_http.o)
    0x00005124   0x00000048   Code   RO         1000    i.resize_mem        TCP_CM3.lib(at_mem.o)
    0x0000516c   0x0000001e   Code   RO          396    i.run_system        net_config.o
    0x0000518a   0x00000002   PAD
    0x0000518c   0x00000068   Code   RO          464    i.rx_descr_init     emac_lpc17xx.o
    0x000051f4   0x0000004c   Code   RO          836    i.search_delim      TCP_CM3.lib(at_http.o)
    0x00005240   0x00000048   Code   RO          465    i.send_frame        emac_lpc17xx.o
    0x00005288   0x00000028   Code   RO           21    i.showCallerNumberOnDisplay  main.o
    0x000052b0   0x00000048   Code   RO           22    i.showRelaysStatusOnDisplay  main.o
    0x000052f8   0x00000040   Code   RO           23    i.showStatusOnDisplay  main.o
    0x00005338   0x00000028   Code   RO           24    i.showToneCodeOnDisplay  main.o
    0x00005360   0x00000018   Code   RO           25    i.show_massage_to_display  main.o
    0x00005378   0x00000040   Code   RO           26    i.show_number_in_lcd  main.o
    0x000053b8   0x00000004   Code   RO          397    i.slip_send_frame   net_config.o
    0x000053bc   0x00000012   Code   RO          958    i.str_copy          TCP_CM3.lib(at_lib.o)
    0x000053ce   0x0000001a   Code   RO          959    i.str_crc32         TCP_CM3.lib(at_lib.o)
    0x000053e8   0x00000016   Code   RO          960    i.str_pos           TCP_CM3.lib(at_lib.o)
    0x000053fe   0x0000001a   Code   RO          961    i.str_scomp         TCP_CM3.lib(at_lib.o)
    0x00005418   0x0000001a   Code   RO          963    i.str_up_case       TCP_CM3.lib(at_lib.o)
    0x00005432   0x00000024   Code   RO          399    i.sys_error         net_config.o
    0x00005456   0x00000002   PAD
    0x00005458   0x00000050   Code   RO          698    i.tcp_abort         TCP_CM3.lib(at_tcp.o)
    0x000054a8   0x0000009c   Code   RO          700    i.tcp_close         TCP_CM3.lib(at_tcp.o)
    0x00005544   0x00000020   Code   RO          703    i.tcp_get_buf       TCP_CM3.lib(at_tcp.o)
    0x00005564   0x0000004c   Code   RO          705    i.tcp_get_socket    TCP_CM3.lib(at_tcp.o)
    0x000055b0   0x00000024   Code   RO          706    i.tcp_get_state     TCP_CM3.lib(at_tcp.o)
    0x000055d4   0x00000018   Code   RO          707    i.tcp_init          TCP_CM3.lib(at_tcp.o)
    0x000055ec   0x0000006c   Code   RO          709    i.tcp_listen        TCP_CM3.lib(at_tcp.o)
    0x00005658   0x00000098   Code   RO          710    i.tcp_map_socket    TCP_CM3.lib(at_tcp.o)
    0x000056f0   0x00000024   Code   RO          711    i.tcp_max_dsize     TCP_CM3.lib(at_tcp.o)
    0x00005714   0x0000005e   Code   RO          713    i.tcp_parse_opt     TCP_CM3.lib(at_tcp.o)
    0x00005772   0x00000002   PAD
    0x00005774   0x00000284   Code   RO          714    i.tcp_poll_sockets  TCP_CM3.lib(at_tcp.o)
    0x000059f8   0x000000c8   Code   RO          715    i.tcp_proc_acknr    TCP_CM3.lib(at_tcp.o)
    0x00005ac0   0x00000052   Code   RO          716    i.tcp_proc_dupack   TCP_CM3.lib(at_tcp.o)
    0x00005b12   0x00000002   PAD
    0x00005b14   0x000004b8   Code   RO          717    i.tcp_process       TCP_CM3.lib(at_tcp.o)
    0x00005fcc   0x0000001a   Code   RO          718    i.tcp_que_free      TCP_CM3.lib(at_tcp.o)
    0x00005fe6   0x0000001a   Code   RO          719    i.tcp_que_init      TCP_CM3.lib(at_tcp.o)
    0x00006000   0x00000094   Code   RO          720    i.tcp_que_resend    TCP_CM3.lib(at_tcp.o)
    0x00006094   0x000000d4   Code   RO          724    i.tcp_send          TCP_CM3.lib(at_tcp.o)
    0x00006168   0x0000006a   Code   RO          725    i.tcp_send_ctrl     TCP_CM3.lib(at_tcp.o)
    0x000061d2   0x00000050   Code   RO          726    i.tcp_send_data     TCP_CM3.lib(at_tcp.o)
    0x00006222   0x00000068   Code   RO          727    i.tcp_send_reset    TCP_CM3.lib(at_tcp.o)
    0x0000628a   0x00000026   Code   RO          728    i.tcp_set_cwnd      TCP_CM3.lib(at_tcp.o)
    0x000062b0   0x00000068   Code   RO          729    i.tcp_transit       TCP_CM3.lib(at_tcp.o)
    0x00006318   0x000000c4   Code   RO          730    i.tcp_write         TCP_CM3.lib(at_tcp.o)
    0x000063dc   0x00000024   Code   RO           27    i.timer0Inir        main.o
    0x00006400   0x00000020   Code   RO           28    i.timer_poll        main.o
    0x00006420   0x00000014   Code   RO         1018    i.timer_tick        TCP_CM3.lib(at_system.o)
    0x00006434   0x0000002c   Code   RO          466    i.turnaround_MDIO   emac_lpc17xx.o
    0x00006460   0x0000005c   Code   RO          467    i.tx_descr_init     emac_lpc17xx.o
    0x000064bc   0x00000074   Code   RO           29    i.uartInit          main.o
    0x00006530   0x0000002c   Code   RO          771    i.udp_close         TCP_CM3.lib(at_udp.o)
    0x0000655c   0x00000020   Code   RO          773    i.udp_get_buf       TCP_CM3.lib(at_udp.o)
    0x0000657c   0x00000044   Code   RO          774    i.udp_get_socket    TCP_CM3.lib(at_udp.o)
    0x000065c0   0x00000018   Code   RO          775    i.udp_init          TCP_CM3.lib(at_udp.o)
    0x000065d8   0x00000068   Code   RO          778    i.udp_open          TCP_CM3.lib(at_udp.o)
    0x00006640   0x0000002c   Code   RO          779    i.udp_port_in_use   TCP_CM3.lib(at_udp.o)
    0x0000666c   0x000000b8   Code   RO          780    i.udp_process       TCP_CM3.lib(at_udp.o)
    0x00006724   0x00000030   Code   RO          781    i.udp_release_socket  TCP_CM3.lib(at_udp.o)
    0x00006754   0x0000011c   Code   RO          782    i.udp_send          TCP_CM3.lib(at_udp.o)
    0x00006870   0x00000020   Code   RO           30    i.updateDisplay     main.o
    0x00006890   0x000000e0   Code   RO          837    i.utc_to_http       TCP_CM3.lib(at_http.o)
    0x00006970   0x00000088   Code   RO          468    i.write_PHY         emac_lpc17xx.o
    0x000069f8   0x0000002c   Code   RO         1243    locale$$code        c_w.l(lc_ctype_c.o)
    0x00006a24   0x0004edac   Data   RO          281    .constdata          web.o
    0x000557d0   0x00000098   Data   RO          401    .constdata          net_config.o
    0x00055868   0x00000008   Data   RO          666    .constdata          TCP_CM3.lib(at_ip.o)
    0x00055870   0x000000f4   Data   RO          838    .constdata          TCP_CM3.lib(at_http.o)
    0x00055964   0x00000008   Data   RO          884    .constdata          TCP_CM3.lib(at_nbns.o)
    0x0005596c   0x00000006   Data   RO          926    .constdata          TCP_CM3.lib(at_ethernet.o)
    0x00055972   0x00000006   Data   RO         1047    .constdata          TCP_CM3.lib(at_arp.o)
    0x00055978   0x00000056   Data   RO         1072    .constdata          TCP_CM3.lib(http_err.o)
    0x000559ce   0x00000051   Data   RO         1073    .constdata          TCP_CM3.lib(http_err.o)
    0x00055a1f   0x0000004e   Data   RO         1074    .constdata          TCP_CM3.lib(http_err.o)
    0x00055a6d   0x0000004b   Data   RO         1075    .constdata          TCP_CM3.lib(http_err.o)
    0x00055ab8   0x0000002f   Data   RO         1076    .constdata          TCP_CM3.lib(http_err.o)
    0x00055ae7   0x00000088   Data   RO         1077    .constdata          TCP_CM3.lib(http_err.o)
    0x00055b6f   0x00000028   Data   RO         1128    .constdata          c_w.l(_printf_hex_ptr.o)
    0x00055b97   0x00000011   Data   RO         1157    .constdata          c_w.l(__printf_flags_ss_wp.o)
    0x00055ba8   0x0000001d   Data   RO          402    .conststring        net_config.o
    0x00055bc5   0x00000003   PAD
    0x00055bc8   0x00000040   Data   RO         1381    Region$$Table       anon$$obj.o
    0x00055c08   0x00000110   Data   RO         1242    locale$$data        c_w.l(lc_ctype_c.o)


    Execution Region RW_IRAM1 (Base: 0x10000000, Size: 0x00003ee0, Max: 0x00008000, ABSOLUTE)

    Base Addr    Size         Type   Attr      Idx    E Section Name        Object

    0x10000000   0x0000003c   Data   RW           32    .data               main.o
    0x1000003c   0x00000004   Data   RW          236    .data               system_lpc17xx.o
    0x10000040   0x00000001   Data   RW          302    .data               http_cgi.o
    0x10000041   0x00000003   PAD
    0x10000044   0x00000016   Data   RW          353    .data               i2c.o
    0x1000005a   0x00000016   Data   RW          403    .data               net_config.o
    0x10000070   0x00000008   Data   RW          603    .data               timer.o
    0x10000078   0x0000000c   Data   RW          667    .data               TCP_CM3.lib(at_ip.o)
    0x10000084   0x00000004   Data   RW          731    .data               TCP_CM3.lib(at_tcp.o)
    0x10000088   0x00000002   Data   RW          783    .data               TCP_CM3.lib(at_udp.o)
    0x1000008a   0x00000002   PAD
    0x1000008c   0x0000000c   Data   RW          839    .data               TCP_CM3.lib(at_http.o)
    0x10000098   0x00000001   Data   RW          885    .data               TCP_CM3.lib(at_nbns.o)
    0x10000099   0x00000003   PAD
    0x1000009c   0x00000008   Data   RW         1048    .data               TCP_CM3.lib(at_arp.o)
    0x100000a4   0x0000001a   Zero   RW           31    .bss                main.o
    0x100000be   0x00000002   PAD
    0x100000c0   0x000032ac   Zero   RW          400    .bss                net_config.o
    0x1000336c   0x00000010   Zero   RW          685    .bss                TCP_CM3.lib(at_icmp.o)
    0x1000337c   0x00000020   Zero   RW          903    .bss                TCP_CM3.lib(at_dhcp.o)
    0x1000339c   0x00000084   Zero   RW          925    .bss                TCP_CM3.lib(at_ethernet.o)
    0x10003420   0x00000010   Zero   RW         1001    .bss                TCP_CM3.lib(at_mem.o)
    0x10003430   0x0000004c   Zero   RW         1019    .bss                TCP_CM3.lib(at_system.o)
    0x1000347c   0x00000060   Zero   RW         1206    .bss                c_w.l(libspace.o)
    0x100034dc   0x00000004   PAD
    0x100034e0   0x00000200   Zero   RW          272    HEAP                startup_lpc17xx.o
    0x100036e0   0x00000800   Zero   RW          271    STACK               startup_lpc17xx.o


    Execution Region RW_IRAM2 (Base: 0x2007c000, Size: 0x00002a6c, Max: 0x00008000, ABSOLUTE)

    Base Addr    Size         Type   Attr      Idx    E Section Name        Object

    0x2007c000   0x00000005   Data   RW          470    .data               emac_lpc17xx.o
    0x2007c005   0x00000003   PAD
    0x2007c008   0x00002a64   Zero   RW          469    .bss                emac_lpc17xx.o


==============================================================================

Image component sizes


      Code (inc. data)   RO Data    RW Data    ZI Data      Debug   Object Name

       572         18          0          0          0       2659   display4bit.o
      1518        150          0          5      10852      53814   emac_lpc17xx.o
       844        158          0          1          0       9837   http_cgi.o
       648         58          0         22          0      25791   i2c.o
      1706        268          0         60         26      71514   main.o
       118          8        181         22      12972       4794   net_config.o
        68         30        204          0       2560        960   startup_lpc17xx.o
       320         18          0          4          0        815   system_lpc17xx.o
        28         10          0          8          0        976   timer.o
         0          0     322988          0          0      14113   web.o

    ----------------------------------------------------------------------
      5836        718     323440        128      26412     185273   Object Totals
         0          0         64          0          0          0   (incl. Generated)
        14          0          3          6          2          0   (incl. Padding)

    ----------------------------------------------------------------------

      Code (inc. data)   RO Data    RW Data    ZI Data      Debug   Library Member Name

      1844        144          6          8          0       1108   at_arp.o
      2010        114          0          0         32        812   at_dhcp.o
       488         58          6          0        132        404   at_ethernet.o
      5582       1192        244         12          0       2336   at_http.o
        18          0          0          0          0        340   at_http_uif.o
       404         30          0          0         16        308   at_icmp.o
       834         56          8         12          0        520   at_ip.o
       520          6          0          0          0       1360   at_lib.o
       568         46          0          0         16        520   at_mem.o
       392         26          8          1          0        184   at_nbns.o
       196         40          0          0         76        292   at_system.o
      3968        158          0          4          0       2008   at_tcp.o
       832         44          0          2          0        700   at_udp.o
         0          0        503          0          0          0   http_err.o
        60          8          0          0          0         84   __0sscanf.o
        44          6          0          0          0         84   __2sprintf.o
         8          0          0          0          0         68   __main.o
       392          4         17          0          0         92   __printf_flags_ss_wp.o
        14          0          0          0          0         68   __printf_wp.o
         0          0          0          0          0          0   __rtentry.o
        12          0          0          0          0          0   __rtentry2.o
         6          0          0          0          0          0   __rtentry4.o
        52          8          0          0          0          0   __scatter.o
        26          0          0          0          0          0   __scatter_copy.o
        28          0          0          0          0          0   __scatter_zi.o
        28          0          0          0          0         68   _chval.o
        44          0          0          0          0        108   _printf_char.o
        48          6          0          0          0         96   _printf_char_common.o
        40          0          0          0          0         68   _printf_charcount.o
         6          0          0          0          0          0   _printf_d.o
       120         16          0          0          0         92   _printf_dec.o
        84          6         40          0          0         88   _printf_hex_ptr.o
       178          0          0          0          0         88   _printf_intcommon.o
         6          0          0          0          0          0   _printf_n.o
         6          0          0          0          0          0   _printf_p.o
        78          0          0          0          0        108   _printf_pad.o
         0          0          0          0          0          0   _printf_percent.o
         4          0          0          0          0          0   _printf_percent_end.o
         6          0          0          0          0          0   _printf_s.o
        82          0          0          0          0         80   _printf_str.o
       884          6          0          0          0        100   _scanf.o
       332          0          0          0          0         96   _scanf_int.o
        64          0          0          0          0         84   _sgetc.o
        10          0          0          0          0         68   _sputc.o
       158          0          0          0          0         92   _strtoul.o
        26          0          0          0          0         80   atoi.o
        18          0          0          0          0         80   exit.o
         6          0          0          0          0        152   heapauxi.o
         0          0          0          0          0          0   indicate_semi.o
        18          0          0          0          0         76   isspace.o
        44         10        272          0          0         76   lc_ctype_c.o
         2          0          0          0          0          0   libinit.o
        20          0          0          0          0          0   libinit2.o
         2          0          0          0          0          0   libshutdown.o
         2          0          0          0          0          0   libshutdown2.o
         8          4          0          0         96         68   libspace.o
        16          4          0          0          0         76   rt_ctype_table.o
         8          4          0          0          0         68   rt_errno_addr_intlibspace.o
         8          4          0          0          0         68   rt_locale_intlibspace.o
         2          0          0          0          0          0   rtexit.o
        10          0          0          0          0          0   rtexit2.o
        44          8          0          0          0         84   scanf_char.o
       128          0          0          0          0         68   strcmpv7m.o
        62          0          0          0          0         76   strlen.o
       112          0          0          0          0         88   strtol.o
        12          4          0          0          0         68   sys_exit.o
        74          0          0          0          0         80   sys_stackheap_outer.o
         2          0          0          0          0         68   use_no_semi.o

    ----------------------------------------------------------------------
     21132       2012       1104         44        372      13800   Library Totals
        32          0          0          5          4          0   (incl. Padding)

    ----------------------------------------------------------------------

      Code (inc. data)   RO Data    RW Data    ZI Data      Debug   Library Name

     17656       1914        775         39        272      10892   TCP_CM3.lib
      3444         98        329          0         96       2908   c_w.l

    ----------------------------------------------------------------------
     21132       2012       1104         44        372      13800   Library Totals

    ----------------------------------------------------------------------

==============================================================================


      Code (inc. data)   RO Data    RW Data    ZI Data      Debug   

     26968       2730     324544        172      26784     187889   Grand Totals
     26968       2730     324544        172      26784     187889   ELF Image Totals
     26968       2730     324544        172          0          0   ROM Totals

==============================================================================

    Total RO  Size (Code + RO Data)               351512 ( 343.27kB)
    Total RW  Size (RW Data + ZI Data)             26956 (  26.32kB)
    Total ROM Size (Code + RO Data + RW Data)     351684 ( 343.44kB)

==============================================================================

