Component: ARM Compiler 5.06 update 4 (build 422) Tool: armlink [4d35d2]

==============================================================================

Section Cross References

    file_config.o(i.fs_config) refers to file_config.o(.bss) for .bss
    file_config.o(i.fs_config) refers to file_config.o(.constdata) for .constdata
    file_config.o(i.fs_config) refers to spi_lpc17xx.o(.constdata) for spi0_drv
    file_config.o(i.mc0_DevCtrl) refers to fs_mmc.o(i.mmc_DevCtrl) for mmc_DevCtrl
    file_config.o(i.mc0_DevCtrl) refers to file_config.o(.bss) for .bss
    file_config.o(i.mc0_Init) refers to fs_mmc.o(i.mmc_Init) for mmc_Init
    file_config.o(i.mc0_Init) refers to file_config.o(.bss) for .bss
    file_config.o(i.mc0_RdInfo) refers to fs_mmc.o(i.mmc_ReadInfo) for mmc_ReadInfo
    file_config.o(i.mc0_RdInfo) refers to file_config.o(.bss) for .bss
    file_config.o(i.mc0_RdSect) refers to fs_mmc.o(i.mmc_ReadSector) for mmc_ReadSector
    file_config.o(i.mc0_RdSect) refers to file_config.o(.bss) for .bss
    file_config.o(i.mc0_UnInit) refers to fs_mmc.o(i.mmc_UnInit) for mmc_UnInit
    file_config.o(i.mc0_UnInit) refers to file_config.o(.bss) for .bss
    file_config.o(i.mc0_WrSect) refers to fs_mmc.o(i.mmc_WriteSector) for mmc_WriteSector
    file_config.o(i.mc0_WrSect) refers to file_config.o(.bss) for .bss
    file_config.o(.constdata) refers to file_config.o(i.mc0_Init) for mc0_Init
    file_config.o(.constdata) refers to file_config.o(i.mc0_UnInit) for mc0_UnInit
    file_config.o(.constdata) refers to file_config.o(i.mc0_RdSect) for mc0_RdSect
    file_config.o(.constdata) refers to file_config.o(i.mc0_WrSect) for mc0_WrSect
    file_config.o(.constdata) refers to file_config.o(i.mc0_RdInfo) for mc0_RdInfo
    file_config.o(.constdata) refers to file_config.o(i.mc0_DevCtrl) for mc0_DevCtrl
    file_config.o(.constdata) refers to file_config.o(.bss) for mc0_vol
    retarget.o(i._sys_close) refers (Special) to use_no_semi.o(.text) for __use_no_semihosting_swi
    retarget.o(i._sys_close) refers to fs_sys.o(i.__sys_close) for __sys_close
    retarget.o(i._sys_command_string) refers (Special) to use_no_semi.o(.text) for __use_no_semihosting_swi
    retarget.o(i._sys_ensure) refers (Special) to use_no_semi.o(.text) for __use_no_semihosting_swi
    retarget.o(i._sys_ensure) refers to fs_sys.o(i.__sys_ensure) for __sys_ensure
    retarget.o(i._sys_exit) refers (Special) to use_no_semi.o(.text) for __use_no_semihosting_swi
    retarget.o(i._sys_flen) refers (Special) to use_no_semi.o(.text) for __use_no_semihosting_swi
    retarget.o(i._sys_flen) refers to fs_sys.o(i.__sys_flen) for __sys_flen
    retarget.o(i._sys_istty) refers (Special) to use_no_semi.o(.text) for __use_no_semihosting_swi
    retarget.o(i._sys_open) refers (Special) to use_no_semi.o(.text) for __use_no_semihosting_swi
    retarget.o(i._sys_open) refers to strcmpv7m.o(.text) for strcmp
    retarget.o(i._sys_open) refers to fs_sys.o(i.__sys_open) for __sys_open
    retarget.o(i._sys_read) refers (Special) to use_no_semi.o(.text) for __use_no_semihosting_swi
    retarget.o(i._sys_read) refers to retarget.o(i.getkey) for getkey
    retarget.o(i._sys_read) refers to fs_sys.o(i.__sys_read) for __sys_read
    retarget.o(i._sys_seek) refers (Special) to use_no_semi.o(.text) for __use_no_semihosting_swi
    retarget.o(i._sys_seek) refers to fs_sys.o(i.__sys_seek) for __sys_seek
    retarget.o(i._sys_tmpnam) refers (Special) to use_no_semi.o(.text) for __use_no_semihosting_swi
    retarget.o(i._sys_write) refers (Special) to use_no_semi.o(.text) for __use_no_semihosting_swi
    retarget.o(i._sys_write) refers to retarget.o(i.sendchar) for sendchar
    retarget.o(i._sys_write) refers to fs_sys.o(i.__sys_write) for __sys_write
    retarget.o(i._ttywrch) refers (Special) to use_no_semi.o(.text) for __use_no_semihosting_swi
    retarget.o(i._ttywrch) refers to retarget.o(i.sendchar) for sendchar
    retarget.o(i.getkey) refers (Special) to use_no_semi.o(.text) for __use_no_semihosting_swi
    retarget.o(i.getkey) refers to serial.o(i.SER_GetChar) for SER_GetChar
    retarget.o(i.sendchar) refers (Special) to use_no_semi.o(.text) for __use_no_semihosting_swi
    retarget.o(i.sendchar) refers to serial.o(i.SER_PutChar) for SER_PutChar
    retarget.o(.constdata) refers (Special) to use_no_semi.o(.text) for __use_no_semihosting_swi
    spi_lpc17xx.o(.constdata) refers to spi_lpc17xx.o(i.Init) for Init
    spi_lpc17xx.o(.constdata) refers to spi_lpc17xx.o(i.UnInit) for UnInit
    spi_lpc17xx.o(.constdata) refers to spi_lpc17xx.o(i.Send) for Send
    spi_lpc17xx.o(.constdata) refers to spi_lpc17xx.o(i.SendBuf) for SendBuf
    spi_lpc17xx.o(.constdata) refers to spi_lpc17xx.o(i.RecBuf) for RecBuf
    spi_lpc17xx.o(.constdata) refers to spi_lpc17xx.o(i.BusSpeed) for BusSpeed
    spi_lpc17xx.o(.constdata) refers to spi_lpc17xx.o(i.SetSS) for SetSS
    spi_lpc17xx.o(.constdata) refers to spi_lpc17xx.o(i.CheckMedia) for CheckMedia
[...]
    _scanf_string                             - Undefined Weak Reference
    _scanf_wctomb                             - Undefined Weak Reference
    _scanf_wstring                            - Undefined Weak Reference
    _signal_finish                            - Undefined Weak Reference
    _signal_init                              - Undefined Weak Reference
    poll_ethernet                             - Undefined Weak Reference
    __main                                   0x000000cd   Thumb Code     8  __main.o(!!!main)
    __scatterload                            0x000000d5   Thumb Code     0  __scatter.o(!!!scatter)
    __scatterload_rt2                        0x000000d5   Thumb Code    44  __scatter.o(!!!scatter)
    __scatterload_rt2_thumb_only             0x000000d5   Thumb Code     0  __scatter.o(!!!scatter)
    __scatterload_null                       0x000000e3   Thumb Code     0  __scatter.o(!!!scatter)
    __scatterload_copy                       0x00000109   Thumb Code    26  __scatter_copy.o(!!handler_copy)
    __scatterload_zeroinit                   0x00000125   Thumb Code    28  __scatter_zi.o(!!handler_zi)
    _printf_n                                0x00000141   Thumb Code     0  _printf_n.o(.ARM.Collect$$_printf_percent$$00000001)
    _printf_percent                          0x00000141   Thumb Code     0  _printf_percent.o(.ARM.Collect$$_printf_percent$$00000000)
    _printf_p                                0x00000147   Thumb Code     0  _printf_p.o(.ARM.Collect$$_printf_percent$$00000002)
    _printf_d                                0x0000014d   Thumb Code     0  _printf_d.o(.ARM.Collect$$_printf_percent$$00000009)
    _printf_c                                0x00000153   Thumb Code     0  _printf_c.o(.ARM.Collect$$_printf_percent$$00000013)
    _printf_s                                0x00000159   Thumb Code     0  _printf_s.o(.ARM.Collect$$_printf_percent$$00000014)
    _printf_percent_end                      0x0000015f   Thumb Code     0  _printf_percent_end.o(.ARM.Collect$$_printf_percent$$00000017)
    __rt_lib_init                            0x00000163   Thumb Code     0  libinit.o(.ARM.Collect$$libinit$$00000000)
    __rt_lib_init_fp_1                       0x00000165   Thumb Code     0  libinit2.o(.ARM.Collect$$libinit$$00000002)
    __rt_lib_init_heap_1                     0x00000165   Thumb Code     0  libinit2.o(.ARM.Collect$$libinit$$0000000A)
    __rt_lib_init_lc_common                  0x00000165   Thumb Code     0  libinit2.o(.ARM.Collect$$libinit$$0000000F)
    __rt_lib_init_preinit_1                  0x00000165   Thumb Code     0  libinit2.o(.ARM.Collect$$libinit$$00000004)
    __rt_lib_init_rand_1                     0x00000165   Thumb Code     0  libinit2.o(.ARM.Collect$$libinit$$0000000E)
    __rt_lib_init_user_alloc_1               0x00000165   Thumb Code     0  libinit2.o(.ARM.Collect$$libinit$$0000000C)
    __rt_lib_init_lc_collate_1               0x0000016b   Thumb Code     0  libinit2.o(.ARM.Collect$$libinit$$00000011)
    __rt_lib_init_lc_ctype_2                 0x0000016b   Thumb Code     0  libinit2.o(.ARM.Collect$$libinit$$00000012)
    __rt_lib_init_alloca_1                   0x00000177   Thumb Code     0  libinit2.o(.ARM.Collect$$libinit$$0000002E)
    __rt_lib_init_argv_1                     0x00000177   Thumb Code     0  libinit2.o(.ARM.Collect$$libinit$$0000002C)
    __rt_lib_init_atexit_1                   0x00000177   Thumb Code     0  libinit2.o(.ARM.Collect$$libinit$$0000001B)
    __rt_lib_init_clock_1                    0x00000177   Thumb Code     0  libinit2.o(.ARM.Collect$$libinit$$00000021)
    __rt_lib_init_cpp_1                      0x00000177   Thumb Code     0  libinit2.o(.ARM.Collect$$libinit$$00000032)
    __rt_lib_init_exceptions_1               0x00000177   Thumb Code     0  libinit2.o(.ARM.Collect$$libinit$$00000030)
    __rt_lib_init_fp_trap_1                  0x00000177   Thumb Code     0  libinit2.o(.ARM.Collect$$libinit$$0000001F)
    __rt_lib_init_getenv_1                   0x00000177   Thumb Code     0  libinit2.o(.ARM.Collect$$libinit$$00000023)
    __rt_lib_init_lc_ctype_1                 0x00000177   Thumb Code     0  libinit2.o(.ARM.Collect$$libinit$$00000013)
    __rt_lib_init_lc_monetary_1              0x00000177   Thumb Code     0  libinit2.o(.ARM.Collect$$libinit$$00000015)
    __rt_lib_init_lc_numeric_1               0x00000177   Thumb Code     0  libinit2.o(.ARM.Collect$$libinit$$00000017)
    __rt_lib_init_lc_time_1                  0x00000177   Thumb Code     0  libinit2.o(.ARM.Collect$$libinit$$00000019)
    __rt_lib_init_return                     0x00000177   Thumb Code     0  libinit2.o(.ARM.Collect$$libinit$$00000033)
    __rt_lib_init_signal_1                   0x00000177   Thumb Code     0  libinit2.o(.ARM.Collect$$libinit$$0000001D)
    __rt_lib_init_stdio_1                    0x00000177   Thumb Code     0  libinit2.o(.ARM.Collect$$libinit$$00000025)
    __rt_lib_shutdown                        0x00000179   Thumb Code     0  libshutdown.o(.ARM.Collect$$libshutdown$$00000000)
    __rt_lib_shutdown_cpp_1                  0x0000017b   Thumb Code     0  libshutdown2.o(.ARM.Collect$$libshutdown$$00000002)
    __rt_lib_shutdown_fp_trap_1              0x0000017b   Thumb Code     0  libshutdown2.o(.ARM.Collect$$libshutdown$$00000007)
    __rt_lib_shutdown_heap_1                 0x0000017b   Thumb Code     0  libshutdown2.o(.ARM.Collect$$libshutdown$$0000000F)
    __rt_lib_shutdown_return                 0x0000017b   Thumb Code     0  libshutdown2.o(.ARM.Collect$$libshutdown$$00000010)
    __rt_lib_shutdown_signal_1               0x0000017b   Thumb Code     0  libshutdown2.o(.ARM.Collect$$libshutdown$$0000000A)
    __rt_lib_shutdown_stdio_1                0x0000017b   Thumb Code     0  libshutdown2.o(.ARM.Collect$$libshutdown$$00000004)
    __rt_lib_shutdown_user_alloc_1           0x0000017b   Thumb Code     0  libshutdown2.o(.ARM.Collect$$libshutdown$$0000000C)
    __rt_entry                               0x0000017d   Thumb Code     0  __rtentry.o(.ARM.Collect$$rtentry$$00000000)
    __rt_entry_presh_1                       0x0000017d   Thumb Code     0  __rtentry2.o(.ARM.Collect$$rtentry$$00000002)
    __rt_entry_sh                            0x0000017d   Thumb Code     0  __rtentry4.o(.ARM.Collect$$rtentry$$00000004)
    __rt_entry_li                            0x00000183   Thumb Code     0  __rtentry2.o(.ARM.Collect$$rtentry$$0000000A)
    __rt_entry_postsh_1                      0x00000183   Thumb Code     0  __rtentry2.o(.ARM.Collect$$rtentry$$00000009)
    __rt_entry_main                          0x00000187   Thumb Code     0  __rtentry2.o(.ARM.Collect$$rtentry$$0000000D)
    __rt_entry_postli_1                      0x00000187   Thumb Code     0  __rtentry2.o(.ARM.Collect$$rtentry$$0000000C)
    __rt_exit                                0x0000018f   Thumb Code     0  rtexit.o(.ARM.Collect$$rtexit$$00000000)
    __rt_exit_ls                             0x00000191   Thumb Code     0  rtexit2.o(.ARM.Collect$$rtexit$$00000003)
    __rt_exit_prels_1                        0x00000191   Thumb Code     0  rtexit2.o(.ARM.Collect$$rtexit$$00000002)
    __rt_exit_exit                           0x00000195   Thumb Code     0  rtexit2.o(.ARM.Collect$$rtexit$$00000004)
    Reset_Handler                            0x0000019d   Thumb Code     8  startup_lpc17xx.o(.text)
    NMI_Handler                              0x000001a5   Thumb Code     2  startup_lpc17xx.o(.text)
    HardFault_Handler                        0x000001a7   Thumb Code     2  startup_lpc17xx.o(.text)
    MemManage_Handler                        0x000001a9   Thumb Code     2  startup_lpc17xx.o(.text)
    BusFault_Handler                         0x000001ab   Thumb Code     2  startup_lpc17xx.o(.text)
    UsageFault_Handler                       0x000001ad   Thumb Code     2  startup_lpc17xx.o(.text)
    SVC_Handler                              0x000001af   Thumb Code     2  startup_lpc17xx.o(.text)
    DebugMon_Handler                         0x000001b1   Thumb Code     2  startup_lpc17xx.o(.text)
    PendSV_Handler                           0x000001b3   Thumb Code     2  startup_lpc17xx.o(.text)
    SysTick_Handler                          0x000001b5   Thumb Code     2  startup_lpc17xx.o(.text)
    ADC_IRQHandler                           0x000001b7   Thumb Code     0  startup_lpc17xx.o(.text)
    BOD_IRQHandler                           0x000001b7   Thumb Code     0  startup_lpc17xx.o(.text)
    CANActivity_IRQHandler                   0x000001b7   Thumb Code     0  startup_lpc17xx.o(.text)
    CAN_IRQHandler                           0x000001b7   Thumb Code     0  startup_lpc17xx.o(.text)
    DMA_IRQHandler                           0x000001b7   Thumb Code     0  startup_lpc17xx.o(.text)
    EINT0_IRQHandler                         0x000001b7   Thumb Code     0  startup_lpc17xx.o(.text)
    EINT1_IRQHandler                         0x000001b7   Thumb Code     0  startup_lpc17xx.o(.text)
    EINT2_IRQHandler                         0x000001b7   Thumb Code     0  startup_lpc17xx.o(.text)
    I2C0_IRQHandler                          0x000001b7   Thumb Code     0  startup_lpc17xx.o(.text)
    I2C1_IRQHandler                          0x000001b7   Thumb Code     0  startup_lpc17xx.o(.text)
    I2C2_IRQHandler                          0x000001b7   Thumb Code     0  startup_lpc17xx.o(.text)
    I2S_IRQHandler                           0x000001b7   Thumb Code     0  startup_lpc17xx.o(.text)
    MCPWM_IRQHandler                         0x000001b7   Thumb Code     0  startup_lpc17xx.o(.text)
    PLL0_IRQHandler                          0x000001b7   Thumb Code     0  startup_lpc17xx.o(.text)
    PLL1_IRQHandler                          0x000001b7   Thumb Code     0  startup_lpc17xx.o(.text)
    PWM1_IRQHandler                          0x000001b7   Thumb Code     0  startup_lpc17xx.o(.text)
    QEI_IRQHandler                           0x000001b7   Thumb Code     0  startup_lpc17xx.o(.text)
    RIT_IRQHandler                           0x000001b7   Thumb Code     0  startup_lpc17xx.o(.text)
    RTC_IRQHandler                           0x000001b7   Thumb Code     0  startup_lpc17xx.o(.text)
    SPI_IRQHandler                           0x000001b7   Thumb Code     0  startup_lpc17xx.o(.text)
    SSP0_IRQHandler                          0x000001b7   Thumb Code     0  startup_lpc17xx.o(.text)
    SSP1_IRQHandler                          0x000001b7   Thumb Code     0  startup_lpc17xx.o(.text)
    TIMER0_IRQHandler                        0x000001b7   Thumb Code     0  startup_lpc17xx.o(.text)
    TIMER2_IRQHandler                        0x000001b7   Thumb Code     0  startup_lpc17xx.o(.text)
    TIMER3_IRQHandler                        0x000001b7   Thumb Code     0  startup_lpc17xx.o(.text)
    UART0_IRQHandler                         0x000001b7   Thumb Code     0  startup_lpc17xx.o(.text)
    UART1_IRQHandler                         0x000001b7   Thumb Code     0  startup_lpc17xx.o(.text)
    UART2_IRQHandler                         0x000001b7   Thumb Code     0  startup_lpc17xx.o(.text)
    UART3_IRQHandler                         0x000001b7   Thumb Code     0  startup_lpc17xx.o(.text)
    USBActivity_IRQHandler                   0x000001b7   Thumb Code     0  startup_lpc17xx.o(.text)
    USB_IRQHandler                           0x000001b7   Thumb Code     0  startup_lpc17xx.o(.text)
    WDT_IRQHandler                           0x000001b7   Thumb Code     0  startup_lpc17xx.o(.text)
    __user_initial_stackheap                 0x000001b9   Thumb Code     0  startup_lpc17xx.o(.text)
    __semihosting$guard                      0x000001dd   Thumb Code     0  use_no_semi.o(.text)
    __use_no_semihosting_swi                 0x000001dd   Thumb Code     2  use_no_semi.o(.text)
    __2sprintf                               0x000001e1   Thumb Code    38  __2sprintf.o(.text)
    _printf_pre_padding                      0x0000020d   Thumb Code    44  _printf_pad.o(.text)
    _printf_post_padding                     0x00000239   Thumb Code    34  _printf_pad.o(.text)
    _printf_str                              0x0000025b   Thumb Code    82  _printf_str.o(.text)
    _printf_charcount                        0x000002ad   Thumb Code    40  _printf_charcount.o(.text)
    atoi                                     0x000002d5   Thumb Code    26  atoi.o(.text)
    __use_two_region_memory                  0x000002ef   Thumb Code     2  heapauxi.o(.text)
    __rt_heap_escrow                         0x000002f1   Thumb Code     2  heapauxi.o(.text)
    __rt_heap_expand                         0x000002f3   Thumb Code     2  heapauxi.o(.text)
    __aeabi_errno_addr                       0x000002f5   Thumb Code     8  rt_errno_addr_intlibspace.o(.text)
    __errno$intlibspace                      0x000002f5   Thumb Code     0  rt_errno_addr_intlibspace.o(.text)
    __rt_errno_addr$intlibspace              0x000002f5   Thumb Code     0  rt_errno_addr_intlibspace.o(.text)
    _printf_int_dec                          0x00000301   Thumb Code   104  _printf_dec.o(.text)
    _printf_hex_ptr                          0x00000379   Thumb Code    78  _printf_hex_ptr.o(.text)
    _printf_longlong_hex                     0x00000379   Thumb Code     0  _printf_hex_ptr.o(.text)
    __printf                                 0x000003cd   Thumb Code   388  __printf_flags_ss_wp.o(.text)
    __RL_FS_VER                              0x00000474   Number         0  fs_sys.o ABSOLUTE
    __RL_TCP_VER                             0x00000474   Number         0  at_system.o ABSOLUTE
    __0sscanf                                0x00000555   Thumb Code    52  __0sscanf.o(.text)
    _scanf_int                               0x00000591   Thumb Code   332  _scanf_int.o(.text)
    _fclose_internal                         0x000006dd   Thumb Code    76  fclose.o(.text)
    fclose                                   0x000006dd   Thumb Code     0  fclose.o(.text)
    strncasecmp                              0x00000729   Thumb Code    50  strncasecmp.o(.text)
    strlen                                   0x0000075b   Thumb Code    62  strlen.o(.text)
    __aeabi_memcpy                           0x00000799   Thumb Code     0  rt_memcpy_v6.o(.text)
    __rt_memcpy                              0x00000799   Thumb Code   138  rt_memcpy_v6.o(.text)
    _memcpy_lastbytes                        0x000007ff   Thumb Code     0  rt_memcpy_v6.o(.text)
    __aeabi_memcpy4                          0x00000823   Thumb Code     0  rt_memcpy_w.o(.text)
    __aeabi_memcpy8                          0x00000823   Thumb Code     0  rt_memcpy_w.o(.text)
    __rt_memcpy_w                            0x00000823   Thumb Code   100  rt_memcpy_w.o(.text)
    _memcpy_lastbytes_aligned                0x0000086b   Thumb Code     0  rt_memcpy_w.o(.text)
    __aeabi_memclr                           0x00000887   Thumb Code     0  rt_memclr.o(.text)
    __rt_memclr                              0x00000887   Thumb Code    68  rt_memclr.o(.text)
    _memset                                  0x0000088b   Thumb Code     0  rt_memclr.o(.text)
    __aeabi_memclr4                          0x000008cb   Thumb Code     0  rt_memclr_w.o(.text)
    __aeabi_memclr8                          0x000008cb   Thumb Code     0  rt_memclr_w.o(.text)
    __rt_memclr_w                            0x000008cb   Thumb Code    78  rt_memclr_w.o(.text)
    _memset_w                                0x000008cf   Thumb Code     0  rt_memclr_w.o(.text)
    strcmp                                   0x00000919   Thumb Code   128  strcmpv7m.o(.text)
    free                                     0x00000999   Thumb Code    78  h1_free.o(.text)
    tolower                                  0x000009e7   Thumb Code    26  tolower.o(.text)
    _printf_int_common                       0x00000a01   Thumb Code   178  _printf_intcommon.o(.text)
    _printf_char_common                      0x00000abf   Thumb Code    32  _printf_char_common.o(.text)
    _sputc                                   0x00000ae5   Thumb Code    10  _sputc.o(.text)
    _printf_cs_common                        0x00000aef   Thumb Code    20  _printf_char.o(.text)
    _printf_char                             0x00000b03   Thumb Code    16  _printf_char.o(.text)
    _printf_string                           0x00000b13   Thumb Code     8  _printf_char.o(.text)
    _chval                                   0x00000b1b   Thumb Code    28  _chval.o(.text)
    __vfscanf_char                           0x00000b45   Thumb Code    24  scanf_char.o(.text)
    _sgetc                                   0x00000b65   Thumb Code    30  _sgetc.o(.text)
    _sbackspace                              0x00000b83   Thumb Code    34  _sgetc.o(.text)
    strtol                                   0x00000ba5   Thumb Code   112  strtol.o(.text)
    _seterr                                  0x00000c15   Thumb Code    20  stdio.o(.text)
    _writebuf                                0x00000c29   Thumb Code    84  stdio.o(.text)
    _fflush                                  0x00000c7d   Thumb Code    70  stdio.o(.text)
    _deferredlazyseek                        0x00000cc3   Thumb Code    60  stdio.o(.text)
    __user_libspace                          0x00000d05   Thumb Code     8  libspace.o(.text)
    __user_perproc_libspace                  0x00000d05   Thumb Code     0  libspace.o(.text)
    __user_perthread_libspace                0x00000d05   Thumb Code     0  libspace.o(.text)
    __rt_ctype_table                         0x00000d0d   Thumb Code    16  rt_ctype_table.o(.text)
    __rt_heap_descriptor                     0x00000d1d   Thumb Code     8  rt_heap_descriptor_intlibspace.o(.text)
    isspace                                  0x00000d25   Thumb Code    18  isspace.o(.text)
    __vfscanf                                0x00000d39   Thumb Code   878  _scanf.o(.text)
    _strtoul                                 0x000010ad   Thumb Code   158  _strtoul.o(.text)
    __user_setup_stackheap                   0x0000114b   Thumb Code    74  sys_stackheap_outer.o(.text)
    __rt_locale                              0x00001195   Thumb Code     8  rt_locale_intlibspace.o(.text)
    exit                                     0x0000119d   Thumb Code    18  exit.o(.text)
    EINT3_IRQHandler                         0x000011f9   Thumb Code   302  main.o(i.EINT3_IRQHandler)
    ENET_IRQHandler                          0x00001391   Thumb Code   164  emac_lpc17xx.o(i.ENET_IRQHandler)
    LED_out                                  0x000014fd   Thumb Code    50  main.o(i.LED_out)
    SER_Init                                 0x00001585   Thumb Code    64  serial.o(i.SER_Init)
    SER_PutChar                              0x000015d1   Thumb Code    20  serial.o(i.SER_PutChar)
    SystemInit                               0x0000166d   Thumb Code   302  system_lpc17xx.o(i.SystemInit)
    TIMER1_IRQHandler                        0x000017ad   Thumb Code    18  timer.o(i.TIMER1_IRQHandler)
    __sys_close                              0x00001839   Thumb Code    74  fs_sys.o(i.__sys_close)
    __sys_seek                               0x0000188d   Thumb Code    66  fs_sys.o(i.__sys_seek)
    __sys_write                              0x000018d9   Thumb Code    80  fs_sys.o(i.__sys_write)
    _is_digit                                0x00001931   Thumb Code    14  __printf_wp.o(i._is_digit)
    _sys_close                               0x0000193f   Thumb Code    22  retarget.o(i._sys_close)
    _sys_exit                                0x00001955   Thumb Code     4  retarget.o(i._sys_exit)
    _sys_seek                                0x00001959   Thumb Code    28  retarget.o(i._sys_seek)
    _sys_write                               0x00001975   Thumb Code    66  retarget.o(i._sys_write)
    alloc_mem                                0x000019ed   Thumb Code   174  at_mem.o(i.alloc_mem)
    arp_cache_add                            0x00001aa5   Thumb Code   174  at_arp.o(i.arp_cache_add)
    arp_cache_early                          0x00001be5   Thumb Code   142  at_arp.o(i.arp_cache_early)
    arp_cache_find                           0x00001c7d   Thumb Code   168  at_arp.o(i.arp_cache_find)
    arp_cache_update                         0x00001d31   Thumb Code   228  at_arp.o(i.arp_cache_update)
    arp_init                                 0x00001e25   Thumb Code    34  at_arp.o(i.arp_init)
    arp_notify                               0x00001e85   Thumb Code    26  at_arp.o(i.arp_notify)
    arp_probe                                0x00001ead   Thumb Code    14  at_arp.o(i.arp_probe)
    arp_process                              0x00001f49   Thumb Code   294  at_arp.o(i.arp_process)
    avail_mem                                0x000021d9   Thumb Code    22  at_mem.o(i.avail_mem)
    b64_to_asc                               0x000021f5   Thumb Code   120  at_lib.o(i.b64_to_asc)
    calc_chksum16be                          0x000023af   Thumb Code    18  at_lib.o(i.calc_chksum16be)
    cgi_func                                 0x000023c1   Thumb Code   160  http_cgi.o(i.cgi_func)
    cgi_process_data                         0x000024d5   Thumb Code   286  http_cgi.o(i.cgi_process_data)
    cgi_process_var                          0x00002645   Thumb Code   356  http_cgi.o(i.cgi_process_var)
    cgx_content_type                         0x000027d9   Thumb Code     4  at_http.o(i.cgx_content_type)
    chksum16_buf                             0x00002a09   Thumb Code    40  at_lib.o(i.chksum16_buf)
    chksum16_val                             0x00002a31   Thumb Code    10  at_lib.o(i.chksum16_val)
    command                                  0x00002aa5   Thumb Code   106  display4bit.o(i.command)
    delay_main                               0x00002c1f   Thumb Code    30  main.o(i.delay_main)
    dhcp_cbfunc                              0x00002c3d   Thumb Code     2  at_dhcp.o(i.dhcp_cbfunc)
    dhcp_disable                             0x00002d4d   Thumb Code    50  at_dhcp.o(i.dhcp_disable)
    dhcp_init                                0x00002d89   Thumb Code    66  at_dhcp.o(i.dhcp_init)
    dhcp_run_client                          0x00002fd5   Thumb Code   440  at_dhcp.o(i.dhcp_run_client)
    ds_delay                                 0x000033a9   Thumb Code    12  display4bit.o(i.ds_delay)
    efs_ffind                                0x000033b5   Thumb Code     4  file_config.o(i.efs_ffind)
    efs_fsize                                0x000033b9   Thumb Code     2  file_config.o(i.efs_fsize)
    efs_seek                                 0x000033bb   Thumb Code     4  file_config.o(i.efs_seek)
    efs_wclose                               0x000033bf   Thumb Code     4  file_config.o(i.efs_wclose)
    efs_write                                0x000033c3   Thumb Code     4  file_config.o(i.efs_write)
    elink_cmd                                0x000033c7   Thumb Code     4  file_config.o(i.elink_cmd)
    elink_flush                              0x000033cb   Thumb Code     4  file_config.o(i.elink_flush)
    elink_init                               0x000033cf   Thumb Code     4  file_config.o(i.elink_init)
    elink_init_path                          0x000033d3   Thumb Code     4  file_config.o(i.elink_init_path)
    elink_insert                             0x000033d7   Thumb Code     4  file_config.o(i.elink_insert)
    elink_scan                               0x000033db   Thumb Code     4  file_config.o(i.elink_scan)
    entry_pos_set                            0x00003439   Thumb Code    88  fs_fat.o(i.entry_pos_set)
    entry_read                               0x00003491   Thumb Code    54  fs_fat.o(i.entry_read)
    eth_chk_adr                              0x000034f5   Thumb Code    10  at_ethernet.o(i.eth_chk_adr)
    eth_init_link                            0x00003505   Thumb Code    40  at_ethernet.o(i.eth_init_link)
    eth_run_link                             0x00003539   Thumb Code   194  at_ethernet.o(i.eth_run_link)
    eth_send_frame                           0x0000360d   Thumb Code   150  at_ethernet.o(i.eth_send_frame)
    fat_close                                0x000036b5   Thumb Code   216  fs_fat.o(i.fat_close)
    fat_ffind                                0x000037bd   Thumb Code   242  fs_fat.o(i.fat_ffind)
    fat_init                                 0x000038af   Thumb Code   338  fs_fat.o(i.fat_init)
    fat_jour_init                            0x00003a01   Thumb Code     4  file_config.o(i.fat_jour_init)
    fat_seek                                 0x00003a05   Thumb Code   182  fs_fat.o(i.fat_seek)
    fat_write                                0x00003abb   Thumb Code   292  fs_fat.o(i.fat_write)
    ffind                                    0x00003be1   Thumb Code   434  fs_mapi.o(i.ffind)
    finish_the_call                          0x00003da1   Thumb Code    10  main.o(i.finish_the_call)
    finit                                    0x00003db1   Thumb Code   110  fs_mapi.o(i.finit)
    free_mem                                 0x000041c1   Thumb Code   124  at_mem.o(i.free_mem)
    fs_cfg_drv                               0x00004245   Thumb Code    92  fs_mapi.o(i.fs_cfg_drv)
    fs_chk_media                             0x000042b5   Thumb Code    46  fs_lib.o(i.fs_chk_media)
    fs_config                                0x000042e5   Thumb Code    32  file_config.o(i.fs_config)
    fs_find_drv                              0x00004311   Thumb Code    36  fs_lib.o(i.fs_find_drv)
    fs_find_iob                              0x0000433d   Thumb Code    48  fs_lib.o(i.fs_find_iob)
    fs_get_date                              0x00004375   Thumb Code     4  fs_time.o(i.fs_get_date)
    fs_get_time                              0x0000437d   Thumb Code     6  fs_time.o(i.fs_get_time)
    fs_map_drive                             0x00004385   Thumb Code   110  fs_lib.o(i.fs_map_drive)
    fs_strpos                                0x000043fd   Thumb Code    24  fs_lib.o(i.fs_strpos)
    fsj_write                                0x000044f9   Thumb Code     4  file_config.o(i.fsj_write)
    getSDData                                0x000044fd   Thumb Code   128  main.o(i.getSDData)
    get_button                               0x00004679   Thumb Code    48  main.o(i.get_button)
    get_cal_status                           0x000046ad   Thumb Code    34  main.o(i.get_cal_status)
    get_rnd32                                0x00004925   Thumb Code    18  at_system.o(i.get_rnd32)
    gpio_interrupt_set                       0x00004991   Thumb Code    40  main.o(i.gpio_interrupt_set)
    http_accept_host                         0x000049db   Thumb Code     4  at_http.o(i.http_accept_host)
    http_check_account                       0x00004cdd   Thumb Code     4  at_http.o(i.http_check_account)
    http_encoding                            0x00004ce1   Thumb Code     4  at_http.o(i.http_encoding)
    http_fclose                              0x00004e6d   Thumb Code     2  at_http_uif.o(i.http_fclose)
    http_fgets                               0x00004e6f   Thumb Code     4  at_http_uif.o(i.http_fgets)
    http_file_access                         0x00004e73   Thumb Code     4  at_http.o(i.http_file_access)
    http_finfo                               0x00004e77   Thumb Code     4  at_http_uif.o(i.http_finfo)
    http_fopen                               0x00004e7b   Thumb Code     4  at_http_uif.o(i.http_fopen)
    http_fread                               0x00004e7f   Thumb Code     4  at_http_uif.o(i.http_fread)
    http_get_var                             0x00004e85   Thumb Code   104  at_http.o(i.http_get_var)
    http_init                                0x00004ef1   Thumb Code    72  at_http.o(i.http_init)
    http_run_server                          0x000056ad   Thumb Code   816  at_http.o(i.http_run_server)
    icmp_init                                0x00005ab1   Thumb Code    10  at_icmp.o(i.icmp_init)
    icmp_process                             0x00005ac1   Thumb Code   198  at_icmp.o(i.icmp_process)
    icmp_run_engine                          0x00005b8d   Thumb Code    58  at_icmp.o(i.icmp_run_engine)
    ifree_mem                                0x00005c45   Thumb Code    48  at_mem.o(i.ifree_mem)
    igmp_is_member                           0x00005c7d   Thumb Code     4  net_config.o(i.igmp_is_member)
    igmp_process                             0x00005c81   Thumb Code     2  net_config.o(i.igmp_process)
    init_TcpNet                              0x00005cad   Thumb Code    38  at_system.o(i.init_TcpNet)
    init_ethernet                            0x00005db1   Thumb Code   522  emac_lpc17xx.o(i.init_ethernet)
    init_mem                                 0x00005fed   Thumb Code    86  at_mem.o(i.init_mem)
    init_system                              0x0000604d   Thumb Code    38  net_config.o(i.init_system)
    int_disable_eth                          0x000060ad   Thumb Code    18  emac_lpc17xx.o(i.int_disable_eth)
    int_enable_eth                           0x000060c5   Thumb Code    22  emac_lpc17xx.o(i.int_enable_eth)
    ip_chk_frame                             0x000060dd   Thumb Code   190  at_ip.o(i.ip_chk_frame)
    ip_get_locadr                            0x000061b1   Thumb Code   166  at_ip.o(i.ip_get_locadr)
    ip_init                                  0x00006269   Thumb Code     8  at_ip.o(i.ip_init)
    ip_run_local                             0x00006275   Thumb Code    82  at_ip.o(i.ip_run_local)
    ip_send_frame                            0x000062d1   Thumb Code   328  at_ip.o(i.ip_send_frame)
    is_subnet                                0x00006455   Thumb Code    20  at_lib.o(i.is_subnet)
    lcd_init_4bit                            0x00006469   Thumb Code   306  display4bit.o(i.lcd_init_4bit)
    lcd_putchar                              0x000065a1   Thumb Code   106  display4bit.o(i.lcd_putchar)
    lcd_putsf                                0x00006611   Thumb Code    24  display4bit.o(i.lcd_putsf)
    main                                     0x00006629   Thumb Code    54  main.o(i.main)
    main_TcpNet                              0x00006675   Thumb Code    86  at_system.o(i.main_TcpNet)
    mem_comp                                 0x00006721   Thumb Code    24  at_lib.o(i.mem_comp)
    mem_copy                                 0x00006739   Thumb Code    22  at_lib.o(i.mem_copy)
    mem_crc32                                0x0000674f   Thumb Code    32  at_lib.o(i.mem_crc32)
    mem_set                                  0x0000676f   Thumb Code    10  at_lib.o(i.mem_set)
    mem_test                                 0x00006779   Thumb Code    20  at_lib.o(i.mem_test)
    mmc_DevCtrl                              0x0000678d   Thumb Code    36  fs_mmc.o(i.mmc_DevCtrl)
    mmc_Init                                 0x000067b1   Thumb Code   530  fs_mmc.o(i.mmc_Init)
    mmc_ReadInfo                             0x000069c3   Thumb Code    94  fs_mmc.o(i.mmc_ReadInfo)
    mmc_ReadSector                           0x00006a21   Thumb Code    84  fs_mmc.o(i.mmc_ReadSector)
    mmc_UnInit                               0x00006a79   Thumb Code    24  fs_mmc.o(i.mmc_UnInit)
    mmc_WriteSector                          0x00006a91   Thumb Code    88  fs_mmc.o(i.mmc_WriteSector)
    nbns_init                                0x00006f55   Thumb Code    32  at_nbns.o(i.nbns_init)
    nrd_u32be                                0x000070dd   Thumb Code    22  at_lib.o(i.nrd_u32be)
    nwr_u16be                                0x000070f3   Thumb Code     8  at_lib.o(i.nwr_u16be)
    nwr_u32be                                0x000070fb   Thumb Code    16  at_lib.o(i.nwr_u32be)
    ppp_send_frame                           0x00007205   Thumb Code     4  net_config.o(i.ppp_send_frame)
    put_in_queue                             0x000073ad   Thumb Code    36  at_ethernet.o(i.put_in_queue)
    resize_mem                               0x00007555   Thumb Code    68  at_mem.o(i.resize_mem)
    run_system                               0x0000759d   Thumb Code    30  net_config.o(i.run_system)
    send_frame                               0x00007671   Thumb Code    64  emac_lpc17xx.o(i.send_frame)
    sendchar                                 0x000076b9   Thumb Code    24  retarget.o(i.sendchar)
    show_massage_to_display                  0x000077ed   Thumb Code    24  main.o(i.show_massage_to_display)
    slip_send_frame                          0x00007805   Thumb Code     4  net_config.o(i.slip_send_frame)
    str_copy                                 0x00007827   Thumb Code    18  at_lib.o(i.str_copy)
    str_crc32                                0x00007839   Thumb Code    26  at_lib.o(i.str_crc32)
    str_pos                                  0x00007853   Thumb Code    22  at_lib.o(i.str_pos)
    str_scomp                                0x00007869   Thumb Code    26  at_lib.o(i.str_scomp)
    str_up_case                              0x00007883   Thumb Code    26  at_lib.o(i.str_up_case)
    sys_error                                0x0000789d   Thumb Code    36  net_config.o(i.sys_error)
    tcp_abort                                0x000078c1   Thumb Code    76  at_tcp.o(i.tcp_abort)
    tcp_close                                0x00007911   Thumb Code   150  at_tcp.o(i.tcp_close)
    tcp_get_buf                              0x000079ad   Thumb Code    32  at_tcp.o(i.tcp_get_buf)
    tcp_get_socket                           0x000079cd   Thumb Code    70  at_tcp.o(i.tcp_get_socket)
    tcp_get_state                            0x00007a19   Thumb Code    32  at_tcp.o(i.tcp_get_state)
    tcp_init                                 0x00007a3d   Thumb Code    18  at_tcp.o(i.tcp_init)
    tcp_listen                               0x00007a55   Thumb Code   102  at_tcp.o(i.tcp_listen)
    tcp_max_dsize                            0x00007b59   Thumb Code    30  at_tcp.o(i.tcp_max_dsize)
    tcp_poll_sockets                         0x00007bdd   Thumb Code   630  at_tcp.o(i.tcp_poll_sockets)
    tcp_process                              0x00007f7d   Thumb Code  1196  at_tcp.o(i.tcp_process)
    tcp_send                                 0x000084fd   Thumb Code   204  at_tcp.o(i.tcp_send)
    timer_tick                               0x00008865   Thumb Code    14  at_system.o(i.timer_tick)
    udp_close                                0x00008901   Thumb Code    38  at_udp.o(i.udp_close)
    udp_get_buf                              0x0000892d   Thumb Code    32  at_udp.o(i.udp_get_buf)
    udp_get_socket                           0x0000894d   Thumb Code    62  at_udp.o(i.udp_get_socket)
    udp_init                                 0x00008991   Thumb Code    18  at_udp.o(i.udp_init)
    udp_open                                 0x000089a9   Thumb Code    96  at_udp.o(i.udp_open)
    udp_process                              0x00008a3d   Thumb Code   178  at_udp.o(i.udp_process)
    udp_release_socket                       0x00008af5   Thumb Code    44  at_udp.o(i.udp_release_socket)
    udp_send                                 0x00008b25   Thumb Code   280  at_udp.o(i.udp_send)
    welcoming                                0x00008d21   Thumb Code    66  main.o(i.welcoming)
    _get_lc_ctype                            0x00009001   Thumb Code    44  lc_ctype_c.o(locale$$code)
    _NFILE                                   0x0000902c   Data           2  file_config.o(.constdata)
    _NDRV                                    0x0000902e   Data           2  file_config.o(.constdata)
    fat_ncache                               0x00009030   Data          12  file_config.o(.constdata)
    mc0_drv                                  0x0000903c   Data          24  file_config.o(.constdata)
    fs_DevPool                               0x00009054   Data           8  file_config.o(.constdata)
    spi0_drv                                 0x0000905c   Data          32  spi_lpc17xx.o(.constdata)
    FileMD                                   0x0000908c   Data           4  web.o(.constdata)
    FileTab                                  0x00057c00   Data          88  web.o(.constdata)
    nlocalm                                  0x00057c58   Data          60  net_config.o(.constdata)
    sys_config                               0x00057c94   Data          16  net_config.o(.constdata)
    arp_config                               0x00057ca4   Data          12  net_config.o(.constdata)
    dhcp_config                              0x00057cb0   Data           8  net_config.o(.constdata)
    udp_config                               0x00057cb8   Data           8  net_config.o(.constdata)
    tcp_config                               0x00057cc0   Data          24  net_config.o(.constdata)
    http_config                              0x00057cd8   Data          24  net_config.o(.constdata)
    IP_Broadcast                             0x00057d00   Data           4  at_ip.o(.constdata)
    MAC_Broadcast                            0x00057e04   Data           6  at_ethernet.o(.constdata)
    http_err_401                             0x000582be   Data          86  http_err.o(.constdata)
    http_err_403                             0x00058314   Data          81  http_err.o(.constdata)
    http_err_404                             0x00058365   Data          78  http_err.o(.constdata)
    http_err_501                             0x000583b3   Data          75  http_err.o(.constdata)
    http_err_head                            0x000583fe   Data          47  http_err.o(.constdata)
    http_err_foot                            0x0005842d   Data         136  http_err.o(.constdata)
    Region$$Table$$Base                      0x00058510   Number         0  anon$$obj.o(Region$$Table)
    Region$$Table$$Limit                     0x00058550   Number         0  anon$$obj.o(Region$$Table)
    __ctype                                  0x0005855d   Data           0  lc_ctype_c.o(locale$$data)
    inputFreq                                0x10000000   Data           4  main.o(.data)
    inputFreq2                               0x10000004   Data           4  main.o(.data)
    ring_count                               0x10000008   Data           1  main.o(.data)
    call_situaions                           0x10000009   Data           1  main.o(.data)
    NUMBER_OF_WAITING_RINGS                  0x1000000a   Data           1  main.o(.data)
    dtmfData                                 0x1000000b   Data           1  main.o(.data)
    LEDrun                                   0x1000000c   Data           4  main.o(.data)
    show_update                              0x10000010   Data           4  main.o(.data)
    tick                                     0x10000014   Data           4  main.o(.data)
    dhcp_tout                                0x10000018   Data           4  main.o(.data)
    lcd_text                                 0x1000001c   Data          34  main.o(.data)
    SystemCoreClock                          0x10000040   Data           4  system_lpc17xx.o(.data)
    lhost_name                               0x10000045   Data          16  net_config.o(.data)
    own_hw_adr                               0x10000055   Data           6  net_config.o(.data)
    timer0_counter                           0x1000005c   Data           4  timer.o(.data)
    timer1_counter                           0x10000060   Data           4  timer.o(.data)
    _iob                                     0x10000094   Data         288  file_config.o(.bss)
    ringMessage                              0x10001634   Data          20  main.o(.bss)
    Variablestr                              0x10001648   Data          10  main.o(.bss)
    Variablestr2                             0x10001652   Data          10  main.o(.bss)
    p                                        0x1000165c   Data          10  main.o(.bss)
    dtmfDataString                           0x10001666   Data          10  main.o(.bss)
    localm                                   0x100049e0   Data          60  at_system.o(.bss)
    sys_control                              0x10004a1c   Data          16  at_system.o(.bss)
    __libspace_start                         0x10004a2c   Data          96  libspace.o(.bss)
    __temporary_stack_top$libspace           0x10004a8c   Data           0  libspace.o(.bss)
    iap_entry                                0x2007c000   Data           4  emac_lpc17xx.o(.data)



==============================================================================

Memory Map of the image

  Image Entry point : 0x000000cd

  Load Region LR_IROM1 (Base: 0x00000000, Size: 0x000586fc, Max: 0x00080000, ABSOLUTE)

    Execution Region ER_IROM1 (Base: 0x00000000, Size: 0x00058660, Max: 0x00080000, ABSOLUTE)

    Base Addr    Size         Type   Attr      Idx    E Section Name        Object

    0x00000000   0x000000cc   Data   RO          636    RESET               startup_lpc17xx.o
    0x000000cc   0x00000008   Code   RO         1803  * !!!main             c_w.l(__main.o)
    0x000000d4   0x00000034   Code   RO         2137    !!!scatter          c_w.l(__scatter.o)
    0x00000108   0x0000001a   Code   RO         2139    !!handler_copy      c_w.l(__scatter_copy.o)
    0x00000122   0x00000002   PAD
    0x00000124   0x0000001c   Code   RO         2141    !!handler_zi        c_w.l(__scatter_zi.o)
    0x00000140   0x00000000   Code   RO         1774    .ARM.Collect$$_printf_percent$$00000000  c_w.l(_printf_percent.o)
    0x00000140   0x00000006   Code   RO         1771    .ARM.Collect$$_printf_percent$$00000001  c_w.l(_printf_n.o)
    0x00000146   0x00000006   Code   RO         1772    .ARM.Collect$$_printf_percent$$00000002  c_w.l(_printf_p.o)
    0x0000014c   0x00000006   Code   RO         1773    .ARM.Collect$$_printf_percent$$00000009  c_w.l(_printf_d.o)
    0x00000152   0x00000006   Code   RO         1769    .ARM.Collect$$_printf_percent$$00000013  c_w.l(_printf_c.o)
    0x00000158   0x00000006   Code   RO         1770    .ARM.Collect$$_printf_percent$$00000014  c_w.l(_printf_s.o)
    0x0000015e   0x00000004   Code   RO         1881    .ARM.Collect$$_printf_percent$$00000017  c_w.l(_printf_percent_end.o)
    0x00000162   0x00000002   Code   RO         2014    .ARM.Collect$$libinit$$00000000  c_w.l(libinit.o)
    0x00000164   0x00000000   Code   RO         2016    .ARM.Collect$$libinit$$00000002  c_w.l(libinit2.o)
    0x00000164   0x00000000   Code   RO         2018    .ARM.Collect$$libinit$$00000004  c_w.l(libinit2.o)
    0x00000164   0x00000000   Code   RO         2021    .ARM.Collect$$libinit$$0000000A  c_w.l(libinit2.o)
    0x00000164   0x00000000   Code   RO         2023    .ARM.Collect$$libinit$$0000000C  c_w.l(libinit2.o)
    0x00000164   0x00000000   Code   RO         2025    .ARM.Collect$$libinit$$0000000E  c_w.l(libinit2.o)
    0x00000164   0x00000006   Code   RO         2026    .ARM.Collect$$libinit$$0000000F  c_w.l(libinit2.o)
    0x0000016a   0x00000000   Code   RO         2028    .ARM.Collect$$libinit$$00000011  c_w.l(libinit2.o)
    0x0000016a   0x0000000c   Code   RO         2029    .ARM.Collect$$libinit$$00000012  c_w.l(libinit2.o)
    0x00000176   0x00000000   Code   RO         2030    .ARM.Collect$$libinit$$00000013  c_w.l(libinit2.o)
    0x00000176   0x00000000   Code   RO         2032    .ARM.Collect$$libinit$$00000015  c_w.l(libinit2.o)
    0x00000176   0x00000000   Code   RO         2034    .ARM.Collect$$libinit$$00000017  c_w.l(libinit2.o)
    0x00000176   0x00000000   Code   RO         2036    .ARM.Collect$$libinit$$00000019  c_w.l(libinit2.o)
    0x00000176   0x00000000   Code   RO         2038    .ARM.Collect$$libinit$$0000001B  c_w.l(libinit2.o)
    0x00000176   0x00000000   Code   RO         2040    .ARM.Collect$$libinit$$0000001D  c_w.l(libinit2.o)
    0x00000176   0x00000000   Code   RO         2042    .ARM.Collect$$libinit$$0000001F  c_w.l(libinit2.o)
    0x00000176   0x00000000   Code   RO         2044    .ARM.Collect$$libinit$$00000021  c_w.l(libinit2.o)
    0x00000176   0x00000000   Code   RO         2046    .ARM.Collect$$libinit$$00000023  c_w.l(libinit2.o)
    0x00000176   0x00000000   Code   RO         2048    .ARM.Collect$$libinit$$00000025  c_w.l(libinit2.o)
    0x00000176   0x00000000   Code   RO         2052    .ARM.Collect$$libinit$$0000002C  c_w.l(libinit2.o)
    0x00000176   0x00000000   Code   RO         2054    .ARM.Collect$$libinit$$0000002E  c_w.l(libinit2.o)
    0x00000176   0x00000000   Code   RO         2056    .ARM.Collect$$libinit$$00000030  c_w.l(libinit2.o)
    0x00000176   0x00000000   Code   RO         2058    .ARM.Collect$$libinit$$00000032  c_w.l(libinit2.o)
    0x00000176   0x00000002   Code   RO         2059    .ARM.Collect$$libinit$$00000033  c_w.l(libinit2.o)
    0x00000178   0x00000002   Code   RO         2123    .ARM.Collect$$libshutdown$$00000000  c_w.l(libshutdown.o)
    0x0000017a   0x00000000   Code   RO         2061    .ARM.Collect$$libshutdown$$00000002  c_w.l(libshutdown2.o)
    0x0000017a   0x00000000   Code   RO         2063    .ARM.Collect$$libshutdown$$00000004  c_w.l(libshutdown2.o)
    0x0000017a   0x00000000   Code   RO         2066    .ARM.Collect$$libshutdown$$00000007  c_w.l(libshutdown2.o)
    0x0000017a   0x00000000   Code   RO         2069    .ARM.Collect$$libshutdown$$0000000A  c_w.l(libshutdown2.o)
    0x0000017a   0x00000000   Code   RO         2071    .ARM.Collect$$libshutdown$$0000000C  c_w.l(libshutdown2.o)
    0x0000017a   0x00000000   Code   RO         2074    .ARM.Collect$$libshutdown$$0000000F  c_w.l(libshutdown2.o)
    0x0000017a   0x00000002   Code   RO         2075    .ARM.Collect$$libshutdown$$00000010  c_w.l(libshutdown2.o)
    0x0000017c   0x00000000   Code   RO         1805    .ARM.Collect$$rtentry$$00000000  c_w.l(__rtentry.o)
    0x0000017c   0x00000000   Code   RO         1899    .ARM.Collect$$rtentry$$00000002  c_w.l(__rtentry2.o)
    0x0000017c   0x00000006   Code   RO         1911    .ARM.Collect$$rtentry$$00000004  c_w.l(__rtentry4.o)
    0x00000182   0x00000000   Code   RO         1901    .ARM.Collect$$rtentry$$00000009  c_w.l(__rtentry2.o)
    0x00000182   0x00000004   Code   RO         1902    .ARM.Collect$$rtentry$$0000000A  c_w.l(__rtentry2.o)
    0x00000186   0x00000000   Code   RO         1904    .ARM.Collect$$rtentry$$0000000C  c_w.l(__rtentry2.o)
    0x00000186   0x00000008   Code   RO         1905    .ARM.Collect$$rtentry$$0000000D  c_w.l(__rtentry2.o)
    0x0000018e   0x00000002   Code   RO         2076    .ARM.Collect$$rtexit$$00000000  c_w.l(rtexit.o)
    0x00000190   0x00000000   Code   RO         2099    .ARM.Collect$$rtexit$$00000002  c_w.l(rtexit2.o)
    0x00000190   0x00000004   Code   RO         2100    .ARM.Collect$$rtexit$$00000003  c_w.l(rtexit2.o)
    0x00000194   0x00000006   Code   RO         2101    .ARM.Collect$$rtexit$$00000004  c_w.l(rtexit2.o)
    0x0000019a   0x00000002   PAD
    0x0000019c   0x00000040   Code   RO          638    .text               startup_lpc17xx.o
    0x000001dc   0x00000002   Code   RO         1710    .text               c_w.l(use_no_semi.o)
    0x000001de   0x00000002   PAD
    0x000001e0   0x0000002c   Code   RO         1714    .text               c_w.l(__2sprintf.o)
    0x0000020c   0x0000004e   Code   RO         1720    .text               c_w.l(_printf_pad.o)
    0x0000025a   0x00000052   Code   RO         1722    .text               c_w.l(_printf_str.o)
    0x000002ac   0x00000028   Code   RO         1726    .text               c_w.l(_printf_charcount.o)
    0x000002d4   0x0000001a   Code   RO         1779    .text               c_w.l(atoi.o)
    0x000002ee   0x00000006   Code   RO         1801    .text               c_w.l(heapauxi.o)
    0x000002f4   0x00000008   Code   RO         1813    .text               c_w.l(rt_errno_addr_intlibspace.o)
    0x000002fc   0x00000004   Code   RO          637    .ARM.__at_0x02FC    startup_lpc17xx.o
    0x00000300   0x00000078   Code   RO         1724    .text               c_w.l(_printf_dec.o)
    0x00000378   0x00000054   Code   RO         1737    .text               c_w.l(_printf_hex_ptr.o)
    0x000003cc   0x00000188   Code   RO         1766    .text               c_w.l(__printf_flags_ss_wp.o)
    0x00000554   0x0000003c   Code   RO         1775    .text               c_w.l(__0sscanf.o)
    0x00000590   0x0000014c   Code   RO         1777    .text               c_w.l(_scanf_int.o)
    0x000006dc   0x0000004c   Code   RO         1781    .text               c_w.l(fclose.o)
    0x00000728   0x00000032   Code   RO         1785    .text               c_w.l(strncasecmp.o)
    0x0000075a   0x0000003e   Code   RO         1787    .text               c_w.l(strlen.o)
    0x00000798   0x0000008a   Code   RO         1789    .text               c_w.l(rt_memcpy_v6.o)
    0x00000822   0x00000064   Code   RO         1791    .text               c_w.l(rt_memcpy_w.o)
    0x00000886   0x00000044   Code   RO         1795    .text               c_w.l(rt_memclr.o)
    0x000008ca   0x0000004e   Code   RO         1797    .text               c_w.l(rt_memclr_w.o)
    0x00000918   0x00000080   Code   RO         1799    .text               c_w.l(strcmpv7m.o)
    0x00000998   0x0000004e   Code   RO         1817    .text               c_w.l(h1_free.o)
    0x000009e6   0x0000001a   Code   RO         1871    .text               c_w.l(tolower.o)
    0x00000a00   0x000000b2   Code   RO         1873    .text               c_w.l(_printf_intcommon.o)
    0x00000ab2   0x00000002   PAD
    0x00000ab4   0x00000030   Code   RO         1875    .text               c_w.l(_printf_char_common.o)
    0x00000ae4   0x0000000a   Code   RO         1877    .text               c_w.l(_sputc.o)
    0x00000aee   0x0000002c   Code   RO         1879    .text               c_w.l(_printf_char.o)
    0x00000b1a   0x0000001c   Code   RO         1882    .text               c_w.l(_chval.o)
    0x00000b36   0x00000002   PAD
    0x00000b38   0x0000002c   Code   RO         1884    .text               c_w.l(scanf_char.o)
    0x00000b64   0x00000040   Code   RO         1886    .text               c_w.l(_sgetc.o)
    0x00000ba4   0x00000070   Code   RO         1888    .text               c_w.l(strtol.o)
    0x00000c14   0x000000f0   Code   RO         1890    .text               c_w.l(stdio.o)
    0x00000d04   0x00000008   Code   RO         1893    .text               c_w.l(libspace.o)
    0x00000d0c   0x00000010   Code   RO         1913    .text               c_w.l(rt_ctype_table.o)
    0x00000d1c   0x00000008   Code   RO         1920    .text               c_w.l(rt_heap_descriptor_intlibspace.o)
    0x00000d24   0x00000012   Code   RO         1944    .text               c_w.l(isspace.o)
    0x00000d36   0x00000002   PAD
    0x00000d38   0x00000374   Code   RO         1948    .text               c_w.l(_scanf.o)
    0x000010ac   0x0000009e   Code   RO         1950    .text               c_w.l(_strtoul.o)
    0x0000114a   0x0000004a   Code   RO         1956    .text               c_w.l(sys_stackheap_outer.o)
    0x00001194   0x00000008   Code   RO         1961    .text               c_w.l(rt_locale_intlibspace.o)
    0x0000119c   0x00000012   Code   RO         1990    .text               c_w.l(exit.o)
    0x000011ae   0x00000002   PAD
    0x000011b0   0x00000030   Code   RO          341    i.BusSpeed          spi_lpc17xx.o
    0x000011e0   0x00000018   Code   RO          342    i.CheckMedia        spi_lpc17xx.o
    0x000011f8   0x00000198   Code   RO          451    i.EINT3_IRQHandler  main.o
    0x00001390   0x000000b8   Code   RO          759    i.ENET_IRQHandler   emac_lpc17xx.o
    0x00001448   0x000000b4   Code   RO          343    i.Init              spi_lpc17xx.o
    0x000014fc   0x0000003c   Code   RO          453    i.LED_out           main.o
    0x00001538   0x00000016   Code   RO          454    i.NVIC_EnableIRQ    main.o
    0x0000154e   0x00000002   PAD
    0x00001550   0x00000034   Code   RO          344    i.RecBuf            spi_lpc17xx.o
    0x00001584   0x0000004c   Code   RO          420    i.SER_Init          serial.o
    0x000015d0   0x00000018   Code   RO          421    i.SER_PutChar       serial.o
    0x000015e8   0x00000020   Code   RO          345    i.Send              spi_lpc17xx.o
    0x00001608   0x00000044   Code   RO          346    i.SendBuf           spi_lpc17xx.o
    0x0000164c   0x00000020   Code   RO          347    i.SetSS             spi_lpc17xx.o
    0x0000166c   0x00000140   Code   RO          598    i.SystemInit        system_lpc17xx.o
    0x000017ac   0x0000001c   Code   RO          903    i.TIMER1_IRQHandler  timer.o
    0x000017c8   0x00000070   Code   RO          348    i.UnInit            spi_lpc17xx.o
    0x00001838   0x00000054   Code   RO          967    i.__sys_close       FS_CM3.lib(fs_sys.o)
    0x0000188c   0x0000004c   Code   RO          972    i.__sys_seek        FS_CM3.lib(fs_sys.o)
    0x000018d8   0x00000058   Code   RO          973    i.__sys_write       FS_CM3.lib(fs_sys.o)
    0x00001930   0x0000000e   Code   RO         1759    i._is_digit         c_w.l(__printf_wp.o)
    0x0000193e   0x00000016   Code   RO          227    i._sys_close        retarget.o
    0x00001954   0x00000004   Code   RO          230    i._sys_exit         retarget.o
    0x00001958   0x0000001c   Code   RO          235    i._sys_seek         retarget.o
    0x00001974   0x00000042   Code   RO          237    i._sys_write        retarget.o
    0x000019b6   0x00000002   PAD
    0x000019b8   0x00000034   Code   RO         1201    i.add_server_id     TCP_CM3.lib(at_http.o)
    0x000019ec   0x000000b8   Code   RO         1394    i.alloc_mem         TCP_CM3.lib(at_mem.o)
    0x00001aa4   0x000000b8   Code   RO         1628    i.arp_cache_add     TCP_CM3.lib(at_arp.o)
    0x00001b5c   0x00000088   Code   RO         1629    i.arp_cache_alloc   TCP_CM3.lib(at_arp.o)
    0x00001be4   0x00000098   Code   RO         1630    i.arp_cache_early   TCP_CM3.lib(at_arp.o)
    0x00001c7c   0x000000b4   Code   RO         1631    i.arp_cache_find    TCP_CM3.lib(at_arp.o)
    0x00001d30   0x000000f4   Code   RO         1634    i.arp_cache_update  TCP_CM3.lib(at_arp.o)
    0x00001e24   0x0000002c   Code   RO         1637    i.arp_init          TCP_CM3.lib(at_arp.o)
    0x00001e50   0x00000034   Code   RO         1638    i.arp_is_cacheable  TCP_CM3.lib(at_arp.o)
    0x00001e84   0x00000028   Code   RO         1639    i.arp_notify        TCP_CM3.lib(at_arp.o)
    0x00001eac   0x00000014   Code   RO         1640    i.arp_probe         TCP_CM3.lib(at_arp.o)
    0x00001ec0   0x00000088   Code   RO         1641    i.arp_proc_response  TCP_CM3.lib(at_arp.o)
    0x00001f48   0x00000138   Code   RO         1642    i.arp_process       TCP_CM3.lib(at_arp.o)
    0x00002080   0x000000a0   Code   RO         1643    i.arp_send_reply    TCP_CM3.lib(at_arp.o)
    0x00002120   0x000000b8   Code   RO         1644    i.arp_send_request  TCP_CM3.lib(at_arp.o)
    0x000021d8   0x0000001c   Code   RO         1395    i.avail_mem         TCP_CM3.lib(at_mem.o)
    0x000021f4   0x00000078   Code   RO         1339    i.b64_to_asc        TCP_CM3.lib(at_lib.o)
    0x0000226c   0x000000b0   Code   RO         1430    i.bs_read           FS_CM3.lib(fs_fat.o)
    0x0000231c   0x00000092   Code   RO         1432    i.cache_fat         FS_CM3.lib(fs_fat.o)
    0x000023ae   0x00000012   Code   RO         1341    i.calc_chksum16be   TCP_CM3.lib(at_lib.o)
    0x000023c0   0x00000114   Code   RO          656    i.cgi_func          http_cgi.o
    0x000024d4   0x00000170   Code   RO          657    i.cgi_process_data  http_cgi.o
    0x00002644   0x00000194   Code   RO          658    i.cgi_process_var   http_cgi.o
    0x000027d8   0x00000004   Code   RO         1202    i.cgx_content_type  TCP_CM3.lib(at_http.o)
    0x000027dc   0x00000060   Code   RO         1433    i.char_validate     FS_CM3.lib(fs_fat.o)
    0x0000283c   0x000001cc   Code   RO         1203    i.chk_post_req      TCP_CM3.lib(at_http.o)
    0x00002a08   0x00000028   Code   RO         1342    i.chksum16_buf      TCP_CM3.lib(at_lib.o)
    0x00002a30   0x0000000a   Code   RO         1343    i.chksum16_val      TCP_CM3.lib(at_lib.o)
    0x00002a3a   0x00000024   Code   RO         1435    i.clus_to_sect      FS_CM3.lib(fs_fat.o)
    0x00002a5e   0x0000001e   Code   RO         1204    i.cmp_fname_ext     TCP_CM3.lib(at_http.o)
    0x00002a7c   0x00000028   Code   RO         1205    i.cmp_header        TCP_CM3.lib(at_http.o)
    0x00002aa4   0x00000070   Code   RO          853    i.command           display4bit.o
    0x00002b14   0x0000010a   Code   RO         1436    i.count_free_clus   FS_CM3.lib(fs_fat.o)
    0x00002c1e   0x0000001e   Code   RO          455    i.delay_main        main.o
    0x00002c3c   0x00000002   Code   RO         1293    i.dhcp_cbfunc       TCP_CM3.lib(at_dhcp.o)
    0x00002c3e   0x00000002   PAD
    0x00002c40   0x0000010c   Code   RO          457    i.dhcp_check        main.o
    0x00002d4c   0x0000003c   Code   RO         1294    i.dhcp_disable      TCP_CM3.lib(at_dhcp.o)
    0x00002d88   0x00000050   Code   RO         1295    i.dhcp_init         TCP_CM3.lib(at_dhcp.o)
    0x00002dd8   0x000001fc   Code   RO         1296    i.dhcp_listener     TCP_CM3.lib(at_dhcp.o)
    0x00002fd4   0x000001c4   Code   RO         1297    i.dhcp_run_client   TCP_CM3.lib(at_dhcp.o)
    0x00003198   0x00000210   Code   RO         1298    i.dhcp_send_message  TCP_CM3.lib(at_dhcp.o)
    0x000033a8   0x0000000c   Code   RO          854    i.ds_delay          display4bit.o
    0x000033b4   0x00000004   Code   RO            7    i.efs_ffind         file_config.o
    0x000033b8   0x00000002   Code   RO           11    i.efs_fsize         file_config.o
    0x000033ba   0x00000004   Code   RO           14    i.efs_seek          file_config.o
    0x000033be   0x00000004   Code   RO           15    i.efs_wclose        file_config.o
    0x000033c2   0x00000004   Code   RO           16    i.efs_write         file_config.o
    0x000033c6   0x00000004   Code   RO           17    i.elink_cmd         file_config.o
    0x000033ca   0x00000004   Code   RO           19    i.elink_flush       file_config.o
    0x000033ce   0x00000004   Code   RO           20    i.elink_init        file_config.o
    0x000033d2   0x00000004   Code   RO           21    i.elink_init_path   file_config.o
    0x000033d6   0x00000004   Code   RO           22    i.elink_insert      file_config.o
    0x000033da   0x00000004   Code   RO           23    i.elink_scan        file_config.o
    0x000033de   0x00000028   Code   RO         1440    i.entry_flush       FS_CM3.lib(fs_fat.o)
    0x00003406   0x00000032   Code   RO         1441    i.entry_pos_comp    FS_CM3.lib(fs_fat.o)
    0x00003438   0x00000058   Code   RO         1442    i.entry_pos_set     FS_CM3.lib(fs_fat.o)
    0x00003490   0x00000036   Code   RO         1443    i.entry_read        FS_CM3.lib(fs_fat.o)
    0x000034c6   0x0000002e   Code   RO         1444    i.entry_type        FS_CM3.lib(fs_fat.o)
    0x000034f4   0x00000010   Code   RO         1318    i.eth_chk_adr       TCP_CM3.lib(at_ethernet.o)
    0x00003504   0x00000034   Code   RO         1320    i.eth_init_link     TCP_CM3.lib(at_ethernet.o)
    0x00003538   0x000000d4   Code   RO         1321    i.eth_run_link      TCP_CM3.lib(at_ethernet.o)
    0x0000360c   0x000000a8   Code   RO         1322    i.eth_send_frame    TCP_CM3.lib(at_ethernet.o)
    0x000036b4   0x000000d8   Code   RO         1446    i.fat_close         FS_CM3.lib(fs_fat.o)
    0x0000378c   0x00000030   Code   RO         1447    i.fat_crc32         FS_CM3.lib(fs_fat.o)
    0x000037bc   0x000000f2   Code   RO         1449    i.fat_ffind         FS_CM3.lib(fs_fat.o)
    0x000038ae   0x00000152   Code   RO         1452    i.fat_init          FS_CM3.lib(fs_fat.o)
    0x00003a00   0x00000004   Code   RO           24    i.fat_jour_init     file_config.o
    0x00003a04   0x000000b6   Code   RO         1459    i.fat_seek          FS_CM3.lib(fs_fat.o)
    0x00003aba   0x00000124   Code   RO         1460    i.fat_write         FS_CM3.lib(fs_fat.o)
    0x00003bde   0x00000002   PAD
    0x00003be0   0x000001c0   Code   RO          992    i.ffind             FS_CM3.lib(fs_mapi.o)
    0x00003da0   0x00000010   Code   RO          458    i.finish_the_call   main.o
    0x00003db0   0x0000007c   Code   RO          996    i.finit             FS_CM3.lib(fs_mapi.o)
    0x00003e2c   0x0000022c   Code   RO         1464    i.frec_find         FS_CM3.lib(fs_fat.o)
    0x00004058   0x00000058   Code   RO         1465    i.frec_find_elink   FS_CM3.lib(fs_fat.o)
    0x000040b0   0x00000110   Code   RO         1466    i.frec_next         FS_CM3.lib(fs_fat.o)
    0x000041c0   0x00000084   Code   RO         1396    i.free_mem          TCP_CM3.lib(at_mem.o)
    0x00004244   0x00000070   Code   RO          998    i.fs_cfg_drv        FS_CM3.lib(fs_mapi.o)
    0x000042b4   0x0000002e   Code   RO         1603    i.fs_chk_media      FS_CM3.lib(fs_lib.o)
    0x000042e2   0x00000002   PAD
    0x000042e4   0x0000002c   Code   RO           26    i.fs_config         file_config.o
    0x00004310   0x0000002c   Code   RO         1607    i.fs_find_drv       FS_CM3.lib(fs_lib.o)
    0x0000433c   0x00000038   Code   RO         1608    i.fs_find_iob       FS_CM3.lib(fs_lib.o)
    0x00004374   0x00000008   Code   RO         1698    i.fs_get_date       FS_CM3.lib(fs_time.o)
    0x0000437c   0x00000006   Code   RO         1699    i.fs_get_time       FS_CM3.lib(fs_time.o)
    0x00004382   0x00000002   PAD
    0x00004384   0x00000078   Code   RO         1609    i.fs_map_drive      FS_CM3.lib(fs_lib.o)
    0x000043fc   0x00000018   Code   RO         1611    i.fs_strpos         FS_CM3.lib(fs_lib.o)
    0x00004414   0x00000080   Code   RO         1467    i.fsinfo_read       FS_CM3.lib(fs_fat.o)
    0x00004494   0x00000064   Code   RO         1468    i.fsinfo_write      FS_CM3.lib(fs_fat.o)
    0x000044f8   0x00000004   Code   RO           29    i.fsj_write         file_config.o
    0x000044fc   0x00000158   Code   RO          459    i.getSDData         main.o
    0x00004654   0x00000022   Code   RO         1469    i.get_EOC           FS_CM3.lib(fs_fat.o)
    0x00004676   0x00000002   PAD
    0x00004678   0x00000034   Code   RO          460    i.get_button        main.o
    0x000046ac   0x00000050   Code   RO          461    i.get_cal_status    main.o
    0x000046fc   0x00000028   Code   RO         1345    i.get_crc32         TCP_CM3.lib(at_lib.o)
    0x00004724   0x0000002e   Code   RO         1471    i.get_date          FS_CM3.lib(fs_fat.o)
    0x00004752   0x00000032   Code   RO         1472    i.get_fat_sect      FS_CM3.lib(fs_fat.o)
    0x00004784   0x00000068   Code   RO         1206    i.get_file_type     TCP_CM3.lib(at_http.o)
    0x000047ec   0x000000dc   Code   RO         1474    i.get_free_clus     FS_CM3.lib(fs_fat.o)
    0x000048c8   0x00000028   Code   RO         1207    i.get_next_field    TCP_CM3.lib(at_http.o)
    0x000048f0   0x00000032   Code   RO         1208    i.get_next_par      TCP_CM3.lib(at_http.o)
    0x00004922   0x00000002   PAD
    0x00004924   0x0000001c   Code   RO         1414    i.get_rnd32         TCP_CM3.lib(at_system.o)
    0x00004940   0x0000002e   Code   RO         1476    i.get_time          FS_CM3.lib(fs_fat.o)
    0x0000496e   0x0000000a   Code   RO         1477    i.get_u16           FS_CM3.lib(fs_fat.o)
    0x00004978   0x00000016   Code   RO         1478    i.get_u32           FS_CM3.lib(fs_fat.o)
    0x0000498e   0x00000002   PAD
    0x00004990   0x00000038   Code   RO          462    i.gpio_interrupt_set  main.o
    0x000049c8   0x00000012   Code   RO         1209    i.hex2byte          TCP_CM3.lib(at_http.o)
    0x000049da   0x00000004   Code   RO         1210    i.http_accept_host  TCP_CM3.lib(at_http.o)
    0x000049de   0x00000002   PAD
    0x000049e0   0x000002fc   Code   RO         1211    i.http_add_header   TCP_CM3.lib(at_http.o)
    0x00004cdc   0x00000004   Code   RO         1212    i.http_check_account  TCP_CM3.lib(at_http.o)
    0x00004ce0   0x00000004   Code   RO         1214    i.http_encoding     TCP_CM3.lib(at_http.o)
    0x00004ce4   0x00000188   Code   RO         1215    i.http_error_msg    TCP_CM3.lib(at_http.o)
    0x00004e6c   0x00000002   Code   RO         1682    i.http_fclose       TCP_CM3.lib(at_http_uif.o)
    0x00004e6e   0x00000004   Code   RO         1683    i.http_fgets        TCP_CM3.lib(at_http_uif.o)
    0x00004e72   0x00000004   Code   RO         1216    i.http_file_access  TCP_CM3.lib(at_http.o)
    0x00004e76   0x00000004   Code   RO         1684    i.http_finfo        TCP_CM3.lib(at_http_uif.o)
    0x00004e7a   0x00000004   Code   RO         1685    i.http_fopen        TCP_CM3.lib(at_http_uif.o)
    0x00004e7e   0x00000004   Code   RO         1686    i.http_fread        TCP_CM3.lib(at_http_uif.o)
    0x00004e82   0x00000002   PAD
    0x00004e84   0x0000006c   Code   RO         1222    i.http_get_var      TCP_CM3.lib(at_http.o)
    0x00004ef0   0x00000050   Code   RO         1223    i.http_init         TCP_CM3.lib(at_http.o)
    0x00004f40   0x0000005e   Code   RO         1224    i.http_kill_session  TCP_CM3.lib(at_http.o)
    0x00004f9e   0x00000002   PAD
    0x00004fa0   0x00000224   Code   RO         1225    i.http_listener     TCP_CM3.lib(at_http.o)
    0x000051c4   0x00000120   Code   RO         1226    i.http_open_file    TCP_CM3.lib(at_http.o)
    0x000052e4   0x00000154   Code   RO         1227    i.http_proc_header  TCP_CM3.lib(at_http.o)
    0x00005438   0x0000017c   Code   RO         1228    i.http_proc_multipart  TCP_CM3.lib(at_http.o)
    0x000055b4   0x000000f8   Code   RO         1229    i.http_proc_post    TCP_CM3.lib(at_http.o)
    0x000056ac   0x0000033c   Code   RO         1230    i.http_run_server   TCP_CM3.lib(at_http.o)
    0x000059e8   0x0000001e   Code   RO         1231    i.http_strcpy       TCP_CM3.lib(at_http.o)
    0x00005a06   0x00000002   PAD
    0x00005a08   0x000000a8   Code   RO         1232    i.http_to_utc       TCP_CM3.lib(at_http.o)
    0x00005ab0   0x00000010   Code   RO         1080    i.icmp_init         TCP_CM3.lib(at_icmp.o)
    0x00005ac0   0x000000cc   Code   RO         1082    i.icmp_process      TCP_CM3.lib(at_icmp.o)
    0x00005b8c   0x00000048   Code   RO         1083    i.icmp_run_engine   TCP_CM3.lib(at_icmp.o)
    0x00005bd4   0x00000070   Code   RO         1084    i.icmp_send_message  TCP_CM3.lib(at_icmp.o)
    0x00005c44   0x00000038   Code   RO         1397    i.ifree_mem         TCP_CM3.lib(at_mem.o)
    0x00005c7c   0x00000004   Code   RO          694    i.igmp_is_member    net_config.o
    0x00005c80   0x00000002   Code   RO          695    i.igmp_process      net_config.o
    0x00005c82   0x00000002   PAD
    0x00005c84   0x00000028   Code   RO          463    i.init              main.o
    0x00005cac   0x00000030   Code   RO         1415    i.init_TcpNet       TCP_CM3.lib(at_system.o)
    0x00005cdc   0x000000d2   Code   RO         1001    i.init_drv          FS_CM3.lib(fs_mapi.o)
    0x00005dae   0x00000002   PAD
    0x00005db0   0x00000238   Code   RO          760    i.init_ethernet     emac_lpc17xx.o
    0x00005fe8   0x00000002   Code   RO          464    i.init_io           main.o
    0x00005fea   0x00000002   PAD
    0x00005fec   0x00000060   Code   RO         1398    i.init_mem          TCP_CM3.lib(at_mem.o)
    0x0000604c   0x00000026   Code   RO          696    i.init_system       net_config.o
    0x00006072   0x00000002   PAD
    0x00006074   0x00000038   Code   RO          761    i.input_MDIO        emac_lpc17xx.o
    0x000060ac   0x00000018   Code   RO          762    i.int_disable_eth   emac_lpc17xx.o
    0x000060c4   0x00000016   Code   RO          763    i.int_enable_eth    emac_lpc17xx.o
    0x000060da   0x00000002   PAD
    0x000060dc   0x000000c8   Code   RO         1060    i.ip_chk_frame      TCP_CM3.lib(at_ip.o)
    0x000061a4   0x0000000a   Code   RO         1061    i.ip_get_chksum     TCP_CM3.lib(at_ip.o)
    0x000061ae   0x00000002   PAD
    0x000061b0   0x000000b8   Code   RO         1062    i.ip_get_locadr     TCP_CM3.lib(at_ip.o)
    0x00006268   0x0000000c   Code   RO         1063    i.ip_init           TCP_CM3.lib(at_ip.o)
    0x00006274   0x0000005c   Code   RO         1064    i.ip_run_local      TCP_CM3.lib(at_ip.o)
    0x000062d0   0x00000150   Code   RO         1065    i.ip_send_frame     TCP_CM3.lib(at_ip.o)
    0x00006420   0x00000034   Code   RO         1479    i.is_EOC            FS_CM3.lib(fs_fat.o)
    0x00006454   0x00000014   Code   RO         1346    i.is_subnet         TCP_CM3.lib(at_lib.o)
    0x00006468   0x00000138   Code   RO          855    i.lcd_init_4bit     display4bit.o
    0x000065a0   0x00000070   Code   RO          856    i.lcd_putchar       display4bit.o
    0x00006610   0x00000018   Code   RO          857    i.lcd_putsf         display4bit.o
    0x00006628   0x0000004c   Code   RO          465    i.main              main.o
    0x00006674   0x00000064   Code   RO         1416    i.main_TcpNet       TCP_CM3.lib(at_system.o)
    0x000066d8   0x0000000c   Code   RO           30    i.mc0_DevCtrl       file_config.o
    0x000066e4   0x0000000c   Code   RO           31    i.mc0_Init          file_config.o
    0x000066f0   0x0000000c   Code   RO           32    i.mc0_RdInfo        file_config.o
    0x000066fc   0x0000000c   Code   RO           33    i.mc0_RdSect        file_config.o
    0x00006708   0x0000000c   Code   RO           34    i.mc0_UnInit        file_config.o
    0x00006714   0x0000000c   Code   RO           35    i.mc0_WrSect        file_config.o
    0x00006720   0x00000018   Code   RO         1347    i.mem_comp          TCP_CM3.lib(at_lib.o)
    0x00006738   0x00000016   Code   RO         1348    i.mem_copy          TCP_CM3.lib(at_lib.o)
    0x0000674e   0x00000020   Code   RO         1349    i.mem_crc32         TCP_CM3.lib(at_lib.o)
    0x0000676e   0x0000000a   Code   RO         1351    i.mem_set           TCP_CM3.lib(at_lib.o)
    0x00006778   0x00000014   Code   RO         1352    i.mem_test          TCP_CM3.lib(at_lib.o)
    0x0000678c   0x00000024   Code   RO         1027    i.mmc_DevCtrl       FS_CM3.lib(fs_mmc.o)
    0x000067b0   0x00000212   Code   RO         1028    i.mmc_Init          FS_CM3.lib(fs_mmc.o)
    0x000069c2   0x0000005e   Code   RO         1029    i.mmc_ReadInfo      FS_CM3.lib(fs_mmc.o)
    0x00006a20   0x00000058   Code   RO         1030    i.mmc_ReadSector    FS_CM3.lib(fs_mmc.o)
    0x00006a78   0x00000018   Code   RO         1031    i.mmc_UnInit        FS_CM3.lib(fs_mmc.o)
    0x00006a90   0x0000005c   Code   RO         1032    i.mmc_WriteSector   FS_CM3.lib(fs_mmc.o)
    0x00006aec   0x000000a2   Code   RO         1033    i.mmc_command       FS_CM3.lib(fs_mmc.o)
    0x00006b8e   0x00000086   Code   RO         1034    i.mmc_fill_cid      FS_CM3.lib(fs_mmc.o)
    0x00006c14   0x00000070   Code   RO         1035    i.mmc_read_block    FS_CM3.lib(fs_mmc.o)
    0x00006c84   0x0000003c   Code   RO         1036    i.mmc_read_cid      FS_CM3.lib(fs_mmc.o)
    0x00006cc0   0x000000dc   Code   RO         1037    i.mmc_read_csd      FS_CM3.lib(fs_mmc.o)
    0x00006d9c   0x00000050   Code   RO         1038    i.mmc_read_info     FS_CM3.lib(fs_mmc.o)
    0x00006dec   0x00000094   Code   RO         1039    i.mmc_write_block   FS_CM3.lib(fs_mmc.o)
    0x00006e80   0x0000007a   Code   RO         1490    i.name_analyse      FS_CM3.lib(fs_fat.o)
    0x00006efa   0x00000008   Code   RO         1492    i.name_hash         FS_CM3.lib(fs_fat.o)
    0x00006f02   0x00000052   Code   RO         1494    i.name_strip        FS_CM3.lib(fs_fat.o)
    0x00006f54   0x00000028   Code   RO         1281    i.nbns_init         TCP_CM3.lib(at_nbns.o)
    0x00006f7c   0x00000160   Code   RO         1282    i.nbns_listener     TCP_CM3.lib(at_nbns.o)
    0x000070dc   0x00000016   Code   RO         1354    i.nrd_u32be         TCP_CM3.lib(at_lib.o)
    0x000070f2   0x00000008   Code   RO         1355    i.nwr_u16be         TCP_CM3.lib(at_lib.o)
    0x000070fa   0x00000010   Code   RO         1356    i.nwr_u32be         TCP_CM3.lib(at_lib.o)
    0x0000710a   0x00000002   PAD
    0x0000710c   0x0000004c   Code   RO          764    i.output_MDIO       emac_lpc17xx.o
    0x00007158   0x000000ac   Code   RO         1496    i.path_open         FS_CM3.lib(fs_fat.o)
    0x00007204   0x00000004   Code   RO          697    i.ppp_send_frame    net_config.o
    0x00007208   0x00000068   Code   RO         1299    i.proc_opt_renew    TCP_CM3.lib(at_dhcp.o)
    0x00007270   0x000000e0   Code   RO         1300    i.proc_opt_req      TCP_CM3.lib(at_dhcp.o)
    0x00007350   0x00000034   Code   RO         1301    i.proc_opt_sel      TCP_CM3.lib(at_dhcp.o)
    0x00007384   0x00000028   Code   RO         1233    i.proc_req_line     TCP_CM3.lib(at_http.o)
    0x000073ac   0x00000028   Code   RO         1323    i.put_in_queue      TCP_CM3.lib(at_ethernet.o)
    0x000073d4   0x0000008c   Code   RO          765    i.read_PHY          emac_lpc17xx.o
    0x00007460   0x000000a0   Code   RO         1234    i.read_script_line  TCP_CM3.lib(at_http.o)
    0x00007500   0x00000052   Code   RO         1499    i.read_sector       FS_CM3.lib(fs_fat.o)
    0x00007552   0x00000002   PAD
    0x00007554   0x00000048   Code   RO         1399    i.resize_mem        TCP_CM3.lib(at_mem.o)
    0x0000759c   0x0000001e   Code   RO          698    i.run_system        net_config.o
    0x000075ba   0x00000002   PAD
    0x000075bc   0x00000068   Code   RO          766    i.rx_descr_init     emac_lpc17xx.o
    0x00007624   0x0000004c   Code   RO         1235    i.search_delim      TCP_CM3.lib(at_http.o)
    0x00007670   0x00000048   Code   RO          767    i.send_frame        emac_lpc17xx.o
    0x000076b8   0x00000018   Code   RO          240    i.sendchar          retarget.o
    0x000076d0   0x00000094   Code   RO         1500    i.set_next_clus     FS_CM3.lib(fs_fat.o)
    0x00007764   0x0000000e   Code   RO         1501    i.set_root_clus     FS_CM3.lib(fs_fat.o)
    0x00007772   0x00000008   Code   RO         1502    i.set_u16           FS_CM3.lib(fs_fat.o)
    0x0000777a   0x00000010   Code   RO         1503    i.set_u32           FS_CM3.lib(fs_fat.o)
    0x0000778a   0x00000048   Code   RO         1504    i.sfn_extract       FS_CM3.lib(fs_fat.o)
    0x000077d2   0x0000001a   Code   RO         1505    i.short_ent_hash    FS_CM3.lib(fs_fat.o)
    0x000077ec   0x00000018   Code   RO          466    i.show_massage_to_display  main.o
    0x00007804   0x00000004   Code   RO          699    i.slip_send_frame   net_config.o
    0x00007808   0x0000001e   Code   RO         1506    i.sn_chksum         FS_CM3.lib(fs_fat.o)
    0x00007826   0x00000012   Code   RO         1357    i.str_copy          TCP_CM3.lib(at_lib.o)
    0x00007838   0x0000001a   Code   RO         1358    i.str_crc32         TCP_CM3.lib(at_lib.o)
    0x00007852   0x00000016   Code   RO         1359    i.str_pos           TCP_CM3.lib(at_lib.o)
    0x00007868   0x0000001a   Code   RO         1360    i.str_scomp         TCP_CM3.lib(at_lib.o)
    0x00007882   0x0000001a   Code   RO         1362    i.str_up_case       TCP_CM3.lib(at_lib.o)
    0x0000789c   0x00000024   Code   RO          701    i.sys_error         net_config.o
    0x000078c0   0x00000050   Code   RO         1097    i.tcp_abort         TCP_CM3.lib(at_tcp.o)
    0x00007910   0x0000009c   Code   RO         1099    i.tcp_close         TCP_CM3.lib(at_tcp.o)
    0x000079ac   0x00000020   Code   RO         1102    i.tcp_get_buf       TCP_CM3.lib(at_tcp.o)
    0x000079cc   0x0000004c   Code   RO         1104    i.tcp_get_socket    TCP_CM3.lib(at_tcp.o)
    0x00007a18   0x00000024   Code   RO         1105    i.tcp_get_state     TCP_CM3.lib(at_tcp.o)
    0x00007a3c   0x00000018   Code   RO         1106    i.tcp_init          TCP_CM3.lib(at_tcp.o)
    0x00007a54   0x0000006c   Code   RO         1108    i.tcp_listen        TCP_CM3.lib(at_tcp.o)
    0x00007ac0   0x00000098   Code   RO         1109    i.tcp_map_socket    TCP_CM3.lib(at_tcp.o)
    0x00007b58   0x00000024   Code   RO         1110    i.tcp_max_dsize     TCP_CM3.lib(at_tcp.o)
    0x00007b7c   0x0000005e   Code   RO         1112    i.tcp_parse_opt     TCP_CM3.lib(at_tcp.o)
    0x00007bda   0x00000002   PAD
    0x00007bdc   0x00000284   Code   RO         1113    i.tcp_poll_sockets  TCP_CM3.lib(at_tcp.o)
    0x00007e60   0x000000c8   Code   RO         1114    i.tcp_proc_acknr    TCP_CM3.lib(at_tcp.o)
    0x00007f28   0x00000052   Code   RO         1115    i.tcp_proc_dupack   TCP_CM3.lib(at_tcp.o)
    0x00007f7a   0x00000002   PAD
    0x00007f7c   0x000004b8   Code   RO         1116    i.tcp_process       TCP_CM3.lib(at_tcp.o)
    0x00008434   0x0000001a   Code   RO         1117    i.tcp_que_free      TCP_CM3.lib(at_tcp.o)
    0x0000844e   0x0000001a   Code   RO         1118    i.tcp_que_init      TCP_CM3.lib(at_tcp.o)
    0x00008468   0x00000094   Code   RO         1119    i.tcp_que_resend    TCP_CM3.lib(at_tcp.o)
    0x000084fc   0x000000d4   Code   RO         1123    i.tcp_send          TCP_CM3.lib(at_tcp.o)
    0x000085d0   0x0000006a   Code   RO         1124    i.tcp_send_ctrl     TCP_CM3.lib(at_tcp.o)
    0x0000863a   0x00000050   Code   RO         1125    i.tcp_send_data     TCP_CM3.lib(at_tcp.o)
    0x0000868a   0x00000068   Code   RO         1126    i.tcp_send_reset    TCP_CM3.lib(at_tcp.o)
    0x000086f2   0x00000026   Code   RO         1127    i.tcp_set_cwnd      TCP_CM3.lib(at_tcp.o)
    0x00008718   0x00000068   Code   RO         1128    i.tcp_transit       TCP_CM3.lib(at_tcp.o)
    0x00008780   0x000000c4   Code   RO         1129    i.tcp_write         TCP_CM3.lib(at_tcp.o)
    0x00008844   0x00000020   Code   RO          467    i.timer_poll        main.o
    0x00008864   0x00000014   Code   RO         1417    i.timer_tick        TCP_CM3.lib(at_system.o)
    0x00008878   0x0000002c   Code   RO          768    i.turnaround_MDIO   emac_lpc17xx.o
    0x000088a4   0x0000005c   Code   RO          769    i.tx_descr_init     emac_lpc17xx.o
    0x00008900   0x0000002c   Code   RO         1170    i.udp_close         TCP_CM3.lib(at_udp.o)
    0x0000892c   0x00000020   Code   RO         1172    i.udp_get_buf       TCP_CM3.lib(at_udp.o)
    0x0000894c   0x00000044   Code   RO         1173    i.udp_get_socket    TCP_CM3.lib(at_udp.o)
    0x00008990   0x00000018   Code   RO         1174    i.udp_init          TCP_CM3.lib(at_udp.o)
    0x000089a8   0x00000068   Code   RO         1177    i.udp_open          TCP_CM3.lib(at_udp.o)
    0x00008a10   0x0000002c   Code   RO         1178    i.udp_port_in_use   TCP_CM3.lib(at_udp.o)
    0x00008a3c   0x000000b8   Code   RO         1179    i.udp_process       TCP_CM3.lib(at_udp.o)
    0x00008af4   0x00000030   Code   RO         1180    i.udp_release_socket  TCP_CM3.lib(at_udp.o)
    0x00008b24   0x0000011c   Code   RO         1181    i.udp_send          TCP_CM3.lib(at_udp.o)
    0x00008c40   0x000000e0   Code   RO         1236    i.utc_to_http       TCP_CM3.lib(at_http.o)
    0x00008d20   0x00000090   Code   RO          468    i.welcoming         main.o
    0x00008db0   0x00000088   Code   RO          770    i.write_PHY         emac_lpc17xx.o
    0x00008e38   0x000000ae   Code   RO         1509    i.write_cache       FS_CM3.lib(fs_fat.o)
    0x00008ee6   0x000000e8   Code   RO         1510    i.write_fat_link    FS_CM3.lib(fs_fat.o)
    0x00008fce   0x00000030   Code   RO         1511    i.write_sector      FS_CM3.lib(fs_fat.o)
    0x00008ffe   0x00000002   PAD
    0x00009000   0x0000002c   Code   RO         1988    locale$$code        c_w.l(lc_ctype_c.o)
    0x0000902c   0x00000030   Data   RO           37    .constdata          file_config.o
    0x0000905c   0x00000020   Data   RO          349    .constdata          spi_lpc17xx.o
    0x0000907c   0x00000010   Data   RO          470    .constdata          main.o
    0x0000908c   0x0004ebcc   Data   RO          644    .constdata          web.o
    0x00057c58   0x00000098   Data   RO          703    .constdata          net_config.o
    0x00057cf0   0x00000010   Data   RO         1040    .constdata          FS_CM3.lib(fs_mmc.o)
    0x00057d00   0x00000008   Data   RO         1066    .constdata          TCP_CM3.lib(at_ip.o)
    0x00057d08   0x000000f4   Data   RO         1237    .constdata          TCP_CM3.lib(at_http.o)
    0x00057dfc   0x00000008   Data   RO         1283    .constdata          TCP_CM3.lib(at_nbns.o)
    0x00057e04   0x00000006   Data   RO         1325    .constdata          TCP_CM3.lib(at_ethernet.o)
    0x00057e0a   0x00000002   PAD
    0x00057e0c   0x000004ac   Data   RO         1512    .constdata          FS_CM3.lib(fs_fat.o)
    0x000582b8   0x00000006   Data   RO         1645    .constdata          TCP_CM3.lib(at_arp.o)
    0x000582be   0x00000056   Data   RO         1670    .constdata          TCP_CM3.lib(http_err.o)
    0x00058314   0x00000051   Data   RO         1671    .constdata          TCP_CM3.lib(http_err.o)
    0x00058365   0x0000004e   Data   RO         1672    .constdata          TCP_CM3.lib(http_err.o)
    0x000583b3   0x0000004b   Data   RO         1673    .constdata          TCP_CM3.lib(http_err.o)
    0x000583fe   0x0000002f   Data   RO         1674    .constdata          TCP_CM3.lib(http_err.o)
    0x0005842d   0x00000088   Data   RO         1675    .constdata          TCP_CM3.lib(http_err.o)
    0x000584b5   0x00000028   Data   RO         1738    .constdata          c_w.l(_printf_hex_ptr.o)
    0x000584dd   0x00000011   Data   RO         1767    .constdata          c_w.l(__printf_flags_ss_wp.o)
    0x000584ee   0x00000002   PAD
    0x000584f0   0x0000001d   Data   RO          704    .conststring        net_config.o
    0x0005850d   0x00000003   PAD
    0x00058510   0x00000040   Data   RO         2136    Region$$Table       anon$$obj.o
    0x00058550   0x00000110   Data   RO         1987    locale$$data        c_w.l(lc_ctype_c.o)


    Execution Region RW_IRAM1 (Base: 0x10000000, Size: 0x00005490, Max: 0x00008000, ABSOLUTE)

    Base Addr    Size         Type   Attr      Idx    E Section Name        Object

    0x10000000   0x0000003e   Data   RW          471    .data               main.o
    0x1000003e   0x00000002   PAD
    0x10000040   0x00000004   Data   RW          599    .data               system_lpc17xx.o
    0x10000044   0x00000001   Data   RW          660    .data               http_cgi.o
    0x10000045   0x00000016   Data   RW          705    .data               net_config.o
    0x1000005b   0x00000001   PAD
    0x1000005c   0x00000008   Data   RW          909    .data               timer.o
    0x10000064   0x00000001   Data   RW         1003    .data               FS_CM3.lib(fs_mapi.o)
    0x10000065   0x00000003   PAD
    0x10000068   0x0000000c   Data   RW         1067    .data               TCP_CM3.lib(at_ip.o)
    0x10000074   0x00000004   Data   RW         1130    .data               TCP_CM3.lib(at_tcp.o)
    0x10000078   0x00000002   Data   RW         1182    .data               TCP_CM3.lib(at_udp.o)
    0x1000007a   0x00000002   PAD
    0x1000007c   0x0000000c   Data   RW         1238    .data               TCP_CM3.lib(at_http.o)
    0x10000088   0x00000001   Data   RW         1284    .data               TCP_CM3.lib(at_nbns.o)
    0x10000089   0x00000003   PAD
    0x1000008c   0x00000008   Data   RW         1646    .data               TCP_CM3.lib(at_arp.o)
    0x10000094   0x000015a0   Zero   RW           36    .bss                file_config.o
    0x10001634   0x0000003c   Zero   RW          469    .bss                main.o
    0x10001670   0x000032ac   Zero   RW          702    .bss                net_config.o
    0x1000491c   0x00000010   Zero   RW         1085    .bss                TCP_CM3.lib(at_icmp.o)
    0x1000492c   0x00000020   Zero   RW         1302    .bss                TCP_CM3.lib(at_dhcp.o)
    0x1000494c   0x00000084   Zero   RW         1324    .bss                TCP_CM3.lib(at_ethernet.o)
    0x100049d0   0x00000010   Zero   RW         1400    .bss                TCP_CM3.lib(at_mem.o)
    0x100049e0   0x0000004c   Zero   RW         1418    .bss                TCP_CM3.lib(at_system.o)
    0x10004a2c   0x00000060   Zero   RW         1894    .bss                c_w.l(libspace.o)
    0x10004a8c   0x00000004   PAD
    0x10004a90   0x00000200   Zero   RW          635    HEAP                startup_lpc17xx.o
    0x10004c90   0x00000800   Zero   RW          634    STACK               startup_lpc17xx.o


    Execution Region RW_IRAM2 (Base: 0x2007c000, Size: 0x00002a6c, Max: 0x00008000, ABSOLUTE)

    Base Addr    Size         Type   Attr      Idx    E Section Name        Object

    0x2007c000   0x00000005   Data   RW          772    .data               emac_lpc17xx.o
    0x2007c005   0x00000003   PAD
    0x2007c008   0x00002a64   Zero   RW          771    .bss                emac_lpc17xx.o


==============================================================================

Image component sizes


      Code (inc. data)   RO Data    RW Data    ZI Data      Debug   Object Name

       572         18          0          0          0       2635   display4bit.o
      1518        150          0          5      10852      53730   emac_lpc17xx.o
       166         48         48          0       5536      27050   file_config.o
      1048        246          0          1          0       9820   http_cgi.o
      1654        594         16         62         60      57155   main.o
       118          8        181         22      12972       4754   net_config.o
       144          0          0          0          0      10917   retarget.o
       100         16          0          0          0        893   serial.o
       548         76         32          0          0       7575   spi_lpc17xx.o
        68         30        204          0       2560        948   startup_lpc17xx.o
       320         18          0          4          0        803   system_lpc17xx.o
        28         10          0          8          0        956   timer.o
         0          0     322508          0          0       6817   web.o

    ----------------------------------------------------------------------
      6298       1214     323056        108      31980     184053   Object Totals
         0          0         64          0          0          0   (incl. Generated)
        14          0          3          6          0          0   (incl. Padding)

    ----------------------------------------------------------------------

      Code (inc. data)   RO Data    RW Data    ZI Data      Debug   Library Member Name

      5174         52       1196          0          0       3468   fs_fat.o
       290         26          0          0          0        384   fs_lib.o
       894         48          0          1          0        360   fs_mapi.o
      1780         20         16          0          0       1064   fs_mmc.o
       248         28          0          0          0        244   fs_sys.o
        14          4          0          0          0        136   fs_time.o
      1844        144          6          8          0       1108   at_arp.o
      2010        114          0          0         32        812   at_dhcp.o
       488         58          6          0        132        404   at_ethernet.o
      5582       1192        244         12          0       2336   at_http.o
        18          0          0          0          0        340   at_http_uif.o
       404         30          0          0         16        308   at_icmp.o
       834         56          8         12          0        520   at_ip.o
       520          6          0          0          0       1360   at_lib.o
       568         46          0          0         16        520   at_mem.o
       392         26          8          1          0        184   at_nbns.o
       196         40          0          0         76        292   at_system.o
      3968        158          0          4          0       2008   at_tcp.o
       832         44          0          2          0        700   at_udp.o
         0          0        503          0          0          0   http_err.o
        60          8          0          0          0         84   __0sscanf.o
        44          6          0          0          0         84   __2sprintf.o
         8          0          0          0          0         68   __main.o
       392          4         17          0          0         92   __printf_flags_ss_wp.o
        14          0          0          0          0         68   __printf_wp.o
         0          0          0          0          0          0   __rtentry.o
        12          0          0          0          0          0   __rtentry2.o
         6          0          0          0          0          0   __rtentry4.o
        52          8          0          0          0          0   __scatter.o
        26          0          0          0          0          0   __scatter_copy.o
        28          0          0          0          0          0   __scatter_zi.o
        28          0          0          0          0         68   _chval.o
         6          0          0          0          0          0   _printf_c.o
        44          0          0          0          0        108   _printf_char.o
        48          6          0          0          0         96   _printf_char_common.o
        40          0          0          0          0         68   _printf_charcount.o
         6          0          0          0          0          0   _printf_d.o
       120         16          0          0          0         92   _printf_dec.o
        84          6         40          0          0         88   _printf_hex_ptr.o
       178          0          0          0          0         88   _printf_intcommon.o
         6          0          0          0          0          0   _printf_n.o
         6          0          0          0          0          0   _printf_p.o
        78          0          0          0          0        108   _printf_pad.o
         0          0          0          0          0          0   _printf_percent.o
         4          0          0          0          0          0   _printf_percent_end.o
         6          0          0          0          0          0   _printf_s.o
        82          0          0          0          0         80   _printf_str.o
       884          6          0          0          0        100   _scanf.o
       332          0          0          0          0         96   _scanf_int.o
        64          0          0          0          0         84   _sgetc.o
        10          0          0          0          0         68   _sputc.o
       158          0          0          0          0         92   _strtoul.o
        26          0          0          0          0         80   atoi.o
        18          0          0          0          0         80   exit.o
        76          0          0          0          0         88   fclose.o
        78          0          0          0          0         80   h1_free.o
         6          0          0          0          0        152   heapauxi.o
        18          0          0          0          0         76   isspace.o
        44         10        272          0          0         76   lc_ctype_c.o
         2          0          0          0          0          0   libinit.o
        20          0          0          0          0          0   libinit2.o
         2          0          0          0          0          0   libshutdown.o
         2          0          0          0          0          0   libshutdown2.o
         8          4          0          0         96         68   libspace.o
        16          4          0          0          0         76   rt_ctype_table.o
         8          4          0          0          0         68   rt_errno_addr_intlibspace.o
         8          4          0          0          0         68   rt_heap_descriptor_intlibspace.o
         8          4          0          0          0         68   rt_locale_intlibspace.o
        68          0          0          0          0         68   rt_memclr.o
        78          0          0          0          0         80   rt_memclr_w.o
       138          0          0          0          0         68   rt_memcpy_v6.o
       100          0          0          0          0         80   rt_memcpy_w.o
         2          0          0          0          0          0   rtexit.o
        10          0          0          0          0          0   rtexit2.o
        44          8          0          0          0         84   scanf_char.o
       240          6          0          0          0        156   stdio.o
       128          0          0          0          0         68   strcmpv7m.o
        62          0          0          0          0         76   strlen.o
        50          0          0          0          0         84   strncasecmp.o
       112          0          0          0          0         88   strtol.o
        74          0          0          0          0         80   sys_stackheap_outer.o
        26          0          0          0          0         76   tolower.o
         2          0          0          0          0         68   use_no_semi.o

    ----------------------------------------------------------------------
     30406       2196       2320         48        372      20236   Library Totals
        50          0          4          8          4          0   (incl. Padding)

    ----------------------------------------------------------------------

      Code (inc. data)   RO Data    RW Data    ZI Data      Debug   Library Name

      8400        178       1212          1          0       5656   FS_CM3.lib
     17656       1914        775         39        272      10892   TCP_CM3.lib
      4300        104        329          0         96       3688   c_w.l

    ----------------------------------------------------------------------
     30406       2196       2320         48        372      20236   Library Totals

    ----------------------------------------------------------------------

==============================================================================


      Code (inc. data)   RO Data    RW Data    ZI Data      Debug   

     36704       3410     325376        156      32352     187697   Grand Totals
     36704       3410     325376        156      32352     187697   ELF Image Totals
     36704       3410     325376        156          0          0   ROM Totals

==============================================================================

    Total RO  Size (Code + RO Data)               362080 ( 353.59kB)
    Total RW  Size (RW Data + ZI Data)             32508 (  31.75kB)
    Total ROM Size (Code + RO Data + RW Data)     362236 ( 353.75kB)

==============================================================================

