Component: ARM Compiler 5.06 update 4 (build 422) Tool: armlink [4d35d2]

==============================================================================

Section Cross References

    file_config.o(i.fs_config) refers to file_config.o(.bss) for .bss
    file_config.o(i.fs_config) refers to file_config.o(.constdata) for .constdata
    file_config.o(i.fs_config) refers to spi_lpc17xx.o(.constdata) for spi0_drv
    file_config.o(i.mc0_DevCtrl) refers to fs_mmc.o(i.mmc_DevCtrl) for mmc_DevCtrl
    file_config.o(i.mc0_DevCtrl) refers to file_config.o(.bss) for .bss
    file_config.o(i.mc0_Init) refers to fs_mmc.o(i.mmc_Init) for mmc_Init
    file_config.o(i.mc0_Init) refers to file_config.o(.bss) for .bss
    file_config.o(i.mc0_RdInfo) refers to fs_mmc.o(i.mmc_ReadInfo) for mmc_ReadInfo
    file_config.o(i.mc0_RdInfo) refers to file_config.o(.bss) for .bss
    file_config.o(i.mc0_RdSect) refers to fs_mmc.o(i.mmc_ReadSector) for mmc_ReadSector
    file_config.o(i.mc0_RdSect) refers to file_config.o(.bss) for .bss
    file_config.o(i.mc0_UnInit) refers to fs_mmc.o(i.mmc_UnInit) for mmc_UnInit
    file_config.o(i.mc0_UnInit) refers to file_config.o(.bss) for .bss
    file_config.o(i.mc0_WrSect) refers to fs_mmc.o(i.mmc_WriteSector) for mmc_WriteSector
    file_config.o(i.mc0_WrSect) refers to file_config.o(.bss) for .bss
    file_config.o(.constdata) refers to file_config.o(i.mc0_Init) for mc0_Init
    file_config.o(.constdata) refers to file_config.o(i.mc0_UnInit) for mc0_UnInit
    file_config.o(.constdata) refers to file_config.o(i.mc0_RdSect) for mc0_RdSect
    file_config.o(.constdata) refers to file_config.o(i.mc0_WrSect) for mc0_WrSect
    file_config.o(.constdata) refers to file_config.o(i.mc0_RdInfo) for mc0_RdInfo
    file_config.o(.constdata) refers to file_config.o(i.mc0_DevCtrl) for mc0_DevCtrl
    file_config.o(.constdata) refers to file_config.o(.bss) for mc0_vol
    retarget.o(i._sys_close) refers (Special) to use_no_semi.o(.text) for __use_no_semihosting_swi
    retarget.o(i._sys_close) refers to fs_sys.o(i.__sys_close) for __sys_close
    retarget.o(i._sys_command_string) refers (Special) to use_no_semi.o(.text) for __use_no_semihosting_swi
    retarget.o(i._sys_ensure) refers (Special) to use_no_semi.o(.text) for __use_no_semihosting_swi
    retarget.o(i._sys_ensure) refers to fs_sys.o(i.__sys_ensure) for __sys_ensure
    retarget.o(i._sys_exit) refers (Special) to use_no_semi.o(.text) for __use_no_semihosting_swi
    retarget.o(i._sys_flen) refers (Special) to use_no_semi.o(.text) for __use_no_semihosting_swi
    retarget.o(i._sys_flen) refers to fs_sys.o(i.__sys_flen) for __sys_flen
    retarget.o(i._sys_istty) refers (Special) to use_no_semi.o(.text) for __use_no_semihosting_swi
    retarget.o(i._sys_open) refers (Special) to use_no_semi.o(.text) for __use_no_semihosting_swi
    retarget.o(i._sys_open) refers to strcmpv7m.o(.text) for strcmp
    retarget.o(i._sys_open) refers to fs_sys.o(i.__sys_open) for __sys_open
    retarget.o(i._sys_read) refers (Special) to use_no_semi.o(.text) for __use_no_semihosting_swi
    retarget.o(i._sys_read) refers to retarget.o(i.getkey) for getkey
    retarget.o(i._sys_read) refers to fs_sys.o(i.__sys_read) for __sys_read
    retarget.o(i._sys_seek) refers (Special) to use_no_semi.o(.text) for __use_no_semihosting_swi
    retarget.o(i._sys_seek) refers to fs_sys.o(i.__sys_seek) for __sys_seek
    retarget.o(i._sys_tmpnam) refers (Special) to use_no_semi.o(.text) for __use_no_semihosting_swi
    retarget.o(i._sys_write) refers (Special) to use_no_semi.o(.text) for __use_no_semihosting_swi
    retarget.o(i._sys_write) refers to retarget.o(i.sendchar) for sendchar
    retarget.o(i._sys_write) refers to fs_sys.o(i.__sys_write) for __sys_write
    retarget.o(i._ttywrch) refers (Special) to use_no_semi.o(.text) for __use_no_semihosting_swi
    retarget.o(i._ttywrch) refers to retarget.o(i.sendchar) for sendchar
    retarget.o(i.getkey) refers (Special) to use_no_semi.o(.text) for __use_no_semihosting_swi
    retarget.o(i.getkey) refers to serial.o(i.SER_GetChar) for SER_GetChar
    retarget.o(i.sendchar) refers (Special) to use_no_semi.o(.text) for __use_no_semihosting_swi
    retarget.o(i.sendchar) refers to serial.o(i.SER_PutChar) for SER_PutChar
    retarget.o(.constdata) refers (Special) to use_no_semi.o(.text) for __use_no_semihosting_swi
    spi_lpc17xx.o(.constdata) refers to spi_lpc17xx.o(i.Init) for Init
    spi_lpc17xx.o(.constdata) refers to spi_lpc17xx.o(i.UnInit) for UnInit
    spi_lpc17xx.o(.constdata) refers to spi_lpc17xx.o(i.Send) for Send
    spi_lpc17xx.o(.constdata) refers to spi_lpc17xx.o(i.SendBuf) for SendBuf
    spi_lpc17xx.o(.constdata) refers to spi_lpc17xx.o(i.RecBuf) for RecBuf
    spi_lpc17xx.o(.constdata) refers to spi_lpc17xx.o(i.BusSpeed) for BusSpeed
    spi_lpc17xx.o(.constdata) refers to spi_lpc17xx.o(i.SetSS) for SetSS
    spi_lpc17xx.o(.constdata) refers to spi_lpc17xx.o(i.CheckMedia) for CheckMedia
[...]
    read_PHY                                 0x00004cc5   Thumb Code   132  emac_lpc17xx.o(i.read_PHY)
    i.read_script_line                       0x00004d50   Section        0  at_http.o(i.read_script_line)
    read_script_line                         0x00004d51   Thumb Code   160  at_http.o(i.read_script_line)
    i.resize_mem                             0x00004df0   Section        0  at_mem.o(i.resize_mem)
    i.run_system                             0x00004e38   Section        0  net_config.o(i.run_system)
    i.rx_descr_init                          0x00004e58   Section        0  emac_lpc17xx.o(i.rx_descr_init)
    rx_descr_init                            0x00004e59   Thumb Code    84  emac_lpc17xx.o(i.rx_descr_init)
    i.search_delim                           0x00004ec0   Section        0  at_http.o(i.search_delim)
    search_delim                             0x00004ec1   Thumb Code    76  at_http.o(i.search_delim)
    i.send_frame                             0x00004f0c   Section        0  emac_lpc17xx.o(i.send_frame)
    i.showCallerNumberOnDisplay              0x00004f54   Section        0  main.o(i.showCallerNumberOnDisplay)
    i.showRelaysStatusOnDisplay              0x00004f7c   Section        0  main.o(i.showRelaysStatusOnDisplay)
    i.showStatusOnDisplay                    0x00004fc4   Section        0  main.o(i.showStatusOnDisplay)
    i.showToneCodeOnDisplay                  0x00005004   Section        0  main.o(i.showToneCodeOnDisplay)
    i.show_massage_to_display                0x0000502c   Section        0  main.o(i.show_massage_to_display)
    i.slip_send_frame                        0x00005044   Section        0  net_config.o(i.slip_send_frame)
    i.str_copy                               0x00005048   Section        0  at_lib.o(i.str_copy)
    i.str_crc32                              0x0000505a   Section        0  at_lib.o(i.str_crc32)
    i.str_pos                                0x00005074   Section        0  at_lib.o(i.str_pos)
    i.str_scomp                              0x0000508a   Section        0  at_lib.o(i.str_scomp)
    i.str_up_case                            0x000050a4   Section        0  at_lib.o(i.str_up_case)
    i.sys_error                              0x000050be   Section        0  net_config.o(i.sys_error)
    i.tcp_abort                              0x000050e4   Section        0  at_tcp.o(i.tcp_abort)
    i.tcp_close                              0x00005134   Section        0  at_tcp.o(i.tcp_close)
    i.tcp_get_buf                            0x000051d0   Section        0  at_tcp.o(i.tcp_get_buf)
    i.tcp_get_socket                         0x000051f0   Section        0  at_tcp.o(i.tcp_get_socket)
    i.tcp_get_state                          0x0000523c   Section        0  at_tcp.o(i.tcp_get_state)
    i.tcp_init                               0x00005260   Section        0  at_tcp.o(i.tcp_init)
    i.tcp_listen                             0x00005278   Section        0  at_tcp.o(i.tcp_listen)
    i.tcp_map_socket                         0x000052e4   Section        0  at_tcp.o(i.tcp_map_socket)
    tcp_map_socket                           0x000052e5   Thumb Code   146  at_tcp.o(i.tcp_map_socket)
    i.tcp_max_dsize                          0x0000537c   Section        0  at_tcp.o(i.tcp_max_dsize)
    i.tcp_parse_opt                          0x000053a0   Section        0  at_tcp.o(i.tcp_parse_opt)
    tcp_parse_opt                            0x000053a1   Thumb Code    94  at_tcp.o(i.tcp_parse_opt)
    i.tcp_poll_sockets                       0x00005400   Section        0  at_tcp.o(i.tcp_poll_sockets)
    i.tcp_proc_acknr                         0x00005684   Section        0  at_tcp.o(i.tcp_proc_acknr)
    tcp_proc_acknr                           0x00005685   Thumb Code   194  at_tcp.o(i.tcp_proc_acknr)
    i.tcp_proc_dupack                        0x0000574c   Section        0  at_tcp.o(i.tcp_proc_dupack)
    tcp_proc_dupack                          0x0000574d   Thumb Code    82  at_tcp.o(i.tcp_proc_dupack)
    i.tcp_process                            0x000057a0   Section        0  at_tcp.o(i.tcp_process)
    i.tcp_que_free                           0x00005c58   Section        0  at_tcp.o(i.tcp_que_free)
    tcp_que_free                             0x00005c59   Thumb Code    26  at_tcp.o(i.tcp_que_free)
    i.tcp_que_init                           0x00005c72   Section        0  at_tcp.o(i.tcp_que_init)
    tcp_que_init                             0x00005c73   Thumb Code    26  at_tcp.o(i.tcp_que_init)
    i.tcp_que_resend                         0x00005c8c   Section        0  at_tcp.o(i.tcp_que_resend)
    tcp_que_resend                           0x00005c8d   Thumb Code   142  at_tcp.o(i.tcp_que_resend)
    i.tcp_send                               0x00005d20   Section        0  at_tcp.o(i.tcp_send)
    i.tcp_send_ctrl                          0x00005df4   Section        0  at_tcp.o(i.tcp_send_ctrl)
    tcp_send_ctrl                            0x00005df5   Thumb Code   106  at_tcp.o(i.tcp_send_ctrl)
    i.tcp_send_data                          0x00005e5e   Section        0  at_tcp.o(i.tcp_send_data)
    tcp_send_data                            0x00005e5f   Thumb Code    80  at_tcp.o(i.tcp_send_data)
    i.tcp_send_reset                         0x00005eae   Section        0  at_tcp.o(i.tcp_send_reset)
    tcp_send_reset                           0x00005eaf   Thumb Code   104  at_tcp.o(i.tcp_send_reset)
    i.tcp_set_cwnd                           0x00005f16   Section        0  at_tcp.o(i.tcp_set_cwnd)
    tcp_set_cwnd                             0x00005f17   Thumb Code    38  at_tcp.o(i.tcp_set_cwnd)
    i.tcp_transit                            0x00005f3c   Section        0  at_tcp.o(i.tcp_transit)
    tcp_transit                              0x00005f3d   Thumb Code   100  at_tcp.o(i.tcp_transit)
    i.tcp_write                              0x00005fa4   Section        0  at_tcp.o(i.tcp_write)
    tcp_write                                0x00005fa5   Thumb Code   190  at_tcp.o(i.tcp_write)
    i.timer0Inir                             0x00006068   Section        0  main.o(i.timer0Inir)
    i.timer_poll                             0x0000608c   Section        0  main.o(i.timer_poll)
    timer_poll                               0x0000608d   Thumb Code    26  main.o(i.timer_poll)
    i.timer_tick                             0x000060ac   Section        0  at_system.o(i.timer_tick)
    i.turnaround_MDIO                        0x000060c0   Section        0  emac_lpc17xx.o(i.turnaround_MDIO)
    turnaround_MDIO                          0x000060c1   Thumb Code    38  emac_lpc17xx.o(i.turnaround_MDIO)
    i.tx_descr_init                          0x000060ec   Section        0  emac_lpc17xx.o(i.tx_descr_init)
    tx_descr_init                            0x000060ed   Thumb Code    76  emac_lpc17xx.o(i.tx_descr_init)
    i.uartInit                               0x00006148   Section        0  main.o(i.uartInit)
    i.udp_close                              0x000061bc   Section        0  at_udp.o(i.udp_close)
    i.udp_get_buf                            0x000061e8   Section        0  at_udp.o(i.udp_get_buf)
    i.udp_get_socket                         0x00006208   Section        0  at_udp.o(i.udp_get_socket)
    i.udp_init                               0x0000624c   Section        0  at_udp.o(i.udp_init)
    i.udp_open                               0x00006264   Section        0  at_udp.o(i.udp_open)
    i.udp_port_in_use                        0x000062cc   Section        0  at_udp.o(i.udp_port_in_use)
    udp_port_in_use                          0x000062cd   Thumb Code    40  at_udp.o(i.udp_port_in_use)
    i.udp_process                            0x000062f8   Section        0  at_udp.o(i.udp_process)
    i.udp_release_socket                     0x000063b0   Section        0  at_udp.o(i.udp_release_socket)
    i.udp_send                               0x000063e0   Section        0  at_udp.o(i.udp_send)
    i.updateDisplay                          0x000064fc   Section        0  main.o(i.updateDisplay)
    i.utc_to_http                            0x00006510   Section        0  at_http.o(i.utc_to_http)
    utc_to_http                              0x00006511   Thumb Code   180  at_http.o(i.utc_to_http)
    i.write_PHY                              0x000065f0   Section        0  emac_lpc17xx.o(i.write_PHY)
    write_PHY                                0x000065f1   Thumb Code   126  emac_lpc17xx.o(i.write_PHY)
    locale$$code                             0x00006678   Section       44  lc_ctype_c.o(locale$$code)
    .constdata                               0x000066a4   Section    322820  web.o(.constdata)
    Web                                      0x000066a8   Data       322728  web.o(.constdata)
    .constdata                               0x000553a8   Section      152  net_config.o(.constdata)
    .constdata                               0x00055440   Section        8  at_ip.o(.constdata)
    IP_Localhost                             0x00055444   Data           4  at_ip.o(.constdata)
    .constdata                               0x00055448   Section      244  at_http.o(.constdata)
    DYear                                    0x00055448   Data           6  at_http.o(.constdata)
    Month                                    0x0005544e   Data          48  at_http.o(.constdata)
    WkDay                                    0x0005547e   Data          28  at_http.o(.constdata)
    DMonth                                   0x0005549a   Data          24  at_http.o(.constdata)
    ftype                                    0x000554b2   Data         138  at_http.o(.constdata)
    .constdata                               0x0005553c   Section        8  at_nbns.o(.constdata)
    nbns_ttllen                              0x0005553c   Data           8  at_nbns.o(.constdata)
    .constdata                               0x00055544   Section        6  at_ethernet.o(.constdata)
    .constdata                               0x0005554a   Section        6  at_arp.o(.constdata)
    NullAdr                                  0x0005554a   Data           6  at_arp.o(.constdata)
    .constdata                               0x00055550   Section       86  http_err.o(.constdata)
    .constdata                               0x000555a6   Section       81  http_err.o(.constdata)
    .constdata                               0x000555f7   Section       78  http_err.o(.constdata)
    .constdata                               0x00055645   Section       75  http_err.o(.constdata)
    .constdata                               0x00055690   Section       47  http_err.o(.constdata)
    .constdata                               0x000556bf   Section      136  http_err.o(.constdata)
    .constdata                               0x00055747   Section       40  _printf_hex_ptr.o(.constdata)
    uc_hextab                                0x00055747   Data          20  _printf_hex_ptr.o(.constdata)
    lc_hextab                                0x0005575b   Data          20  _printf_hex_ptr.o(.constdata)
    .constdata                               0x0005576f   Section       17  __printf_flags_ss_wp.o(.constdata)
    maptable                                 0x0005576f   Data          17  __printf_flags_ss_wp.o(.constdata)
    .conststring                             0x00055780   Section       29  net_config.o(.conststring)
    locale$$data                             0x000557e0   Section      272  lc_ctype_c.o(locale$$data)
    __lcctype_c_name                         0x000557e4   Data           2  lc_ctype_c.o(locale$$data)
    __lcctype_c_start                        0x000557ec   Data           0  lc_ctype_c.o(locale$$data)
    __lcctype_c_end                          0x000558f0   Data           0  lc_ctype_c.o(locale$$data)
    .data                                    0x10000000   Section       40  main.o(.data)
    .data                                    0x10000028   Section        4  system_lpc17xx.o(.data)
    .data                                    0x1000002c   Section        1  http_cgi.o(.data)
    P2                                       0x1000002c   Data           1  http_cgi.o(.data)
    .data                                    0x1000002d   Section       22  net_config.o(.data)
    .data                                    0x10000044   Section        8  timer.o(.data)
    .data                                    0x1000004c   Section       12  at_ip.o(.data)
    ip_id                                    0x1000004c   Data           2  at_ip.o(.data)
    ip_control                               0x10000050   Data           8  at_ip.o(.data)
    .data                                    0x10000058   Section        4  at_tcp.o(.data)
    socket                                   0x10000058   Data           1  at_tcp.o(.data)
    no_ack                                   0x10000059   Data           1  at_tcp.o(.data)
    port                                     0x1000005a   Data           2  at_tcp.o(.data)
    .data                                    0x1000005c   Section        2  at_udp.o(.data)
    port                                     0x1000005c   Data           2  at_udp.o(.data)
    .data                                    0x10000060   Section       12  at_http.o(.data)
    session                                  0x10000060   Data           1  at_http.o(.data)
    cgi                                      0x10000064   Data           8  at_http.o(.data)
    .data                                    0x1000006c   Section        1  at_nbns.o(.data)
    nbns_Socket                              0x1000006c   Data           1  at_nbns.o(.data)
    .data                                    0x10000070   Section        8  at_arp.o(.data)
    entry                                    0x10000070   Data           1  at_arp.o(.data)
    probe_ip                                 0x10000074   Data           4  at_arp.o(.data)
    .bss                                     0x10000078   Section       26  main.o(.bss)
    .bss                                     0x10000094   Section    12972  net_config.o(.bss)
    mem_pool                                 0x10000094   Data       12000  net_config.o(.bss)
    arp_table                                0x10002f74   Data         140  net_config.o(.bss)
    udp_scb                                  0x10003000   Data          24  net_config.o(.bss)
    tcp_scb                                  0x10003018   Data         476  net_config.o(.bss)
    http_scb                                 0x100031f4   Data         312  net_config.o(.bss)
    http_passw                               0x1000332c   Data          20  net_config.o(.bss)
    .bss                                     0x10003340   Section       16  at_icmp.o(.bss)
    icmp_control                             0x10003340   Data          16  at_icmp.o(.bss)
    .bss                                     0x10003350   Section       32  at_dhcp.o(.bss)
    dhcp_control                             0x10003350   Data          32  at_dhcp.o(.bss)
    .bss                                     0x10003370   Section      132  at_ethernet.o(.bss)
    eth_control                              0x10003370   Data         132  at_ethernet.o(.bss)
    .bss                                     0x100033f4   Section       16  at_mem.o(.bss)
    mem_control                              0x100033f4   Data          16  at_mem.o(.bss)
    .bss                                     0x10003404   Section       76  at_system.o(.bss)
    .bss                                     0x10003450   Section       96  libspace.o(.bss)
    HEAP                                     0x100034b0   Section      512  startup_lpc17xx.o(HEAP)
    Heap_Mem                                 0x100034b0   Data         512  startup_lpc17xx.o(HEAP)
    STACK                                    0x100036b0   Section     2048  startup_lpc17xx.o(STACK)
    Stack_Mem                                0x100036b0   Data        2048  startup_lpc17xx.o(STACK)
    __initial_sp                             0x10003eb0   Data           0  startup_lpc17xx.o(STACK)
    .data                                    0x2007c000   Section        5  emac_lpc17xx.o(.data)
    dev_175x                                 0x2007c004   Data           1  emac_lpc17xx.o(.data)
    .bss                                     0x2007c008   Section    10852  emac_lpc17xx.o(.bss)
    Rx_Desc                                  0x2007c008   Data          32  emac_lpc17xx.o(.bss)
    Rx_Stat                                  0x2007c028   Data          32  emac_lpc17xx.o(.bss)
    Tx_Desc                                  0x2007c048   Data          24  emac_lpc17xx.o(.bss)
    Tx_Stat                                  0x2007c060   Data          12  emac_lpc17xx.o(.bss)
    rx_buf                                   0x2007c06c   Data        6144  emac_lpc17xx.o(.bss)
    tx_buf                                   0x2007d86c   Data        4608  emac_lpc17xx.o(.bss)

    Global Symbols

    Symbol Name                              Value     Ov Type        Size  Object(Section)

    BuildAttributes$$THM_ISAv4$P$D$K$B$S$PE$A:L22UL41UL21$X:L11$S22US41US21$IEEE1$IW$~IW$USESV6$~STKCKD$USESV7$~SHL$OSPACE$ROPI$EBA8$UX$STANDARDLIB$REQ8$PRES8$EABIv2 0x00000000   Number         0  anon$$obj.o ABSOLUTE
    __ARM_use_no_argv                        0x00000000   Number         0  main.o ABSOLUTE
    __Vectors                                0x00000000   Data           4  startup_lpc17xx.o(RESET)
    _printf_flags                            0x00000000   Number         0  printf_stubs.o ABSOLUTE
    _printf_return_value                     0x00000000   Number         0  printf_stubs.o ABSOLUTE
    _printf_sizespec                         0x00000000   Number         0  printf_stubs.o ABSOLUTE
    _printf_widthprec                        0x00000000   Number         0  printf_stubs.o ABSOLUTE
    __ARM_exceptions_init                     - Undefined Weak Reference
    __alloca_initialize                       - Undefined Weak Reference
    __arm_preinit_                            - Undefined Weak Reference
    __cpp_initialize__aeabi_                  - Undefined Weak Reference
    __cxa_finalize                            - Undefined Weak Reference
    __sigvec_lookup                           - Undefined Weak Reference
    _atexit_init                              - Undefined Weak Reference
    _call_atexit_fns                          - Undefined Weak Reference
    _clock_init                               - Undefined Weak Reference
    _fp_trap_init                             - Undefined Weak Reference
    _fp_trap_shutdown                         - Undefined Weak Reference
    _get_lc_collate                           - Undefined Weak Reference
    _get_lc_monetary                          - Undefined Weak Reference
    _get_lc_numeric                           - Undefined Weak Reference
    _get_lc_time                              - Undefined Weak Reference
    _getenv_init                              - Undefined Weak Reference
    _handle_redirection                       - Undefined Weak Reference
    _init_alloc                               - Undefined Weak Reference
    _init_user_alloc                          - Undefined Weak Reference
    _initio                                   - Undefined Weak Reference
    _mutex_acquire                            - Undefined Weak Reference
    _mutex_release                            - Undefined Weak Reference
    _printf_mbtowc                            - Undefined Weak Reference
    _printf_truncate_signed                   - Undefined Weak Reference
    _printf_truncate_unsigned                 - Undefined Weak Reference
    _rand_init                                - Undefined Weak Reference
    _scanf_longlong                           - Undefined Weak Reference
    _scanf_mbtowc                             - Undefined Weak Reference
    _scanf_real                               - Undefined Weak Reference
    _scanf_string                             - Undefined Weak Reference
    _scanf_wctomb                             - Undefined Weak Reference
    _scanf_wstring                            - Undefined Weak Reference
    _signal_finish                            - Undefined Weak Reference
    _signal_init                              - Undefined Weak Reference
    _stream_list_lock                         - Undefined Weak Reference
    _terminate_alloc                          - Undefined Weak Reference
    _terminate_user_alloc                     - Undefined Weak Reference
    _terminateio                              - Undefined Weak Reference
    poll_ethernet                             - Undefined Weak Reference
    __main                                   0x000000cd   Thumb Code     8  __main.o(!!!main)
    __scatterload                            0x000000d5   Thumb Code     0  __scatter.o(!!!scatter)
    __scatterload_rt2                        0x000000d5   Thumb Code    44  __scatter.o(!!!scatter)
    __scatterload_rt2_thumb_only             0x000000d5   Thumb Code     0  __scatter.o(!!!scatter)
    __scatterload_null                       0x000000e3   Thumb Code     0  __scatter.o(!!!scatter)
    __scatterload_copy                       0x00000109   Thumb Code    26  __scatter_copy.o(!!handler_copy)
    __scatterload_zeroinit                   0x00000125   Thumb Code    28  __scatter_zi.o(!!handler_zi)
    _printf_n                                0x00000141   Thumb Code     0  _printf_n.o(.ARM.Collect$$_printf_percent$$00000001)
    _printf_percent                          0x00000141   Thumb Code     0  _printf_percent.o(.ARM.Collect$$_printf_percent$$00000000)
    _printf_p                                0x00000147   Thumb Code     0  _printf_p.o(.ARM.Collect$$_printf_percent$$00000002)
    _printf_d                                0x0000014d   Thumb Code     0  _printf_d.o(.ARM.Collect$$_printf_percent$$00000009)
    _printf_s                                0x00000153   Thumb Code     0  _printf_s.o(.ARM.Collect$$_printf_percent$$00000014)
    _printf_percent_end                      0x00000159   Thumb Code     0  _printf_percent_end.o(.ARM.Collect$$_printf_percent$$00000017)
    __rt_lib_init                            0x0000015d   Thumb Code     0  libinit.o(.ARM.Collect$$libinit$$00000000)
    __rt_lib_init_fp_1                       0x0000015f   Thumb Code     0  libinit2.o(.ARM.Collect$$libinit$$00000002)
    __rt_lib_init_heap_1                     0x0000015f   Thumb Code     0  libinit2.o(.ARM.Collect$$libinit$$0000000A)
    __rt_lib_init_lc_common                  0x0000015f   Thumb Code     0  libinit2.o(.ARM.Collect$$libinit$$0000000F)
    __rt_lib_init_preinit_1                  0x0000015f   Thumb Code     0  libinit2.o(.ARM.Collect$$libinit$$00000004)
    __rt_lib_init_rand_1                     0x0000015f   Thumb Code     0  libinit2.o(.ARM.Collect$$libinit$$0000000E)
    __rt_lib_init_user_alloc_1               0x0000015f   Thumb Code     0  libinit2.o(.ARM.Collect$$libinit$$0000000C)
    __rt_lib_init_lc_collate_1               0x00000165   Thumb Code     0  libinit2.o(.ARM.Collect$$libinit$$00000011)
    __rt_lib_init_lc_ctype_2                 0x00000165   Thumb Code     0  libinit2.o(.ARM.Collect$$libinit$$00000012)
    __rt_lib_init_alloca_1                   0x00000171   Thumb Code     0  libinit2.o(.ARM.Collect$$libinit$$0000002E)
    __rt_lib_init_argv_1                     0x00000171   Thumb Code     0  libinit2.o(.ARM.Collect$$libinit$$0000002C)
    __rt_lib_init_atexit_1                   0x00000171   Thumb Code     0  libinit2.o(.ARM.Collect$$libinit$$0000001B)
    __rt_lib_init_clock_1                    0x00000171   Thumb Code     0  libinit2.o(.ARM.Collect$$libinit$$00000021)
    __rt_lib_init_cpp_1                      0x00000171   Thumb Code     0  libinit2.o(.ARM.Collect$$libinit$$00000032)
    __rt_lib_init_exceptions_1               0x00000171   Thumb Code     0  libinit2.o(.ARM.Collect$$libinit$$00000030)
    __rt_lib_init_fp_trap_1                  0x00000171   Thumb Code     0  libinit2.o(.ARM.Collect$$libinit$$0000001F)
    __rt_lib_init_getenv_1                   0x00000171   Thumb Code     0  libinit2.o(.ARM.Collect$$libinit$$00000023)
    __rt_lib_init_lc_ctype_1                 0x00000171   Thumb Code     0  libinit2.o(.ARM.Collect$$libinit$$00000013)
    __rt_lib_init_lc_monetary_1              0x00000171   Thumb Code     0  libinit2.o(.ARM.Collect$$libinit$$00000015)
    __rt_lib_init_lc_numeric_1               0x00000171   Thumb Code     0  libinit2.o(.ARM.Collect$$libinit$$00000017)
    __rt_lib_init_lc_time_1                  0x00000171   Thumb Code     0  libinit2.o(.ARM.Collect$$libinit$$00000019)
    __rt_lib_init_return                     0x00000171   Thumb Code     0  libinit2.o(.ARM.Collect$$libinit$$00000033)
    __rt_lib_init_signal_1                   0x00000171   Thumb Code     0  libinit2.o(.ARM.Collect$$libinit$$0000001D)
    __rt_lib_init_stdio_1                    0x00000171   Thumb Code     0  libinit2.o(.ARM.Collect$$libinit$$00000025)
    __rt_lib_shutdown                        0x00000173   Thumb Code     0  libshutdown.o(.ARM.Collect$$libshutdown$$00000000)
    __rt_lib_shutdown_cpp_1                  0x00000175   Thumb Code     0  libshutdown2.o(.ARM.Collect$$libshutdown$$00000002)
    __rt_lib_shutdown_fp_trap_1              0x00000175   Thumb Code     0  libshutdown2.o(.ARM.Collect$$libshutdown$$00000007)
    __rt_lib_shutdown_heap_1                 0x00000175   Thumb Code     0  libshutdown2.o(.ARM.Collect$$libshutdown$$0000000F)
    __rt_lib_shutdown_return                 0x00000175   Thumb Code     0  libshutdown2.o(.ARM.Collect$$libshutdown$$00000010)
    __rt_lib_shutdown_signal_1               0x00000175   Thumb Code     0  libshutdown2.o(.ARM.Collect$$libshutdown$$0000000A)
    __rt_lib_shutdown_stdio_1                0x00000175   Thumb Code     0  libshutdown2.o(.ARM.Collect$$libshutdown$$00000004)
    __rt_lib_shutdown_user_alloc_1           0x00000175   Thumb Code     0  libshutdown2.o(.ARM.Collect$$libshutdown$$0000000C)
    __rt_entry                               0x00000177   Thumb Code     0  __rtentry.o(.ARM.Collect$$rtentry$$00000000)
    __rt_entry_presh_1                       0x00000177   Thumb Code     0  __rtentry2.o(.ARM.Collect$$rtentry$$00000002)
    __rt_entry_sh                            0x00000177   Thumb Code     0  __rtentry4.o(.ARM.Collect$$rtentry$$00000004)
    __rt_entry_li                            0x0000017d   Thumb Code     0  __rtentry2.o(.ARM.Collect$$rtentry$$0000000A)
    __rt_entry_postsh_1                      0x0000017d   Thumb Code     0  __rtentry2.o(.ARM.Collect$$rtentry$$00000009)
    __rt_entry_main                          0x00000181   Thumb Code     0  __rtentry2.o(.ARM.Collect$$rtentry$$0000000D)
    __rt_entry_postli_1                      0x00000181   Thumb Code     0  __rtentry2.o(.ARM.Collect$$rtentry$$0000000C)
    __rt_exit                                0x00000189   Thumb Code     0  rtexit.o(.ARM.Collect$$rtexit$$00000000)
    __rt_exit_ls                             0x0000018b   Thumb Code     0  rtexit2.o(.ARM.Collect$$rtexit$$00000003)
    __rt_exit_prels_1                        0x0000018b   Thumb Code     0  rtexit2.o(.ARM.Collect$$rtexit$$00000002)
    __rt_exit_exit                           0x0000018f   Thumb Code     0  rtexit2.o(.ARM.Collect$$rtexit$$00000004)
    Reset_Handler                            0x00000195   Thumb Code     8  startup_lpc17xx.o(.text)
    NMI_Handler                              0x0000019d   Thumb Code     2  startup_lpc17xx.o(.text)
    HardFault_Handler                        0x0000019f   Thumb Code     2  startup_lpc17xx.o(.text)
    MemManage_Handler                        0x000001a1   Thumb Code     2  startup_lpc17xx.o(.text)
    BusFault_Handler                         0x000001a3   Thumb Code     2  startup_lpc17xx.o(.text)
    UsageFault_Handler                       0x000001a5   Thumb Code     2  startup_lpc17xx.o(.text)
    SVC_Handler                              0x000001a7   Thumb Code     2  startup_lpc17xx.o(.text)
    DebugMon_Handler                         0x000001a9   Thumb Code     2  startup_lpc17xx.o(.text)
    PendSV_Handler                           0x000001ab   Thumb Code     2  startup_lpc17xx.o(.text)
    SysTick_Handler                          0x000001ad   Thumb Code     2  startup_lpc17xx.o(.text)
    ADC_IRQHandler                           0x000001af   Thumb Code     0  startup_lpc17xx.o(.text)
    BOD_IRQHandler                           0x000001af   Thumb Code     0  startup_lpc17xx.o(.text)
    CANActivity_IRQHandler                   0x000001af   Thumb Code     0  startup_lpc17xx.o(.text)
    CAN_IRQHandler                           0x000001af   Thumb Code     0  startup_lpc17xx.o(.text)
    DMA_IRQHandler                           0x000001af   Thumb Code     0  startup_lpc17xx.o(.text)
    EINT0_IRQHandler                         0x000001af   Thumb Code     0  startup_lpc17xx.o(.text)
    EINT1_IRQHandler                         0x000001af   Thumb Code     0  startup_lpc17xx.o(.text)
    EINT2_IRQHandler                         0x000001af   Thumb Code     0  startup_lpc17xx.o(.text)
    I2C0_IRQHandler                          0x000001af   Thumb Code     0  startup_lpc17xx.o(.text)
    I2C1_IRQHandler                          0x000001af   Thumb Code     0  startup_lpc17xx.o(.text)
    I2C2_IRQHandler                          0x000001af   Thumb Code     0  startup_lpc17xx.o(.text)
    I2S_IRQHandler                           0x000001af   Thumb Code     0  startup_lpc17xx.o(.text)
    MCPWM_IRQHandler                         0x000001af   Thumb Code     0  startup_lpc17xx.o(.text)
    PLL0_IRQHandler                          0x000001af   Thumb Code     0  startup_lpc17xx.o(.text)
    PLL1_IRQHandler                          0x000001af   Thumb Code     0  startup_lpc17xx.o(.text)
    PWM1_IRQHandler                          0x000001af   Thumb Code     0  startup_lpc17xx.o(.text)
    QEI_IRQHandler                           0x000001af   Thumb Code     0  startup_lpc17xx.o(.text)
    RIT_IRQHandler                           0x000001af   Thumb Code     0  startup_lpc17xx.o(.text)
    RTC_IRQHandler                           0x000001af   Thumb Code     0  startup_lpc17xx.o(.text)
    SPI_IRQHandler                           0x000001af   Thumb Code     0  startup_lpc17xx.o(.text)
    SSP0_IRQHandler                          0x000001af   Thumb Code     0  startup_lpc17xx.o(.text)
    SSP1_IRQHandler                          0x000001af   Thumb Code     0  startup_lpc17xx.o(.text)
    TIMER2_IRQHandler                        0x000001af   Thumb Code     0  startup_lpc17xx.o(.text)
    TIMER3_IRQHandler                        0x000001af   Thumb Code     0  startup_lpc17xx.o(.text)
    UART0_IRQHandler                         0x000001af   Thumb Code     0  startup_lpc17xx.o(.text)
    UART1_IRQHandler                         0x000001af   Thumb Code     0  startup_lpc17xx.o(.text)
    UART2_IRQHandler                         0x000001af   Thumb Code     0  startup_lpc17xx.o(.text)
    UART3_IRQHandler                         0x000001af   Thumb Code     0  startup_lpc17xx.o(.text)
    USBActivity_IRQHandler                   0x000001af   Thumb Code     0  startup_lpc17xx.o(.text)
    USB_IRQHandler                           0x000001af   Thumb Code     0  startup_lpc17xx.o(.text)
    WDT_IRQHandler                           0x000001af   Thumb Code     0  startup_lpc17xx.o(.text)
    __user_initial_stackheap                 0x000001b1   Thumb Code     0  startup_lpc17xx.o(.text)
    __semihosting$guard                      0x000001d5   Thumb Code     0  use_no_semi.o(.text)
    __use_no_semihosting_swi                 0x000001d5   Thumb Code     2  use_no_semi.o(.text)
    __2sprintf                               0x000001d9   Thumb Code    38  __2sprintf.o(.text)
    _printf_pre_padding                      0x00000205   Thumb Code    44  _printf_pad.o(.text)
    _printf_post_padding                     0x00000231   Thumb Code    34  _printf_pad.o(.text)
    _printf_str                              0x00000253   Thumb Code    82  _printf_str.o(.text)
    _printf_charcount                        0x000002a5   Thumb Code    40  _printf_charcount.o(.text)
    atoi                                     0x000002cd   Thumb Code    26  atoi.o(.text)
    __use_two_region_memory                  0x000002e7   Thumb Code     2  heapauxi.o(.text)
    __rt_heap_escrow$2region                 0x000002e9   Thumb Code     2  heapauxi.o(.text)
    __rt_heap_expand$2region                 0x000002eb   Thumb Code     2  heapauxi.o(.text)
    __aeabi_errno_addr                       0x000002ed   Thumb Code     8  rt_errno_addr_intlibspace.o(.text)
    __errno$intlibspace                      0x000002ed   Thumb Code     0  rt_errno_addr_intlibspace.o(.text)
    __rt_errno_addr$intlibspace              0x000002ed   Thumb Code     0  rt_errno_addr_intlibspace.o(.text)
    __user_libspace                          0x000002f5   Thumb Code     8  libspace.o(.text)
    __user_perproc_libspace                  0x000002f5   Thumb Code     0  libspace.o(.text)
    __user_perthread_libspace                0x000002f5   Thumb Code     0  libspace.o(.text)
    _printf_int_dec                          0x00000301   Thumb Code   104  _printf_dec.o(.text)
    _printf_hex_ptr                          0x00000379   Thumb Code    78  _printf_hex_ptr.o(.text)
    _printf_longlong_hex                     0x00000379   Thumb Code     0  _printf_hex_ptr.o(.text)
    __printf                                 0x000003cd   Thumb Code   388  __printf_flags_ss_wp.o(.text)
    __RL_FS_VER                              0x00000474   Number         0  fs_sys.o ABSOLUTE
    __RL_TCP_VER                             0x00000474   Number         0  at_system.o ABSOLUTE
    __0sscanf                                0x00000555   Thumb Code    52  __0sscanf.o(.text)
    _scanf_int                               0x00000591   Thumb Code   332  _scanf_int.o(.text)
    strlen                                   0x000006dd   Thumb Code    62  strlen.o(.text)
    strcmp                                   0x0000071d   Thumb Code   128  strcmpv7m.o(.text)
    _printf_int_common                       0x0000079d   Thumb Code   178  _printf_intcommon.o(.text)
    _printf_char_common                      0x0000085b   Thumb Code    32  _printf_char_common.o(.text)
    _sputc                                   0x00000881   Thumb Code    10  _sputc.o(.text)
    _printf_cs_common                        0x0000088b   Thumb Code    20  _printf_char.o(.text)
    _printf_char                             0x0000089f   Thumb Code    16  _printf_char.o(.text)
    _printf_string                           0x000008af   Thumb Code     8  _printf_char.o(.text)
    _chval                                   0x000008b7   Thumb Code    28  _chval.o(.text)
    __vfscanf_char                           0x000008e1   Thumb Code    24  scanf_char.o(.text)
    _sgetc                                   0x00000901   Thumb Code    30  _sgetc.o(.text)
    _sbackspace                              0x0000091f   Thumb Code    34  _sgetc.o(.text)
    strtol                                   0x00000941   Thumb Code   112  strtol.o(.text)
    __rt_ctype_table                         0x000009b1   Thumb Code    16  rt_ctype_table.o(.text)
    isspace                                  0x000009c1   Thumb Code    18  isspace.o(.text)
    __vfscanf                                0x000009d5   Thumb Code   878  _scanf.o(.text)
    _strtoul                                 0x00000d49   Thumb Code   158  _strtoul.o(.text)
    __user_setup_stackheap                   0x00000de7   Thumb Code    74  sys_stackheap_outer.o(.text)
    __rt_locale                              0x00000e31   Thumb Code     8  rt_locale_intlibspace.o(.text)
    exit                                     0x00000e39   Thumb Code    18  exit.o(.text)
    EINT3_IRQHandler                         0x00000e4d   Thumb Code   248  main.o(i.EINT3_IRQHandler)
    ENET_IRQHandler                          0x00000f99   Thumb Code   164  emac_lpc17xx.o(i.ENET_IRQHandler)
    SER_Init                                 0x00001069   Thumb Code    64  serial.o(i.SER_Init)
    SystemInit                               0x000010b5   Thumb Code   302  system_lpc17xx.o(i.SystemInit)
    TIMER0_IRQHandler                        0x000011f5   Thumb Code    30  main.o(i.TIMER0_IRQHandler)
    TIMER1_IRQHandler                        0x00001225   Thumb Code    18  timer.o(i.TIMER1_IRQHandler)
    _is_digit                                0x00001241   Thumb Code    14  __printf_wp.o(i._is_digit)
    _sys_exit                                0x0000124f   Thumb Code     4  retarget.o(i._sys_exit)
    alloc_mem                                0x00001289   Thumb Code   174  at_mem.o(i.alloc_mem)
    answer_the_call                          0x00001341   Thumb Code    16  main.o(i.answer_the_call)
    arp_cache_add                            0x00001359   Thumb Code   174  at_arp.o(i.arp_cache_add)
    arp_cache_early                          0x00001499   Thumb Code   142  at_arp.o(i.arp_cache_early)
    arp_cache_find                           0x00001531   Thumb Code   168  at_arp.o(i.arp_cache_find)
    arp_cache_update                         0x000015e5   Thumb Code   228  at_arp.o(i.arp_cache_update)
    arp_init                                 0x000016d9   Thumb Code    34  at_arp.o(i.arp_init)
    arp_notify                               0x00001739   Thumb Code    26  at_arp.o(i.arp_notify)
    arp_probe                                0x00001761   Thumb Code    14  at_arp.o(i.arp_probe)
    arp_process                              0x000017fd   Thumb Code   294  at_arp.o(i.arp_process)
    avail_mem                                0x00001a8d   Thumb Code    22  at_mem.o(i.avail_mem)
    b64_to_asc                               0x00001aa9   Thumb Code   120  at_lib.o(i.b64_to_asc)
    calc_chksum16be                          0x00001b21   Thumb Code    18  at_lib.o(i.calc_chksum16be)
    cgi_func                                 0x00001b35   Thumb Code    92  http_cgi.o(i.cgi_func)
    cgi_process_data                         0x00001bbd   Thumb Code   256  http_cgi.o(i.cgi_process_data)
    cgi_process_var                          0x00001d01   Thumb Code   356  http_cgi.o(i.cgi_process_var)
    cgx_content_type                         0x00001e95   Thumb Code     4  at_http.o(i.cgx_content_type)
    chksum16_buf                             0x00002065   Thumb Code    40  at_lib.o(i.chksum16_buf)
    chksum16_val                             0x0000208d   Thumb Code    10  at_lib.o(i.chksum16_val)
    command                                  0x000020dd   Thumb Code   106  display4bit.o(i.command)
    delay_main                               0x0000214d   Thumb Code    30  main.o(i.delay_main)
    dhcp_cbfunc                              0x0000216b   Thumb Code     2  at_dhcp.o(i.dhcp_cbfunc)
    dhcp_disable                             0x000021ed   Thumb Code    50  at_dhcp.o(i.dhcp_disable)
    dhcp_init                                0x00002229   Thumb Code    66  at_dhcp.o(i.dhcp_init)
    dhcp_run_client                          0x00002475   Thumb Code   440  at_dhcp.o(i.dhcp_run_client)
    ds_delay                                 0x00002849   Thumb Code    12  display4bit.o(i.ds_delay)
    eth_chk_adr                              0x00002855   Thumb Code    10  at_ethernet.o(i.eth_chk_adr)
    eth_init_link                            0x00002865   Thumb Code    40  at_ethernet.o(i.eth_init_link)
    eth_run_link                             0x00002899   Thumb Code   194  at_ethernet.o(i.eth_run_link)
    eth_send_frame                           0x0000296d   Thumb Code   150  at_ethernet.o(i.eth_send_frame)
    finish_the_call                          0x00002a15   Thumb Code    16  main.o(i.finish_the_call)
    free_mem                                 0x00002a2d   Thumb Code   124  at_mem.o(i.free_mem)
    get_State_Enum                           0x00002ab1   Thumb Code    36  main.o(i.get_State_Enum)
    get_rnd32                                0x00002bdd   Thumb Code    18  at_system.o(i.get_rnd32)
    gpio_interrupt_set                       0x00002bf9   Thumb Code    52  main.o(i.gpio_interrupt_set)
    http_accept_host                         0x00002c4f   Thumb Code     4  at_http.o(i.http_accept_host)
    http_check_account                       0x00002f51   Thumb Code     4  at_http.o(i.http_check_account)
    http_encoding                            0x00002f55   Thumb Code     4  at_http.o(i.http_encoding)
    http_fclose                              0x000030e1   Thumb Code     2  at_http_uif.o(i.http_fclose)
    http_fgets                               0x000030e3   Thumb Code     4  at_http_uif.o(i.http_fgets)
    http_file_access                         0x000030e7   Thumb Code     4  at_http.o(i.http_file_access)
    http_finfo                               0x000030eb   Thumb Code     4  at_http_uif.o(i.http_finfo)
    http_fopen                               0x000030ef   Thumb Code     4  at_http_uif.o(i.http_fopen)
    http_fread                               0x000030f3   Thumb Code     4  at_http_uif.o(i.http_fread)
    http_get_var                             0x000030f9   Thumb Code   104  at_http.o(i.http_get_var)
    http_init                                0x00003165   Thumb Code    72  at_http.o(i.http_init)
    http_run_server                          0x00003921   Thumb Code   816  at_http.o(i.http_run_server)
    icmp_init                                0x00003d25   Thumb Code    10  at_icmp.o(i.icmp_init)
    icmp_process                             0x00003d35   Thumb Code   198  at_icmp.o(i.icmp_process)
    icmp_run_engine                          0x00003e01   Thumb Code    58  at_icmp.o(i.icmp_run_engine)
    ifree_mem                                0x00003eb9   Thumb Code    48  at_mem.o(i.ifree_mem)
    igmp_is_member                           0x00003ef1   Thumb Code     4  net_config.o(i.igmp_is_member)
    igmp_process                             0x00003ef5   Thumb Code     2  net_config.o(i.igmp_process)
    init_TcpNet                              0x00003f1d   Thumb Code    38  at_system.o(i.init_TcpNet)
    init_ethernet                            0x00003f4d   Thumb Code   522  emac_lpc17xx.o(i.init_ethernet)
    init_mem                                 0x00004185   Thumb Code    86  at_mem.o(i.init_mem)
    init_system                              0x000041e5   Thumb Code    38  net_config.o(i.init_system)
    int_disable_eth                          0x00004245   Thumb Code    18  emac_lpc17xx.o(i.int_disable_eth)
    int_enable_eth                           0x0000425d   Thumb Code    22  emac_lpc17xx.o(i.int_enable_eth)
    invertRelay                              0x00004275   Thumb Code    62  main.o(i.invertRelay)
    ip_chk_frame                             0x000042d1   Thumb Code   190  at_ip.o(i.ip_chk_frame)
    ip_get_locadr                            0x000043a5   Thumb Code   166  at_ip.o(i.ip_get_locadr)
    ip_init                                  0x0000445d   Thumb Code     8  at_ip.o(i.ip_init)
    ip_run_local                             0x00004469   Thumb Code    82  at_ip.o(i.ip_run_local)
    ip_send_frame                            0x000044c5   Thumb Code   328  at_ip.o(i.ip_send_frame)
    is_subnet                                0x00004615   Thumb Code    20  at_lib.o(i.is_subnet)
    lcd_init_4bit                            0x00004629   Thumb Code   306  display4bit.o(i.lcd_init_4bit)
    lcd_putchar                              0x00004761   Thumb Code   106  display4bit.o(i.lcd_putchar)
    lcd_putsf                                0x000047d1   Thumb Code    24  display4bit.o(i.lcd_putsf)
    main                                     0x000047e9   Thumb Code    50  main.o(i.main)
    main_TcpNet                              0x00004821   Thumb Code    86  at_system.o(i.main_TcpNet)
    mem_comp                                 0x00004885   Thumb Code    24  at_lib.o(i.mem_comp)
    mem_copy                                 0x0000489d   Thumb Code    22  at_lib.o(i.mem_copy)
    mem_crc32                                0x000048b3   Thumb Code    32  at_lib.o(i.mem_crc32)
    mem_set                                  0x000048d3   Thumb Code    10  at_lib.o(i.mem_set)
    mem_test                                 0x000048dd   Thumb Code    20  at_lib.o(i.mem_test)
    nbns_init                                0x000048f1   Thumb Code    32  at_nbns.o(i.nbns_init)
    nrd_u32be                                0x00004a79   Thumb Code    22  at_lib.o(i.nrd_u32be)
    nwr_u16be                                0x00004a8f   Thumb Code     8  at_lib.o(i.nwr_u16be)
    nwr_u32be                                0x00004a97   Thumb Code    16  at_lib.o(i.nwr_u32be)
    ppp_send_frame                           0x00004af5   Thumb Code     4  net_config.o(i.ppp_send_frame)
    put_in_queue                             0x00004c9d   Thumb Code    36  at_ethernet.o(i.put_in_queue)
    resize_mem                               0x00004df1   Thumb Code    68  at_mem.o(i.resize_mem)
    run_system                               0x00004e39   Thumb Code    30  net_config.o(i.run_system)
    send_frame                               0x00004f0d   Thumb Code    64  emac_lpc17xx.o(i.send_frame)
    showCallerNumberOnDisplay                0x00004f55   Thumb Code    36  main.o(i.showCallerNumberOnDisplay)
    showRelaysStatusOnDisplay                0x00004f7d   Thumb Code    68  main.o(i.showRelaysStatusOnDisplay)
    showStatusOnDisplay                      0x00004fc5   Thumb Code    60  main.o(i.showStatusOnDisplay)
    showToneCodeOnDisplay                    0x00005005   Thumb Code    36  main.o(i.showToneCodeOnDisplay)
    show_massage_to_display                  0x0000502d   Thumb Code    24  main.o(i.show_massage_to_display)
    slip_send_frame                          0x00005045   Thumb Code     4  net_config.o(i.slip_send_frame)
    str_copy                                 0x00005049   Thumb Code    18  at_lib.o(i.str_copy)
    str_crc32                                0x0000505b   Thumb Code    26  at_lib.o(i.str_crc32)
    str_pos                                  0x00005075   Thumb Code    22  at_lib.o(i.str_pos)
    str_scomp                                0x0000508b   Thumb Code    26  at_lib.o(i.str_scomp)
    str_up_case                              0x000050a5   Thumb Code    26  at_lib.o(i.str_up_case)
    sys_error                                0x000050bf   Thumb Code    36  net_config.o(i.sys_error)
    tcp_abort                                0x000050e5   Thumb Code    76  at_tcp.o(i.tcp_abort)
    tcp_close                                0x00005135   Thumb Code   150  at_tcp.o(i.tcp_close)
    tcp_get_buf                              0x000051d1   Thumb Code    32  at_tcp.o(i.tcp_get_buf)
    tcp_get_socket                           0x000051f1   Thumb Code    70  at_tcp.o(i.tcp_get_socket)
    tcp_get_state                            0x0000523d   Thumb Code    32  at_tcp.o(i.tcp_get_state)
    tcp_init                                 0x00005261   Thumb Code    18  at_tcp.o(i.tcp_init)
    tcp_listen                               0x00005279   Thumb Code   102  at_tcp.o(i.tcp_listen)
    tcp_max_dsize                            0x0000537d   Thumb Code    30  at_tcp.o(i.tcp_max_dsize)
    tcp_poll_sockets                         0x00005401   Thumb Code   630  at_tcp.o(i.tcp_poll_sockets)
    tcp_process                              0x000057a1   Thumb Code  1196  at_tcp.o(i.tcp_process)
    tcp_send                                 0x00005d21   Thumb Code   204  at_tcp.o(i.tcp_send)
    timer0Inir                               0x00006069   Thumb Code    32  main.o(i.timer0Inir)
    timer_tick                               0x000060ad   Thumb Code    14  at_system.o(i.timer_tick)
    uartInit                                 0x00006149   Thumb Code    96  main.o(i.uartInit)
    udp_close                                0x000061bd   Thumb Code    38  at_udp.o(i.udp_close)
    udp_get_buf                              0x000061e9   Thumb Code    32  at_udp.o(i.udp_get_buf)
    udp_get_socket                           0x00006209   Thumb Code    62  at_udp.o(i.udp_get_socket)
    udp_init                                 0x0000624d   Thumb Code    18  at_udp.o(i.udp_init)
    udp_open                                 0x00006265   Thumb Code    96  at_udp.o(i.udp_open)
    udp_process                              0x000062f9   Thumb Code   178  at_udp.o(i.udp_process)
    udp_release_socket                       0x000063b1   Thumb Code    44  at_udp.o(i.udp_release_socket)
    udp_send                                 0x000063e1   Thumb Code   280  at_udp.o(i.udp_send)
    updateDisplay                            0x000064fd   Thumb Code    20  main.o(i.updateDisplay)
    _get_lc_ctype                            0x00006679   Thumb Code    44  lc_ctype_c.o(locale$$code)
    FileMD                                   0x000066a4   Data           4  web.o(.constdata)
    FileTab                                  0x00055350   Data          88  web.o(.constdata)
    nlocalm                                  0x000553a8   Data          60  net_config.o(.constdata)
    sys_config                               0x000553e4   Data          16  net_config.o(.constdata)
    arp_config                               0x000553f4   Data          12  net_config.o(.constdata)
    dhcp_config                              0x00055400   Data           8  net_config.o(.constdata)
    udp_config                               0x00055408   Data           8  net_config.o(.constdata)
    tcp_config                               0x00055410   Data          24  net_config.o(.constdata)
    http_config                              0x00055428   Data          24  net_config.o(.constdata)
    IP_Broadcast                             0x00055440   Data           4  at_ip.o(.constdata)
    MAC_Broadcast                            0x00055544   Data           6  at_ethernet.o(.constdata)
    http_err_401                             0x00055550   Data          86  http_err.o(.constdata)
    http_err_403                             0x000555a6   Data          81  http_err.o(.constdata)
    http_err_404                             0x000555f7   Data          78  http_err.o(.constdata)
    http_err_501                             0x00055645   Data          75  http_err.o(.constdata)
    http_err_head                            0x00055690   Data          47  http_err.o(.constdata)
    http_err_foot                            0x000556bf   Data         136  http_err.o(.constdata)
    Region$$Table$$Base                      0x000557a0   Number         0  anon$$obj.o(Region$$Table)
    Region$$Table$$Limit                     0x000557e0   Number         0  anon$$obj.o(Region$$Table)
    __ctype                                  0x000557ed   Data           0  lc_ctype_c.o(locale$$data)
    bs                                       0x10000000   Data           1  main.o(.data)
    callerNumber                             0x10000001   Data          11  main.o(.data)
    code                                     0x1000000c   Data           5  main.o(.data)
    callerIdStaus                            0x10000011   Data           1  main.o(.data)
    getTone                                  0x10000014   Data           4  main.o(.data)
    ring_count                               0x10000018   Data           1  main.o(.data)
    NUMBER_OF_WAITING_RINGS                  0x10000019   Data           1  main.o(.data)
    dtmfData                                 0x1000001a   Data           1  main.o(.data)
    show_update                              0x1000001c   Data           4  main.o(.data)
    tick                                     0x10000020   Data           4  main.o(.data)
    dhcp_tout                                0x10000024   Data           4  main.o(.data)
    SystemCoreClock                          0x10000028   Data           4  system_lpc17xx.o(.data)
    lhost_name                               0x1000002d   Data          16  net_config.o(.data)
    own_hw_adr                               0x1000003d   Data           6  net_config.o(.data)
    timer0_counter                           0x10000044   Data           4  timer.o(.data)
    timer1_counter                           0x10000048   Data           4  timer.o(.data)
    relays                                   0x10000078   Data          16  main.o(.bss)
    dtmfDataString                           0x10000088   Data          10  main.o(.bss)
    localm                                   0x10003404   Data          60  at_system.o(.bss)
    sys_control                              0x10003440   Data          16  at_system.o(.bss)
    __libspace_start                         0x10003450   Data          96  libspace.o(.bss)
    __temporary_stack_top$libspace           0x100034b0   Data           0  libspace.o(.bss)
    iap_entry                                0x2007c000   Data           4  emac_lpc17xx.o(.data)



==============================================================================

Memory Map of the image

  Image Entry point : 0x000000cd

  Load Region LR_IROM1 (Base: 0x00000000, Size: 0x00055970, Max: 0x00080000, ABSOLUTE)

    Execution Region ER_IROM1 (Base: 0x00000000, Size: 0x000558f0, Max: 0x00080000, ABSOLUTE)

    Base Addr    Size         Type   Attr      Idx    E Section Name        Object

    0x00000000   0x000000cc   Data   RO          666    RESET               startup_lpc17xx.o
    0x000000cc   0x00000008   Code   RO         1801  * !!!main             c_w.l(__main.o)
    0x000000d4   0x00000034   Code   RO         2000    !!!scatter          c_w.l(__scatter.o)
    0x00000108   0x0000001a   Code   RO         2002    !!handler_copy      c_w.l(__scatter_copy.o)
    0x00000122   0x00000002   PAD
    0x00000124   0x0000001c   Code   RO         2004    !!handler_zi        c_w.l(__scatter_zi.o)
    0x00000140   0x00000000   Code   RO         1776    .ARM.Collect$$_printf_percent$$00000000  c_w.l(_printf_percent.o)
    0x00000140   0x00000006   Code   RO         1773    .ARM.Collect$$_printf_percent$$00000001  c_w.l(_printf_n.o)
    0x00000146   0x00000006   Code   RO         1774    .ARM.Collect$$_printf_percent$$00000002  c_w.l(_printf_p.o)
    0x0000014c   0x00000006   Code   RO         1775    .ARM.Collect$$_printf_percent$$00000009  c_w.l(_printf_d.o)
    0x00000152   0x00000006   Code   RO         1772    .ARM.Collect$$_printf_percent$$00000014  c_w.l(_printf_s.o)
    0x00000158   0x00000004   Code   RO         1823    .ARM.Collect$$_printf_percent$$00000017  c_w.l(_printf_percent_end.o)
    0x0000015c   0x00000002   Code   RO         1883    .ARM.Collect$$libinit$$00000000  c_w.l(libinit.o)
    0x0000015e   0x00000000   Code   RO         1893    .ARM.Collect$$libinit$$00000002  c_w.l(libinit2.o)
    0x0000015e   0x00000000   Code   RO         1895    .ARM.Collect$$libinit$$00000004  c_w.l(libinit2.o)
    0x0000015e   0x00000000   Code   RO         1898    .ARM.Collect$$libinit$$0000000A  c_w.l(libinit2.o)
    0x0000015e   0x00000000   Code   RO         1900    .ARM.Collect$$libinit$$0000000C  c_w.l(libinit2.o)
    0x0000015e   0x00000000   Code   RO         1902    .ARM.Collect$$libinit$$0000000E  c_w.l(libinit2.o)
    0x0000015e   0x00000006   Code   RO         1903    .ARM.Collect$$libinit$$0000000F  c_w.l(libinit2.o)
    0x00000164   0x00000000   Code   RO         1905    .ARM.Collect$$libinit$$00000011  c_w.l(libinit2.o)
    0x00000164   0x0000000c   Code   RO         1906    .ARM.Collect$$libinit$$00000012  c_w.l(libinit2.o)
    0x00000170   0x00000000   Code   RO         1907    .ARM.Collect$$libinit$$00000013  c_w.l(libinit2.o)
    0x00000170   0x00000000   Code   RO         1909    .ARM.Collect$$libinit$$00000015  c_w.l(libinit2.o)
    0x00000170   0x00000000   Code   RO         1911    .ARM.Collect$$libinit$$00000017  c_w.l(libinit2.o)
    0x00000170   0x00000000   Code   RO         1913    .ARM.Collect$$libinit$$00000019  c_w.l(libinit2.o)
    0x00000170   0x00000000   Code   RO         1915    .ARM.Collect$$libinit$$0000001B  c_w.l(libinit2.o)
    0x00000170   0x00000000   Code   RO         1917    .ARM.Collect$$libinit$$0000001D  c_w.l(libinit2.o)
    0x00000170   0x00000000   Code   RO         1919    .ARM.Collect$$libinit$$0000001F  c_w.l(libinit2.o)
    0x00000170   0x00000000   Code   RO         1921    .ARM.Collect$$libinit$$00000021  c_w.l(libinit2.o)
    0x00000170   0x00000000   Code   RO         1923    .ARM.Collect$$libinit$$00000023  c_w.l(libinit2.o)
    0x00000170   0x00000000   Code   RO         1925    .ARM.Collect$$libinit$$00000025  c_w.l(libinit2.o)
    0x00000170   0x00000000   Code   RO         1929    .ARM.Collect$$libinit$$0000002C  c_w.l(libinit2.o)
    0x00000170   0x00000000   Code   RO         1931    .ARM.Collect$$libinit$$0000002E  c_w.l(libinit2.o)
    0x00000170   0x00000000   Code   RO         1933    .ARM.Collect$$libinit$$00000030  c_w.l(libinit2.o)
    0x00000170   0x00000000   Code   RO         1935    .ARM.Collect$$libinit$$00000032  c_w.l(libinit2.o)
    0x00000170   0x00000002   Code   RO         1936    .ARM.Collect$$libinit$$00000033  c_w.l(libinit2.o)
    0x00000172   0x00000002   Code   RO         1960    .ARM.Collect$$libshutdown$$00000000  c_w.l(libshutdown.o)
    0x00000174   0x00000000   Code   RO         1984    .ARM.Collect$$libshutdown$$00000002  c_w.l(libshutdown2.o)
    0x00000174   0x00000000   Code   RO         1986    .ARM.Collect$$libshutdown$$00000004  c_w.l(libshutdown2.o)
    0x00000174   0x00000000   Code   RO         1989    .ARM.Collect$$libshutdown$$00000007  c_w.l(libshutdown2.o)
    0x00000174   0x00000000   Code   RO         1992    .ARM.Collect$$libshutdown$$0000000A  c_w.l(libshutdown2.o)
    0x00000174   0x00000000   Code   RO         1994    .ARM.Collect$$libshutdown$$0000000C  c_w.l(libshutdown2.o)
    0x00000174   0x00000000   Code   RO         1997    .ARM.Collect$$libshutdown$$0000000F  c_w.l(libshutdown2.o)
    0x00000174   0x00000002   Code   RO         1998    .ARM.Collect$$libshutdown$$00000010  c_w.l(libshutdown2.o)
    0x00000176   0x00000000   Code   RO         1803    .ARM.Collect$$rtentry$$00000000  c_w.l(__rtentry.o)
    0x00000176   0x00000000   Code   RO         1836    .ARM.Collect$$rtentry$$00000002  c_w.l(__rtentry2.o)
    0x00000176   0x00000006   Code   RO         1848    .ARM.Collect$$rtentry$$00000004  c_w.l(__rtentry4.o)
    0x0000017c   0x00000000   Code   RO         1838    .ARM.Collect$$rtentry$$00000009  c_w.l(__rtentry2.o)
    0x0000017c   0x00000004   Code   RO         1839    .ARM.Collect$$rtentry$$0000000A  c_w.l(__rtentry2.o)
    0x00000180   0x00000000   Code   RO         1841    .ARM.Collect$$rtentry$$0000000C  c_w.l(__rtentry2.o)
    0x00000180   0x00000008   Code   RO         1842    .ARM.Collect$$rtentry$$0000000D  c_w.l(__rtentry2.o)
    0x00000188   0x00000002   Code   RO         1884    .ARM.Collect$$rtexit$$00000000  c_w.l(rtexit.o)
    0x0000018a   0x00000000   Code   RO         1938    .ARM.Collect$$rtexit$$00000002  c_w.l(rtexit2.o)
    0x0000018a   0x00000004   Code   RO         1939    .ARM.Collect$$rtexit$$00000003  c_w.l(rtexit2.o)
    0x0000018e   0x00000006   Code   RO         1940    .ARM.Collect$$rtexit$$00000004  c_w.l(rtexit2.o)
    0x00000194   0x00000040   Code   RO          668    .text               startup_lpc17xx.o
    0x000001d4   0x00000002   Code   RO         1713    .text               c_w.l(use_no_semi.o)
    0x000001d6   0x00000002   PAD
    0x000001d8   0x0000002c   Code   RO         1717    .text               c_w.l(__2sprintf.o)
    0x00000204   0x0000004e   Code   RO         1723    .text               c_w.l(_printf_pad.o)
    0x00000252   0x00000052   Code   RO         1725    .text               c_w.l(_printf_str.o)
    0x000002a4   0x00000028   Code   RO         1729    .text               c_w.l(_printf_charcount.o)
    0x000002cc   0x0000001a   Code   RO         1781    .text               c_w.l(atoi.o)
    0x000002e6   0x00000006   Code   RO         1799    .text               c_w.l(heapauxi.o)
    0x000002ec   0x00000008   Code   RO         1811    .text               c_w.l(rt_errno_addr_intlibspace.o)
    0x000002f4   0x00000008   Code   RO         1832    .text               c_w.l(libspace.o)
    0x000002fc   0x00000004   Code   RO          667    .ARM.__at_0x02FC    startup_lpc17xx.o
    0x00000300   0x00000078   Code   RO         1727    .text               c_w.l(_printf_dec.o)
    0x00000378   0x00000054   Code   RO         1740    .text               c_w.l(_printf_hex_ptr.o)
    0x000003cc   0x00000188   Code   RO         1769    .text               c_w.l(__printf_flags_ss_wp.o)
    0x00000554   0x0000003c   Code   RO         1777    .text               c_w.l(__0sscanf.o)
    0x00000590   0x0000014c   Code   RO         1779    .text               c_w.l(_scanf_int.o)
    0x000006dc   0x0000003e   Code   RO         1785    .text               c_w.l(strlen.o)
    0x0000071a   0x00000002   PAD
    0x0000071c   0x00000080   Code   RO         1797    .text               c_w.l(strcmpv7m.o)
    0x0000079c   0x000000b2   Code   RO         1815    .text               c_w.l(_printf_intcommon.o)
    0x0000084e   0x00000002   PAD
    0x00000850   0x00000030   Code   RO         1817    .text               c_w.l(_printf_char_common.o)
    0x00000880   0x0000000a   Code   RO         1819    .text               c_w.l(_sputc.o)
    0x0000088a   0x0000002c   Code   RO         1821    .text               c_w.l(_printf_char.o)
    0x000008b6   0x0000001c   Code   RO         1824    .text               c_w.l(_chval.o)
    0x000008d2   0x00000002   PAD
    0x000008d4   0x0000002c   Code   RO         1826    .text               c_w.l(scanf_char.o)
    0x00000900   0x00000040   Code   RO         1828    .text               c_w.l(_sgetc.o)
    0x00000940   0x00000070   Code   RO         1830    .text               c_w.l(strtol.o)
    0x000009b0   0x00000010   Code   RO         1850    .text               c_w.l(rt_ctype_table.o)
    0x000009c0   0x00000012   Code   RO         1854    .text               c_w.l(isspace.o)
    0x000009d2   0x00000002   PAD
    0x000009d4   0x00000374   Code   RO         1858    .text               c_w.l(_scanf.o)
    0x00000d48   0x0000009e   Code   RO         1860    .text               c_w.l(_strtoul.o)
    0x00000de6   0x0000004a   Code   RO         1862    .text               c_w.l(sys_stackheap_outer.o)
    0x00000e30   0x00000008   Code   RO         1867    .text               c_w.l(rt_locale_intlibspace.o)
    0x00000e38   0x00000012   Code   RO         1872    .text               c_w.l(exit.o)
    0x00000e4a   0x00000002   PAD
    0x00000e4c   0x0000014c   Code   RO          451    i.EINT3_IRQHandler  main.o
    0x00000f98   0x000000b8   Code   RO          801    i.ENET_IRQHandler   emac_lpc17xx.o
    0x00001050   0x00000016   Code   RO          453    i.NVIC_EnableIRQ    main.o
    0x00001066   0x00000002   PAD
    0x00001068   0x0000004c   Code   RO          420    i.SER_Init          serial.o
    0x000010b4   0x00000140   Code   RO          628    i.SystemInit        system_lpc17xx.o
    0x000011f4   0x00000030   Code   RO          454    i.TIMER0_IRQHandler  main.o
    0x00001224   0x0000001c   Code   RO          941    i.TIMER1_IRQHandler  timer.o
    0x00001240   0x0000000e   Code   RO         1762    i._is_digit         c_w.l(__printf_wp.o)
    0x0000124e   0x00000004   Code   RO          230    i._sys_exit         retarget.o
    0x00001252   0x00000002   PAD
    0x00001254   0x00000034   Code   RO         1204    i.add_server_id     TCP_CM3.lib(at_http.o)
    0x00001288   0x000000b8   Code   RO         1397    i.alloc_mem         TCP_CM3.lib(at_mem.o)
    0x00001340   0x00000018   Code   RO          455    i.answer_the_call   main.o
    0x00001358   0x000000b8   Code   RO         1631    i.arp_cache_add     TCP_CM3.lib(at_arp.o)
    0x00001410   0x00000088   Code   RO         1632    i.arp_cache_alloc   TCP_CM3.lib(at_arp.o)
    0x00001498   0x00000098   Code   RO         1633    i.arp_cache_early   TCP_CM3.lib(at_arp.o)
    0x00001530   0x000000b4   Code   RO         1634    i.arp_cache_find    TCP_CM3.lib(at_arp.o)
    0x000015e4   0x000000f4   Code   RO         1637    i.arp_cache_update  TCP_CM3.lib(at_arp.o)
    0x000016d8   0x0000002c   Code   RO         1640    i.arp_init          TCP_CM3.lib(at_arp.o)
    0x00001704   0x00000034   Code   RO         1641    i.arp_is_cacheable  TCP_CM3.lib(at_arp.o)
    0x00001738   0x00000028   Code   RO         1642    i.arp_notify        TCP_CM3.lib(at_arp.o)
    0x00001760   0x00000014   Code   RO         1643    i.arp_probe         TCP_CM3.lib(at_arp.o)
    0x00001774   0x00000088   Code   RO         1644    i.arp_proc_response  TCP_CM3.lib(at_arp.o)
    0x000017fc   0x00000138   Code   RO         1645    i.arp_process       TCP_CM3.lib(at_arp.o)
    0x00001934   0x000000a0   Code   RO         1646    i.arp_send_reply    TCP_CM3.lib(at_arp.o)
    0x000019d4   0x000000b8   Code   RO         1647    i.arp_send_request  TCP_CM3.lib(at_arp.o)
    0x00001a8c   0x0000001c   Code   RO         1398    i.avail_mem         TCP_CM3.lib(at_mem.o)
    0x00001aa8   0x00000078   Code   RO         1342    i.b64_to_asc        TCP_CM3.lib(at_lib.o)
    0x00001b20   0x00000012   Code   RO         1344    i.calc_chksum16be   TCP_CM3.lib(at_lib.o)
    0x00001b32   0x00000002   PAD
    0x00001b34   0x00000088   Code   RO          688    i.cgi_func          http_cgi.o
    0x00001bbc   0x00000144   Code   RO          689    i.cgi_process_data  http_cgi.o
    0x00001d00   0x00000194   Code   RO          690    i.cgi_process_var   http_cgi.o
    0x00001e94   0x00000004   Code   RO         1205    i.cgx_content_type  TCP_CM3.lib(at_http.o)
    0x00001e98   0x000001cc   Code   RO         1206    i.chk_post_req      TCP_CM3.lib(at_http.o)
    0x00002064   0x00000028   Code   RO         1345    i.chksum16_buf      TCP_CM3.lib(at_lib.o)
    0x0000208c   0x0000000a   Code   RO         1346    i.chksum16_val      TCP_CM3.lib(at_lib.o)
    0x00002096   0x0000001e   Code   RO         1207    i.cmp_fname_ext     TCP_CM3.lib(at_http.o)
    0x000020b4   0x00000028   Code   RO         1208    i.cmp_header        TCP_CM3.lib(at_http.o)
    0x000020dc   0x00000070   Code   RO          895    i.command           display4bit.o
    0x0000214c   0x0000001e   Code   RO          456    i.delay_main        main.o
    0x0000216a   0x00000002   Code   RO         1296    i.dhcp_cbfunc       TCP_CM3.lib(at_dhcp.o)
    0x0000216c   0x00000080   Code   RO          458    i.dhcp_check        main.o
    0x000021ec   0x0000003c   Code   RO         1297    i.dhcp_disable      TCP_CM3.lib(at_dhcp.o)
    0x00002228   0x00000050   Code   RO         1298    i.dhcp_init         TCP_CM3.lib(at_dhcp.o)
    0x00002278   0x000001fc   Code   RO         1299    i.dhcp_listener     TCP_CM3.lib(at_dhcp.o)
    0x00002474   0x000001c4   Code   RO         1300    i.dhcp_run_client   TCP_CM3.lib(at_dhcp.o)
    0x00002638   0x00000210   Code   RO         1301    i.dhcp_send_message  TCP_CM3.lib(at_dhcp.o)
    0x00002848   0x0000000c   Code   RO          896    i.ds_delay          display4bit.o
    0x00002854   0x00000010   Code   RO         1321    i.eth_chk_adr       TCP_CM3.lib(at_ethernet.o)
    0x00002864   0x00000034   Code   RO         1323    i.eth_init_link     TCP_CM3.lib(at_ethernet.o)
    0x00002898   0x000000d4   Code   RO         1324    i.eth_run_link      TCP_CM3.lib(at_ethernet.o)
    0x0000296c   0x000000a8   Code   RO         1325    i.eth_send_frame    TCP_CM3.lib(at_ethernet.o)
    0x00002a14   0x00000018   Code   RO          459    i.finish_the_call   main.o
    0x00002a2c   0x00000084   Code   RO         1399    i.free_mem          TCP_CM3.lib(at_mem.o)
    0x00002ab0   0x00000040   Code   RO          460    i.get_State_Enum    main.o
    0x00002af0   0x00000028   Code   RO         1348    i.get_crc32         TCP_CM3.lib(at_lib.o)
    0x00002b18   0x00000068   Code   RO         1209    i.get_file_type     TCP_CM3.lib(at_http.o)
    0x00002b80   0x00000028   Code   RO         1210    i.get_next_field    TCP_CM3.lib(at_http.o)
    0x00002ba8   0x00000032   Code   RO         1211    i.get_next_par      TCP_CM3.lib(at_http.o)
    0x00002bda   0x00000002   PAD
    0x00002bdc   0x0000001c   Code   RO         1417    i.get_rnd32         TCP_CM3.lib(at_system.o)
    0x00002bf8   0x00000044   Code   RO          461    i.gpio_interrupt_set  main.o
    0x00002c3c   0x00000012   Code   RO         1212    i.hex2byte          TCP_CM3.lib(at_http.o)
    0x00002c4e   0x00000004   Code   RO         1213    i.http_accept_host  TCP_CM3.lib(at_http.o)
    0x00002c52   0x00000002   PAD
    0x00002c54   0x000002fc   Code   RO         1214    i.http_add_header   TCP_CM3.lib(at_http.o)
    0x00002f50   0x00000004   Code   RO         1215    i.http_check_account  TCP_CM3.lib(at_http.o)
    0x00002f54   0x00000004   Code   RO         1217    i.http_encoding     TCP_CM3.lib(at_http.o)
    0x00002f58   0x00000188   Code   RO         1218    i.http_error_msg    TCP_CM3.lib(at_http.o)
    0x000030e0   0x00000002   Code   RO         1685    i.http_fclose       TCP_CM3.lib(at_http_uif.o)
    0x000030e2   0x00000004   Code   RO         1686    i.http_fgets        TCP_CM3.lib(at_http_uif.o)
    0x000030e6   0x00000004   Code   RO         1219    i.http_file_access  TCP_CM3.lib(at_http.o)
    0x000030ea   0x00000004   Code   RO         1687    i.http_finfo        TCP_CM3.lib(at_http_uif.o)
    0x000030ee   0x00000004   Code   RO         1688    i.http_fopen        TCP_CM3.lib(at_http_uif.o)
    0x000030f2   0x00000004   Code   RO         1689    i.http_fread        TCP_CM3.lib(at_http_uif.o)
    0x000030f6   0x00000002   PAD
    0x000030f8   0x0000006c   Code   RO         1225    i.http_get_var      TCP_CM3.lib(at_http.o)
    0x00003164   0x00000050   Code   RO         1226    i.http_init         TCP_CM3.lib(at_http.o)
    0x000031b4   0x0000005e   Code   RO         1227    i.http_kill_session  TCP_CM3.lib(at_http.o)
    0x00003212   0x00000002   PAD
    0x00003214   0x00000224   Code   RO         1228    i.http_listener     TCP_CM3.lib(at_http.o)
    0x00003438   0x00000120   Code   RO         1229    i.http_open_file    TCP_CM3.lib(at_http.o)
    0x00003558   0x00000154   Code   RO         1230    i.http_proc_header  TCP_CM3.lib(at_http.o)
    0x000036ac   0x0000017c   Code   RO         1231    i.http_proc_multipart  TCP_CM3.lib(at_http.o)
    0x00003828   0x000000f8   Code   RO         1232    i.http_proc_post    TCP_CM3.lib(at_http.o)
    0x00003920   0x0000033c   Code   RO         1233    i.http_run_server   TCP_CM3.lib(at_http.o)
    0x00003c5c   0x0000001e   Code   RO         1234    i.http_strcpy       TCP_CM3.lib(at_http.o)
    0x00003c7a   0x00000002   PAD
    0x00003c7c   0x000000a8   Code   RO         1235    i.http_to_utc       TCP_CM3.lib(at_http.o)
    0x00003d24   0x00000010   Code   RO         1083    i.icmp_init         TCP_CM3.lib(at_icmp.o)
    0x00003d34   0x000000cc   Code   RO         1085    i.icmp_process      TCP_CM3.lib(at_icmp.o)
    0x00003e00   0x00000048   Code   RO         1086    i.icmp_run_engine   TCP_CM3.lib(at_icmp.o)
    0x00003e48   0x00000070   Code   RO         1087    i.icmp_send_message  TCP_CM3.lib(at_icmp.o)
    0x00003eb8   0x00000038   Code   RO         1400    i.ifree_mem         TCP_CM3.lib(at_mem.o)
    0x00003ef0   0x00000004   Code   RO          736    i.igmp_is_member    net_config.o
    0x00003ef4   0x00000002   Code   RO          737    i.igmp_process      net_config.o
    0x00003ef6   0x00000002   PAD
    0x00003ef8   0x00000024   Code   RO          462    i.init              main.o
    0x00003f1c   0x00000030   Code   RO         1418    i.init_TcpNet       TCP_CM3.lib(at_system.o)
    0x00003f4c   0x00000238   Code   RO          802    i.init_ethernet     emac_lpc17xx.o
    0x00004184   0x00000060   Code   RO         1401    i.init_mem          TCP_CM3.lib(at_mem.o)
    0x000041e4   0x00000026   Code   RO          738    i.init_system       net_config.o
    0x0000420a   0x00000002   PAD
    0x0000420c   0x00000038   Code   RO          803    i.input_MDIO        emac_lpc17xx.o
    0x00004244   0x00000018   Code   RO          804    i.int_disable_eth   emac_lpc17xx.o
    0x0000425c   0x00000016   Code   RO          805    i.int_enable_eth    emac_lpc17xx.o
    0x00004272   0x00000002   PAD
    0x00004274   0x0000005c   Code   RO          463    i.invertRelay       main.o
    0x000042d0   0x000000c8   Code   RO         1063    i.ip_chk_frame      TCP_CM3.lib(at_ip.o)
    0x00004398   0x0000000a   Code   RO         1064    i.ip_get_chksum     TCP_CM3.lib(at_ip.o)
    0x000043a2   0x00000002   PAD
    0x000043a4   0x000000b8   Code   RO         1065    i.ip_get_locadr     TCP_CM3.lib(at_ip.o)
    0x0000445c   0x0000000c   Code   RO         1066    i.ip_init           TCP_CM3.lib(at_ip.o)
    0x00004468   0x0000005c   Code   RO         1067    i.ip_run_local      TCP_CM3.lib(at_ip.o)
    0x000044c4   0x00000150   Code   RO         1068    i.ip_send_frame     TCP_CM3.lib(at_ip.o)
    0x00004614   0x00000014   Code   RO         1349    i.is_subnet         TCP_CM3.lib(at_lib.o)
    0x00004628   0x00000138   Code   RO          897    i.lcd_init_4bit     display4bit.o
    0x00004760   0x00000070   Code   RO          898    i.lcd_putchar       display4bit.o
    0x000047d0   0x00000018   Code   RO          899    i.lcd_putsf         display4bit.o
    0x000047e8   0x00000038   Code   RO          464    i.main              main.o
    0x00004820   0x00000064   Code   RO         1419    i.main_TcpNet       TCP_CM3.lib(at_system.o)
    0x00004884   0x00000018   Code   RO         1350    i.mem_comp          TCP_CM3.lib(at_lib.o)
    0x0000489c   0x00000016   Code   RO         1351    i.mem_copy          TCP_CM3.lib(at_lib.o)
    0x000048b2   0x00000020   Code   RO         1352    i.mem_crc32         TCP_CM3.lib(at_lib.o)
    0x000048d2   0x0000000a   Code   RO         1354    i.mem_set           TCP_CM3.lib(at_lib.o)
    0x000048dc   0x00000014   Code   RO         1355    i.mem_test          TCP_CM3.lib(at_lib.o)
    0x000048f0   0x00000028   Code   RO         1284    i.nbns_init         TCP_CM3.lib(at_nbns.o)
    0x00004918   0x00000160   Code   RO         1285    i.nbns_listener     TCP_CM3.lib(at_nbns.o)
    0x00004a78   0x00000016   Code   RO         1357    i.nrd_u32be         TCP_CM3.lib(at_lib.o)
    0x00004a8e   0x00000008   Code   RO         1358    i.nwr_u16be         TCP_CM3.lib(at_lib.o)
    0x00004a96   0x00000010   Code   RO         1359    i.nwr_u32be         TCP_CM3.lib(at_lib.o)
    0x00004aa6   0x00000002   PAD
    0x00004aa8   0x0000004c   Code   RO          806    i.output_MDIO       emac_lpc17xx.o
    0x00004af4   0x00000004   Code   RO          739    i.ppp_send_frame    net_config.o
    0x00004af8   0x00000068   Code   RO         1302    i.proc_opt_renew    TCP_CM3.lib(at_dhcp.o)
    0x00004b60   0x000000e0   Code   RO         1303    i.proc_opt_req      TCP_CM3.lib(at_dhcp.o)
    0x00004c40   0x00000034   Code   RO         1304    i.proc_opt_sel      TCP_CM3.lib(at_dhcp.o)
    0x00004c74   0x00000028   Code   RO         1236    i.proc_req_line     TCP_CM3.lib(at_http.o)
    0x00004c9c   0x00000028   Code   RO         1326    i.put_in_queue      TCP_CM3.lib(at_ethernet.o)
    0x00004cc4   0x0000008c   Code   RO          807    i.read_PHY          emac_lpc17xx.o
    0x00004d50   0x000000a0   Code   RO         1237    i.read_script_line  TCP_CM3.lib(at_http.o)
    0x00004df0   0x00000048   Code   RO         1402    i.resize_mem        TCP_CM3.lib(at_mem.o)
    0x00004e38   0x0000001e   Code   RO          740    i.run_system        net_config.o
    0x00004e56   0x00000002   PAD
    0x00004e58   0x00000068   Code   RO          808    i.rx_descr_init     emac_lpc17xx.o
    0x00004ec0   0x0000004c   Code   RO         1238    i.search_delim      TCP_CM3.lib(at_http.o)
    0x00004f0c   0x00000048   Code   RO          809    i.send_frame        emac_lpc17xx.o
    0x00004f54   0x00000028   Code   RO          465    i.showCallerNumberOnDisplay  main.o
    0x00004f7c   0x00000048   Code   RO          466    i.showRelaysStatusOnDisplay  main.o
    0x00004fc4   0x00000040   Code   RO          467    i.showStatusOnDisplay  main.o
    0x00005004   0x00000028   Code   RO          468    i.showToneCodeOnDisplay  main.o
    0x0000502c   0x00000018   Code   RO          469    i.show_massage_to_display  main.o
    0x00005044   0x00000004   Code   RO          741    i.slip_send_frame   net_config.o
    0x00005048   0x00000012   Code   RO         1360    i.str_copy          TCP_CM3.lib(at_lib.o)
    0x0000505a   0x0000001a   Code   RO         1361    i.str_crc32         TCP_CM3.lib(at_lib.o)
    0x00005074   0x00000016   Code   RO         1362    i.str_pos           TCP_CM3.lib(at_lib.o)
    0x0000508a   0x0000001a   Code   RO         1363    i.str_scomp         TCP_CM3.lib(at_lib.o)
    0x000050a4   0x0000001a   Code   RO         1365    i.str_up_case       TCP_CM3.lib(at_lib.o)
    0x000050be   0x00000024   Code   RO          743    i.sys_error         net_config.o
    0x000050e2   0x00000002   PAD
    0x000050e4   0x00000050   Code   RO         1100    i.tcp_abort         TCP_CM3.lib(at_tcp.o)
    0x00005134   0x0000009c   Code   RO         1102    i.tcp_close         TCP_CM3.lib(at_tcp.o)
    0x000051d0   0x00000020   Code   RO         1105    i.tcp_get_buf       TCP_CM3.lib(at_tcp.o)
    0x000051f0   0x0000004c   Code   RO         1107    i.tcp_get_socket    TCP_CM3.lib(at_tcp.o)
    0x0000523c   0x00000024   Code   RO         1108    i.tcp_get_state     TCP_CM3.lib(at_tcp.o)
    0x00005260   0x00000018   Code   RO         1109    i.tcp_init          TCP_CM3.lib(at_tcp.o)
    0x00005278   0x0000006c   Code   RO         1111    i.tcp_listen        TCP_CM3.lib(at_tcp.o)
    0x000052e4   0x00000098   Code   RO         1112    i.tcp_map_socket    TCP_CM3.lib(at_tcp.o)
    0x0000537c   0x00000024   Code   RO         1113    i.tcp_max_dsize     TCP_CM3.lib(at_tcp.o)
    0x000053a0   0x0000005e   Code   RO         1115    i.tcp_parse_opt     TCP_CM3.lib(at_tcp.o)
    0x000053fe   0x00000002   PAD
    0x00005400   0x00000284   Code   RO         1116    i.tcp_poll_sockets  TCP_CM3.lib(at_tcp.o)
    0x00005684   0x000000c8   Code   RO         1117    i.tcp_proc_acknr    TCP_CM3.lib(at_tcp.o)
    0x0000574c   0x00000052   Code   RO         1118    i.tcp_proc_dupack   TCP_CM3.lib(at_tcp.o)
    0x0000579e   0x00000002   PAD
    0x000057a0   0x000004b8   Code   RO         1119    i.tcp_process       TCP_CM3.lib(at_tcp.o)
    0x00005c58   0x0000001a   Code   RO         1120    i.tcp_que_free      TCP_CM3.lib(at_tcp.o)
    0x00005c72   0x0000001a   Code   RO         1121    i.tcp_que_init      TCP_CM3.lib(at_tcp.o)
    0x00005c8c   0x00000094   Code   RO         1122    i.tcp_que_resend    TCP_CM3.lib(at_tcp.o)
    0x00005d20   0x000000d4   Code   RO         1126    i.tcp_send          TCP_CM3.lib(at_tcp.o)
    0x00005df4   0x0000006a   Code   RO         1127    i.tcp_send_ctrl     TCP_CM3.lib(at_tcp.o)
    0x00005e5e   0x00000050   Code   RO         1128    i.tcp_send_data     TCP_CM3.lib(at_tcp.o)
    0x00005eae   0x00000068   Code   RO         1129    i.tcp_send_reset    TCP_CM3.lib(at_tcp.o)
    0x00005f16   0x00000026   Code   RO         1130    i.tcp_set_cwnd      TCP_CM3.lib(at_tcp.o)
    0x00005f3c   0x00000068   Code   RO         1131    i.tcp_transit       TCP_CM3.lib(at_tcp.o)
    0x00005fa4   0x000000c4   Code   RO         1132    i.tcp_write         TCP_CM3.lib(at_tcp.o)
    0x00006068   0x00000024   Code   RO          470    i.timer0Inir        main.o
    0x0000608c   0x00000020   Code   RO          471    i.timer_poll        main.o
    0x000060ac   0x00000014   Code   RO         1420    i.timer_tick        TCP_CM3.lib(at_system.o)
    0x000060c0   0x0000002c   Code   RO          810    i.turnaround_MDIO   emac_lpc17xx.o
    0x000060ec   0x0000005c   Code   RO          811    i.tx_descr_init     emac_lpc17xx.o
    0x00006148   0x00000074   Code   RO          472    i.uartInit          main.o
    0x000061bc   0x0000002c   Code   RO         1173    i.udp_close         TCP_CM3.lib(at_udp.o)
    0x000061e8   0x00000020   Code   RO         1175    i.udp_get_buf       TCP_CM3.lib(at_udp.o)
    0x00006208   0x00000044   Code   RO         1176    i.udp_get_socket    TCP_CM3.lib(at_udp.o)
    0x0000624c   0x00000018   Code   RO         1177    i.udp_init          TCP_CM3.lib(at_udp.o)
    0x00006264   0x00000068   Code   RO         1180    i.udp_open          TCP_CM3.lib(at_udp.o)
    0x000062cc   0x0000002c   Code   RO         1181    i.udp_port_in_use   TCP_CM3.lib(at_udp.o)
    0x000062f8   0x000000b8   Code   RO         1182    i.udp_process       TCP_CM3.lib(at_udp.o)
    0x000063b0   0x00000030   Code   RO         1183    i.udp_release_socket  TCP_CM3.lib(at_udp.o)
    0x000063e0   0x0000011c   Code   RO         1184    i.udp_send          TCP_CM3.lib(at_udp.o)
    0x000064fc   0x00000014   Code   RO          473    i.updateDisplay     main.o
    0x00006510   0x000000e0   Code   RO         1239    i.utc_to_http       TCP_CM3.lib(at_http.o)
    0x000065f0   0x00000088   Code   RO          812    i.write_PHY         emac_lpc17xx.o
    0x00006678   0x0000002c   Code   RO         1870    locale$$code        c_w.l(lc_ctype_c.o)
    0x000066a4   0x0004ed04   Data   RO          674    .constdata          web.o
    0x000553a8   0x00000098   Data   RO          745    .constdata          net_config.o
    0x00055440   0x00000008   Data   RO         1069    .constdata          TCP_CM3.lib(at_ip.o)
    0x00055448   0x000000f4   Data   RO         1240    .constdata          TCP_CM3.lib(at_http.o)
    0x0005553c   0x00000008   Data   RO         1286    .constdata          TCP_CM3.lib(at_nbns.o)
    0x00055544   0x00000006   Data   RO         1328    .constdata          TCP_CM3.lib(at_ethernet.o)
    0x0005554a   0x00000006   Data   RO         1648    .constdata          TCP_CM3.lib(at_arp.o)
    0x00055550   0x00000056   Data   RO         1673    .constdata          TCP_CM3.lib(http_err.o)
    0x000555a6   0x00000051   Data   RO         1674    .constdata          TCP_CM3.lib(http_err.o)
    0x000555f7   0x0000004e   Data   RO         1675    .constdata          TCP_CM3.lib(http_err.o)
    0x00055645   0x0000004b   Data   RO         1676    .constdata          TCP_CM3.lib(http_err.o)
    0x00055690   0x0000002f   Data   RO         1677    .constdata          TCP_CM3.lib(http_err.o)
    0x000556bf   0x00000088   Data   RO         1678    .constdata          TCP_CM3.lib(http_err.o)
    0x00055747   0x00000028   Data   RO         1741    .constdata          c_w.l(_printf_hex_ptr.o)
    0x0005576f   0x00000011   Data   RO         1770    .constdata          c_w.l(__printf_flags_ss_wp.o)
    0x00055780   0x0000001d   Data   RO          746    .conststring        net_config.o
    0x0005579d   0x00000003   PAD
    0x000557a0   0x00000040   Data   RO         1999    Region$$Table       anon$$obj.o
    0x000557e0   0x00000110   Data   RO         1869    locale$$data        c_w.l(lc_ctype_c.o)


    Execution Region RW_IRAM1 (Base: 0x10000000, Size: 0x00003eb0, Max: 0x00008000, ABSOLUTE)

    Base Addr    Size         Type   Attr      Idx    E Section Name        Object

    0x10000000   0x00000028   Data   RW          475    .data               main.o
    0x10000028   0x00000004   Data   RW          629    .data               system_lpc17xx.o
    0x1000002c   0x00000001   Data   RW          692    .data               http_cgi.o
    0x1000002d   0x00000016   Data   RW          747    .data               net_config.o
    0x10000043   0x00000001   PAD
    0x10000044   0x00000008   Data   RW          947    .data               timer.o
    0x1000004c   0x0000000c   Data   RW         1070    .data               TCP_CM3.lib(at_ip.o)
    0x10000058   0x00000004   Data   RW         1133    .data               TCP_CM3.lib(at_tcp.o)
    0x1000005c   0x00000002   Data   RW         1185    .data               TCP_CM3.lib(at_udp.o)
    0x1000005e   0x00000002   PAD
    0x10000060   0x0000000c   Data   RW         1241    .data               TCP_CM3.lib(at_http.o)
    0x1000006c   0x00000001   Data   RW         1287    .data               TCP_CM3.lib(at_nbns.o)
    0x1000006d   0x00000003   PAD
    0x10000070   0x00000008   Data   RW         1649    .data               TCP_CM3.lib(at_arp.o)
    0x10000078   0x0000001a   Zero   RW          474    .bss                main.o
    0x10000092   0x00000002   PAD
    0x10000094   0x000032ac   Zero   RW          744    .bss                net_config.o
    0x10003340   0x00000010   Zero   RW         1088    .bss                TCP_CM3.lib(at_icmp.o)
    0x10003350   0x00000020   Zero   RW         1305    .bss                TCP_CM3.lib(at_dhcp.o)
    0x10003370   0x00000084   Zero   RW         1327    .bss                TCP_CM3.lib(at_ethernet.o)
    0x100033f4   0x00000010   Zero   RW         1403    .bss                TCP_CM3.lib(at_mem.o)
    0x10003404   0x0000004c   Zero   RW         1421    .bss                TCP_CM3.lib(at_system.o)
    0x10003450   0x00000060   Zero   RW         1833    .bss                c_w.l(libspace.o)
    0x100034b0   0x00000200   Zero   RW          665    HEAP                startup_lpc17xx.o
    0x100036b0   0x00000800   Zero   RW          664    STACK               startup_lpc17xx.o


    Execution Region RW_IRAM2 (Base: 0x2007c000, Size: 0x00002a6c, Max: 0x00008000, ABSOLUTE)

    Base Addr    Size         Type   Attr      Idx    E Section Name        Object

    0x2007c000   0x00000005   Data   RW          814    .data               emac_lpc17xx.o
    0x2007c005   0x00000003   PAD
    0x2007c008   0x00002a64   Zero   RW          813    .bss                emac_lpc17xx.o


==============================================================================

Image component sizes


      Code (inc. data)   RO Data    RW Data    ZI Data      Debug   Object Name

       572         18          0          0          0       2659   display4bit.o
      1518        150          0          5      10852      53814   emac_lpc17xx.o
         0          0          0          0          0       8732   file_config.o
       864        160          0          1          0       9841   http_cgi.o
      1368        270          0         40         26      57837   main.o
       118          8        181         22      12972       4794   net_config.o
         4          0          0          0          0       7732   retarget.o
        76         12          0          0          0        427   serial.o
         0          0          0          0          0       3096   spi_lpc17xx.o
        68         30        204          0       2560        960   startup_lpc17xx.o
       320         18          0          4          0        815   system_lpc17xx.o
        28         10          0          8          0        976   timer.o
         0          0     322820          0          0       6825   web.o

    ----------------------------------------------------------------------
      4950        676     323272         84      26412     158508   Object Totals
         0          0         64          0          0          0   (incl. Generated)
        14          0          3          4          2          0   (incl. Padding)

    ----------------------------------------------------------------------

      Code (inc. data)   RO Data    RW Data    ZI Data      Debug   Library Member Name

      1844        144          6          8          0       1108   at_arp.o
      2010        114          0          0         32        812   at_dhcp.o
       488         58          6          0        132        404   at_ethernet.o
      5582       1192        244         12          0       2336   at_http.o
        18          0          0          0          0        340   at_http_uif.o
       404         30          0          0         16        308   at_icmp.o
       834         56          8         12          0        520   at_ip.o
       520          6          0          0          0       1360   at_lib.o
       568         46          0          0         16        520   at_mem.o
       392         26          8          1          0        184   at_nbns.o
       196         40          0          0         76        292   at_system.o
      3968        158          0          4          0       2008   at_tcp.o
       832         44          0          2          0        700   at_udp.o
         0          0        503          0          0          0   http_err.o
        60          8          0          0          0         84   __0sscanf.o
        44          6          0          0          0         84   __2sprintf.o
         8          0          0          0          0         68   __main.o
       392          4         17          0          0         92   __printf_flags_ss_wp.o
        14          0          0          0          0         68   __printf_wp.o
         0          0          0          0          0          0   __rtentry.o
        12          0          0          0          0          0   __rtentry2.o
         6          0          0          0          0          0   __rtentry4.o
        52          8          0          0          0          0   __scatter.o
        26          0          0          0          0          0   __scatter_copy.o
        28          0          0          0          0          0   __scatter_zi.o
        28          0          0          0          0         68   _chval.o
        44          0          0          0          0        108   _printf_char.o
        48          6          0          0          0         96   _printf_char_common.o
        40          0          0          0          0         68   _printf_charcount.o
         6          0          0          0          0          0   _printf_d.o
       120         16          0          0          0         92   _printf_dec.o
        84          6         40          0          0         88   _printf_hex_ptr.o
       178          0          0          0          0         88   _printf_intcommon.o
         6          0          0          0          0          0   _printf_n.o
         6          0          0          0          0          0   _printf_p.o
        78          0          0          0          0        108   _printf_pad.o
         0          0          0          0          0          0   _printf_percent.o
         4          0          0          0          0          0   _printf_percent_end.o
         6          0          0          0          0          0   _printf_s.o
        82          0          0          0          0         80   _printf_str.o
       884          6          0          0          0        100   _scanf.o
       332          0          0          0          0         96   _scanf_int.o
        64          0          0          0          0         84   _sgetc.o
        10          0          0          0          0         68   _sputc.o
       158          0          0          0          0         92   _strtoul.o
        26          0          0          0          0         80   atoi.o
        18          0          0          0          0         80   exit.o
         6          0          0          0          0        152   heapauxi.o
        18          0          0          0          0         76   isspace.o
        44         10        272          0          0         76   lc_ctype_c.o
         2          0          0          0          0          0   libinit.o
        20          0          0          0          0          0   libinit2.o
         2          0          0          0          0          0   libshutdown.o
         2          0          0          0          0          0   libshutdown2.o
         8          4          0          0         96         68   libspace.o
        16          4          0          0          0         76   rt_ctype_table.o
         8          4          0          0          0         68   rt_errno_addr_intlibspace.o
         8          4          0          0          0         68   rt_locale_intlibspace.o
         2          0          0          0          0          0   rtexit.o
        10          0          0          0          0          0   rtexit2.o
        44          8          0          0          0         84   scanf_char.o
       128          0          0          0          0         68   strcmpv7m.o
        62          0          0          0          0         76   strlen.o
       112          0          0          0          0         88   strtol.o
        74          0          0          0          0         80   sys_stackheap_outer.o
         2          0          0          0          0         68   use_no_semi.o

    ----------------------------------------------------------------------
     21122       2008       1104         44        368      13732   Library Totals
        34          0          0          5          0          0   (incl. Padding)

    ----------------------------------------------------------------------

      Code (inc. data)   RO Data    RW Data    ZI Data      Debug   Library Name

     17656       1914        775         39        272      10892   TCP_CM3.lib
      3432         94        329          0         96       2840   c_w.l

    ----------------------------------------------------------------------
     21122       2008       1104         44        368      13732   Library Totals

    ----------------------------------------------------------------------

==============================================================================


      Code (inc. data)   RO Data    RW Data    ZI Data      Debug   

     26072       2684     324376        128      26780     161316   Grand Totals
     26072       2684     324376        128      26780     161316   ELF Image Totals
     26072       2684     324376        128          0          0   ROM Totals

==============================================================================

    Total RO  Size (Code + RO Data)               350448 ( 342.23kB)
    Total RW  Size (RW Data + ZI Data)             26908 (  26.28kB)
    Total ROM Size (Code + RO Data + RW Data)     350576 ( 342.36kB)

==============================================================================

