Component: ARM Compiler 5.06 update 4 (build 422) Tool: armlink [4d35d2]

==============================================================================

Section Cross References

    main.o(i.EINT3_IRQHandler) refers to main.o(i.answer_the_call) for answer_the_call
    main.o(i.EINT3_IRQHandler) refers to main.o(i.showStatusOnDisplay) for showStatusOnDisplay
    main.o(i.EINT3_IRQHandler) refers to main.o(i.updateDisplay) for updateDisplay
    main.o(i.EINT3_IRQHandler) refers to main.o(i.show_number_in_lcd) for show_number_in_lcd
    main.o(i.EINT3_IRQHandler) refers to main.o(i.showToneCodeOnDisplay) for showToneCodeOnDisplay
    main.o(i.EINT3_IRQHandler) refers to main.o(i.invertRelay) for invertRelay
    main.o(i.EINT3_IRQHandler) refers to main.o(i.show_massage_to_display) for show_massage_to_display
    main.o(i.EINT3_IRQHandler) refers to main.o(i.delay_main) for delay_main
    main.o(i.EINT3_IRQHandler) refers to main.o(.data) for ring_count
    main.o(i.Enable_call_timer_main) refers to main.o(i.NVIC_EnableIRQ) for NVIC_EnableIRQ
    main.o(i.TIMER0_IRQHandler) refers to main.o(i.show_massage_to_display) for show_massage_to_display
    main.o(i.TIMER0_IRQHandler) refers to main.o(.data) for getTone
    main.o(i.UART0_IRQHandler) refers to main.o(i.show_massage_to_display) for show_massage_to_display
    main.o(i.UART0_IRQHandler) refers to main.o(i.delay_main) for delay_main
    main.o(i.answer_the_call) refers to main.o(i.showStatusOnDisplay) for showStatusOnDisplay
    main.o(i.answer_the_call) refers to main.o(.data) for bs
    main.o(i.changeRelaysStateOnBoard) refers to main.o(.bss) for relays
    main.o(i.dhcp_check) refers to at_lib.o(i.mem_test) for mem_test
    main.o(i.dhcp_check) refers to at_dhcp.o(i.dhcp_disable) for dhcp_disable
    main.o(i.dhcp_check) refers to main.o(.data) for tick
    main.o(i.dhcp_check) refers to at_system.o(.bss) for localm
    main.o(i.finish_the_call) refers to main.o(i.showStatusOnDisplay) for showStatusOnDisplay
    main.o(i.finish_the_call) refers to main.o(.data) for bs
    main.o(i.get_relay_codes) refers to i2c.o(i.I2C_ReadNByte) for I2C_ReadNByte
    main.o(i.gpio_interrupt_set) refers to main.o(i.NVIC_EnableIRQ) for NVIC_EnableIRQ
    main.o(i.init) refers to at_system.o(i.init_TcpNet) for init_TcpNet
    main.o(i.init) refers to i2c.o(i.I2CInit) for I2CInit
    main.o(i.init) refers to system_lpc17xx.o(.data) for SystemCoreClock
    main.o(i.initDefaultRelayCodesToEEPROM) refers to main.o(i.set_realay_code) for set_realay_code
    main.o(i.initDefaultRelayCodesToEEPROM) refers to main.o(.data) for realyCodes
    main.o(i.invertRelay) refers to main.o(i.show_massage_to_display) for show_massage_to_display
    main.o(i.invertRelay) refers to main.o(i.delay_main) for delay_main
    main.o(i.invertRelay) refers to main.o(i.updateDisplay) for updateDisplay
    main.o(i.invertRelay) refers to main.o(i.showRelaysStatusOnDisplay) for showRelaysStatusOnDisplay
    main.o(i.invertRelay) refers to main.o(i.changeRelaysStateOnBoard) for changeRelaysStateOnBoard
    main.o(i.invertRelay) refers to main.o(.bss) for relays
    main.o(i.main) refers to main.o(i.init) for init
    main.o(i.main) refers to display4bit.o(i.lcd_init_4bit) for lcd_init_4bit
    main.o(i.main) refers to main.o(i.gpio_interrupt_set) for gpio_interrupt_set
    main.o(i.main) refers to main.o(i.uartInit) for uartInit
    main.o(i.main) refers to main.o(i.initDefaultRelayCodesToEEPROM) for initDefaultRelayCodesToEEPROM
    main.o(i.main) refers to main.o(i.updateDisplay) for updateDisplay
    main.o(i.main) refers to main.o(i.timer0Inir) for timer0Inir
    main.o(i.main) refers to main.o(i.timer_poll) for timer_poll
    main.o(i.main) refers to at_system.o(i.main_TcpNet) for main_TcpNet
    main.o(i.main) refers to main.o(i.dhcp_check) for dhcp_check
    main.o(i.main) refers to main.o(.data) for dhcp_tout
    main.o(i.set_realay_code) refers to i2c.o(i.I2C_WriteNByte) for I2C_WriteNByte
    main.o(i.showCallerNumberOnDisplay) refers to display4bit.o(i.command) for command
    main.o(i.showCallerNumberOnDisplay) refers to display4bit.o(i.lcd_putchar) for lcd_putchar
    main.o(i.showCallerNumberOnDisplay) refers to main.o(.data) for callerNumber
    main.o(i.showRelaysStatusOnDisplay) refers to display4bit.o(i.command) for command
    main.o(i.showRelaysStatusOnDisplay) refers to display4bit.o(i.lcd_putchar) for lcd_putchar
    main.o(i.showRelaysStatusOnDisplay) refers to main.o(.bss) for relays
    main.o(i.showStatusOnDisplay) refers to display4bit.o(i.command) for command
    main.o(i.showStatusOnDisplay) refers to display4bit.o(i.lcd_putchar) for lcd_putchar
    main.o(i.showStatusOnDisplay) refers to main.o(.data) for bs
    main.o(i.showToneCodeOnDisplay) refers to display4bit.o(i.command) for command
    main.o(i.showToneCodeOnDisplay) refers to display4bit.o(i.lcd_putchar) for lcd_putchar
    main.o(i.showToneCodeOnDisplay) refers to main.o(.data) for code
[...]
    i.str_crc32                              0x000054ee   Section        0  at_lib.o(i.str_crc32)
    i.str_pos                                0x00005508   Section        0  at_lib.o(i.str_pos)
    i.str_scomp                              0x0000551e   Section        0  at_lib.o(i.str_scomp)
    i.str_up_case                            0x00005538   Section        0  at_lib.o(i.str_up_case)
    i.sys_error                              0x00005552   Section        0  net_config.o(i.sys_error)
    i.tcp_abort                              0x00005578   Section        0  at_tcp.o(i.tcp_abort)
    i.tcp_close                              0x000055c8   Section        0  at_tcp.o(i.tcp_close)
    i.tcp_get_buf                            0x00005664   Section        0  at_tcp.o(i.tcp_get_buf)
    i.tcp_get_socket                         0x00005684   Section        0  at_tcp.o(i.tcp_get_socket)
    i.tcp_get_state                          0x000056d0   Section        0  at_tcp.o(i.tcp_get_state)
    i.tcp_init                               0x000056f4   Section        0  at_tcp.o(i.tcp_init)
    i.tcp_listen                             0x0000570c   Section        0  at_tcp.o(i.tcp_listen)
    i.tcp_map_socket                         0x00005778   Section        0  at_tcp.o(i.tcp_map_socket)
    tcp_map_socket                           0x00005779   Thumb Code   146  at_tcp.o(i.tcp_map_socket)
    i.tcp_max_dsize                          0x00005810   Section        0  at_tcp.o(i.tcp_max_dsize)
    i.tcp_parse_opt                          0x00005834   Section        0  at_tcp.o(i.tcp_parse_opt)
    tcp_parse_opt                            0x00005835   Thumb Code    94  at_tcp.o(i.tcp_parse_opt)
    i.tcp_poll_sockets                       0x00005894   Section        0  at_tcp.o(i.tcp_poll_sockets)
    i.tcp_proc_acknr                         0x00005b18   Section        0  at_tcp.o(i.tcp_proc_acknr)
    tcp_proc_acknr                           0x00005b19   Thumb Code   194  at_tcp.o(i.tcp_proc_acknr)
    i.tcp_proc_dupack                        0x00005be0   Section        0  at_tcp.o(i.tcp_proc_dupack)
    tcp_proc_dupack                          0x00005be1   Thumb Code    82  at_tcp.o(i.tcp_proc_dupack)
    i.tcp_process                            0x00005c34   Section        0  at_tcp.o(i.tcp_process)
    i.tcp_que_free                           0x000060ec   Section        0  at_tcp.o(i.tcp_que_free)
    tcp_que_free                             0x000060ed   Thumb Code    26  at_tcp.o(i.tcp_que_free)
    i.tcp_que_init                           0x00006106   Section        0  at_tcp.o(i.tcp_que_init)
    tcp_que_init                             0x00006107   Thumb Code    26  at_tcp.o(i.tcp_que_init)
    i.tcp_que_resend                         0x00006120   Section        0  at_tcp.o(i.tcp_que_resend)
    tcp_que_resend                           0x00006121   Thumb Code   142  at_tcp.o(i.tcp_que_resend)
    i.tcp_send                               0x000061b4   Section        0  at_tcp.o(i.tcp_send)
    i.tcp_send_ctrl                          0x00006288   Section        0  at_tcp.o(i.tcp_send_ctrl)
    tcp_send_ctrl                            0x00006289   Thumb Code   106  at_tcp.o(i.tcp_send_ctrl)
    i.tcp_send_data                          0x000062f2   Section        0  at_tcp.o(i.tcp_send_data)
    tcp_send_data                            0x000062f3   Thumb Code    80  at_tcp.o(i.tcp_send_data)
    i.tcp_send_reset                         0x00006342   Section        0  at_tcp.o(i.tcp_send_reset)
    tcp_send_reset                           0x00006343   Thumb Code   104  at_tcp.o(i.tcp_send_reset)
    i.tcp_set_cwnd                           0x000063aa   Section        0  at_tcp.o(i.tcp_set_cwnd)
    tcp_set_cwnd                             0x000063ab   Thumb Code    38  at_tcp.o(i.tcp_set_cwnd)
    i.tcp_transit                            0x000063d0   Section        0  at_tcp.o(i.tcp_transit)
    tcp_transit                              0x000063d1   Thumb Code   100  at_tcp.o(i.tcp_transit)
    i.tcp_write                              0x00006438   Section        0  at_tcp.o(i.tcp_write)
    tcp_write                                0x00006439   Thumb Code   190  at_tcp.o(i.tcp_write)
    i.timer0Inir                             0x000064fc   Section        0  main.o(i.timer0Inir)
    i.timer_poll                             0x00006520   Section        0  main.o(i.timer_poll)
    timer_poll                               0x00006521   Thumb Code    26  main.o(i.timer_poll)
    i.timer_tick                             0x00006540   Section        0  at_system.o(i.timer_tick)
    i.turnaround_MDIO                        0x00006554   Section        0  emac_lpc17xx.o(i.turnaround_MDIO)
    turnaround_MDIO                          0x00006555   Thumb Code    38  emac_lpc17xx.o(i.turnaround_MDIO)
    i.tx_descr_init                          0x00006580   Section        0  emac_lpc17xx.o(i.tx_descr_init)
    tx_descr_init                            0x00006581   Thumb Code    76  emac_lpc17xx.o(i.tx_descr_init)
    i.uartInit                               0x000065dc   Section        0  main.o(i.uartInit)
    i.udp_close                              0x00006650   Section        0  at_udp.o(i.udp_close)
    i.udp_get_buf                            0x0000667c   Section        0  at_udp.o(i.udp_get_buf)
    i.udp_get_socket                         0x0000669c   Section        0  at_udp.o(i.udp_get_socket)
    i.udp_init                               0x000066e0   Section        0  at_udp.o(i.udp_init)
    i.udp_open                               0x000066f8   Section        0  at_udp.o(i.udp_open)
    i.udp_port_in_use                        0x00006760   Section        0  at_udp.o(i.udp_port_in_use)
    udp_port_in_use                          0x00006761   Thumb Code    40  at_udp.o(i.udp_port_in_use)
    i.udp_process                            0x0000678c   Section        0  at_udp.o(i.udp_process)
    i.udp_release_socket                     0x00006844   Section        0  at_udp.o(i.udp_release_socket)
    i.udp_send                               0x00006874   Section        0  at_udp.o(i.udp_send)
    i.updateDisplay                          0x00006990   Section        0  main.o(i.updateDisplay)
    i.utc_to_http                            0x000069b0   Section        0  at_http.o(i.utc_to_http)
    utc_to_http                              0x000069b1   Thumb Code   180  at_http.o(i.utc_to_http)
    i.write_PHY                              0x00006a90   Section        0  emac_lpc17xx.o(i.write_PHY)
    write_PHY                                0x00006a91   Thumb Code   126  emac_lpc17xx.o(i.write_PHY)
    locale$$code                             0x00006b18   Section       44  lc_ctype_c.o(locale$$code)
    .constdata                               0x00006b44   Section    322988  web.o(.constdata)
    Web                                      0x00006b48   Data       322893  web.o(.constdata)
    .constdata                               0x000558f0   Section      152  net_config.o(.constdata)
    .constdata                               0x00055988   Section        8  at_ip.o(.constdata)
    IP_Localhost                             0x0005598c   Data           4  at_ip.o(.constdata)
    .constdata                               0x00055990   Section      244  at_http.o(.constdata)
    DYear                                    0x00055990   Data           6  at_http.o(.constdata)
    Month                                    0x00055996   Data          48  at_http.o(.constdata)
    WkDay                                    0x000559c6   Data          28  at_http.o(.constdata)
    DMonth                                   0x000559e2   Data          24  at_http.o(.constdata)
    ftype                                    0x000559fa   Data         138  at_http.o(.constdata)
    .constdata                               0x00055a84   Section        8  at_nbns.o(.constdata)
    nbns_ttllen                              0x00055a84   Data           8  at_nbns.o(.constdata)
    .constdata                               0x00055a8c   Section        6  at_ethernet.o(.constdata)
    .constdata                               0x00055a92   Section        6  at_arp.o(.constdata)
    NullAdr                                  0x00055a92   Data           6  at_arp.o(.constdata)
    .constdata                               0x00055a98   Section       86  http_err.o(.constdata)
    .constdata                               0x00055aee   Section       81  http_err.o(.constdata)
    .constdata                               0x00055b3f   Section       78  http_err.o(.constdata)
    .constdata                               0x00055b8d   Section       75  http_err.o(.constdata)
    .constdata                               0x00055bd8   Section       47  http_err.o(.constdata)
    .constdata                               0x00055c07   Section      136  http_err.o(.constdata)
    .constdata                               0x00055c8f   Section       40  _printf_hex_ptr.o(.constdata)
    uc_hextab                                0x00055c8f   Data          20  _printf_hex_ptr.o(.constdata)
    lc_hextab                                0x00055ca3   Data          20  _printf_hex_ptr.o(.constdata)
    .constdata                               0x00055cb7   Section       17  __printf_flags_ss_wp.o(.constdata)
    maptable                                 0x00055cb7   Data          17  __printf_flags_ss_wp.o(.constdata)
    .conststring                             0x00055cc8   Section       29  net_config.o(.conststring)
    locale$$data                             0x00055d28   Section      272  lc_ctype_c.o(locale$$data)
    __lcctype_c_name                         0x00055d2c   Data           2  lc_ctype_c.o(locale$$data)
    __lcctype_c_start                        0x00055d34   Data           0  lc_ctype_c.o(locale$$data)
    __lcctype_c_end                          0x00055e38   Data           0  lc_ctype_c.o(locale$$data)
    .data                                    0x10000000   Section       60  main.o(.data)
    .data                                    0x1000003c   Section        4  system_lpc17xx.o(.data)
    .data                                    0x10000040   Section        1  http_cgi.o(.data)
    P2                                       0x10000040   Data           1  http_cgi.o(.data)
    .data                                    0x10000044   Section       22  i2c.o(.data)
    .data                                    0x1000005a   Section       22  net_config.o(.data)
    .data                                    0x10000070   Section        8  timer.o(.data)
    .data                                    0x10000078   Section       12  at_ip.o(.data)
    ip_id                                    0x10000078   Data           2  at_ip.o(.data)
    ip_control                               0x1000007c   Data           8  at_ip.o(.data)
    .data                                    0x10000084   Section        4  at_tcp.o(.data)
    socket                                   0x10000084   Data           1  at_tcp.o(.data)
    no_ack                                   0x10000085   Data           1  at_tcp.o(.data)
    port                                     0x10000086   Data           2  at_tcp.o(.data)
    .data                                    0x10000088   Section        2  at_udp.o(.data)
    port                                     0x10000088   Data           2  at_udp.o(.data)
    .data                                    0x1000008c   Section       12  at_http.o(.data)
    session                                  0x1000008c   Data           1  at_http.o(.data)
    cgi                                      0x10000090   Data           8  at_http.o(.data)
    .data                                    0x10000098   Section        1  at_nbns.o(.data)
    nbns_Socket                              0x10000098   Data           1  at_nbns.o(.data)
    .data                                    0x1000009c   Section        8  at_arp.o(.data)
    entry                                    0x1000009c   Data           1  at_arp.o(.data)
    probe_ip                                 0x100000a0   Data           4  at_arp.o(.data)
    .bss                                     0x100000a4   Section       26  main.o(.bss)
    .bss                                     0x100000c0   Section    12972  net_config.o(.bss)
    mem_pool                                 0x100000c0   Data       12000  net_config.o(.bss)
    arp_table                                0x10002fa0   Data         140  net_config.o(.bss)
    udp_scb                                  0x1000302c   Data          24  net_config.o(.bss)
    tcp_scb                                  0x10003044   Data         476  net_config.o(.bss)
    http_scb                                 0x10003220   Data         312  net_config.o(.bss)
    http_passw                               0x10003358   Data          20  net_config.o(.bss)
    .bss                                     0x1000336c   Section       16  at_icmp.o(.bss)
    icmp_control                             0x1000336c   Data          16  at_icmp.o(.bss)
    .bss                                     0x1000337c   Section       32  at_dhcp.o(.bss)
    dhcp_control                             0x1000337c   Data          32  at_dhcp.o(.bss)
    .bss                                     0x1000339c   Section      132  at_ethernet.o(.bss)
    eth_control                              0x1000339c   Data         132  at_ethernet.o(.bss)
    .bss                                     0x10003420   Section       16  at_mem.o(.bss)
    mem_control                              0x10003420   Data          16  at_mem.o(.bss)
    .bss                                     0x10003430   Section       76  at_system.o(.bss)
    .bss                                     0x1000347c   Section       96  libspace.o(.bss)
    HEAP                                     0x100034e0   Section      512  startup_lpc17xx.o(HEAP)
    Heap_Mem                                 0x100034e0   Data         512  startup_lpc17xx.o(HEAP)
    STACK                                    0x100036e0   Section     2048  startup_lpc17xx.o(STACK)
    Stack_Mem                                0x100036e0   Data        2048  startup_lpc17xx.o(STACK)
    __initial_sp                             0x10003ee0   Data           0  startup_lpc17xx.o(STACK)
    .data                                    0x2007c000   Section        5  emac_lpc17xx.o(.data)
    dev_175x                                 0x2007c004   Data           1  emac_lpc17xx.o(.data)
    .bss                                     0x2007c008   Section    10852  emac_lpc17xx.o(.bss)
    Rx_Desc                                  0x2007c008   Data          32  emac_lpc17xx.o(.bss)
    Rx_Stat                                  0x2007c028   Data          32  emac_lpc17xx.o(.bss)
    Tx_Desc                                  0x2007c048   Data          24  emac_lpc17xx.o(.bss)
    Tx_Stat                                  0x2007c060   Data          12  emac_lpc17xx.o(.bss)
    rx_buf                                   0x2007c06c   Data        6144  emac_lpc17xx.o(.bss)
    tx_buf                                   0x2007d86c   Data        4608  emac_lpc17xx.o(.bss)

    Global Symbols

    Symbol Name                              Value     Ov Type        Size  Object(Section)

    BuildAttributes$$THM_ISAv4$P$D$K$B$S$PE$A:L22UL41UL21$X:L11$S22US41US21$IEEE1$IW$~IW$USESV6$~STKCKD$USESV7$~SHL$OSPACE$ROPI$EBA8$UX$STANDARDLIB$REQ8$PRES8$EABIv2 0x00000000   Number         0  anon$$obj.o ABSOLUTE
    __ARM_use_no_argv                        0x00000000   Number         0  main.o ABSOLUTE
    __Vectors                                0x00000000   Data           4  startup_lpc17xx.o(RESET)
    _printf_flags                            0x00000000   Number         0  printf_stubs.o ABSOLUTE
    _printf_return_value                     0x00000000   Number         0  printf_stubs.o ABSOLUTE
    _printf_sizespec                         0x00000000   Number         0  printf_stubs.o ABSOLUTE
    _printf_widthprec                        0x00000000   Number         0  printf_stubs.o ABSOLUTE
    __ARM_exceptions_init                     - Undefined Weak Reference
    __alloca_initialize                       - Undefined Weak Reference
    __arm_preinit_                            - Undefined Weak Reference
    __cpp_initialize__aeabi_                  - Undefined Weak Reference
    __cxa_finalize                            - Undefined Weak Reference
    __sigvec_lookup                           - Undefined Weak Reference
    _atexit_init                              - Undefined Weak Reference
    _call_atexit_fns                          - Undefined Weak Reference
    _clock_init                               - Undefined Weak Reference
    _fp_trap_init                             - Undefined Weak Reference
    _fp_trap_shutdown                         - Undefined Weak Reference
    _get_lc_collate                           - Undefined Weak Reference
    _get_lc_monetary                          - Undefined Weak Reference
    _get_lc_numeric                           - Undefined Weak Reference
    _get_lc_time                              - Undefined Weak Reference
    _getenv_init                              - Undefined Weak Reference
    _handle_redirection                       - Undefined Weak Reference
    _init_alloc                               - Undefined Weak Reference
    _init_user_alloc                          - Undefined Weak Reference
    _initio                                   - Undefined Weak Reference
    _printf_mbtowc                            - Undefined Weak Reference
    _printf_truncate_signed                   - Undefined Weak Reference
    _printf_truncate_unsigned                 - Undefined Weak Reference
    _rand_init                                - Undefined Weak Reference
    _scanf_longlong                           - Undefined Weak Reference
    _scanf_mbtowc                             - Undefined Weak Reference
    _scanf_real                               - Undefined Weak Reference
    _scanf_string                             - Undefined Weak Reference
    _scanf_wctomb                             - Undefined Weak Reference
    _scanf_wstring                            - Undefined Weak Reference
    _signal_finish                            - Undefined Weak Reference
    _signal_init                              - Undefined Weak Reference
    _terminate_alloc                          - Undefined Weak Reference
    _terminate_user_alloc                     - Undefined Weak Reference
    _terminateio                              - Undefined Weak Reference
    poll_ethernet                             - Undefined Weak Reference
    __main                                   0x000000cd   Thumb Code     8  __main.o(!!!main)
    __scatterload                            0x000000d5   Thumb Code     0  __scatter.o(!!!scatter)
    __scatterload_rt2                        0x000000d5   Thumb Code    44  __scatter.o(!!!scatter)
    __scatterload_rt2_thumb_only             0x000000d5   Thumb Code     0  __scatter.o(!!!scatter)
    __scatterload_null                       0x000000e3   Thumb Code     0  __scatter.o(!!!scatter)
    __scatterload_copy                       0x00000109   Thumb Code    26  __scatter_copy.o(!!handler_copy)
    __scatterload_zeroinit                   0x00000125   Thumb Code    28  __scatter_zi.o(!!handler_zi)
    _printf_n                                0x00000141   Thumb Code     0  _printf_n.o(.ARM.Collect$$_printf_percent$$00000001)
    _printf_percent                          0x00000141   Thumb Code     0  _printf_percent.o(.ARM.Collect$$_printf_percent$$00000000)
    _printf_p                                0x00000147   Thumb Code     0  _printf_p.o(.ARM.Collect$$_printf_percent$$00000002)
    _printf_d                                0x0000014d   Thumb Code     0  _printf_d.o(.ARM.Collect$$_printf_percent$$00000009)
    _printf_s                                0x00000153   Thumb Code     0  _printf_s.o(.ARM.Collect$$_printf_percent$$00000014)
    _printf_percent_end                      0x00000159   Thumb Code     0  _printf_percent_end.o(.ARM.Collect$$_printf_percent$$00000017)
    __rt_lib_init                            0x0000015d   Thumb Code     0  libinit.o(.ARM.Collect$$libinit$$00000000)
    __rt_lib_init_fp_1                       0x0000015f   Thumb Code     0  libinit2.o(.ARM.Collect$$libinit$$00000002)
    __rt_lib_init_heap_1                     0x0000015f   Thumb Code     0  libinit2.o(.ARM.Collect$$libinit$$0000000A)
    __rt_lib_init_lc_common                  0x0000015f   Thumb Code     0  libinit2.o(.ARM.Collect$$libinit$$0000000F)
    __rt_lib_init_preinit_1                  0x0000015f   Thumb Code     0  libinit2.o(.ARM.Collect$$libinit$$00000004)
    __rt_lib_init_rand_1                     0x0000015f   Thumb Code     0  libinit2.o(.ARM.Collect$$libinit$$0000000E)
    __rt_lib_init_user_alloc_1               0x0000015f   Thumb Code     0  libinit2.o(.ARM.Collect$$libinit$$0000000C)
    __rt_lib_init_lc_collate_1               0x00000165   Thumb Code     0  libinit2.o(.ARM.Collect$$libinit$$00000011)
    __rt_lib_init_lc_ctype_2                 0x00000165   Thumb Code     0  libinit2.o(.ARM.Collect$$libinit$$00000012)
    __rt_lib_init_alloca_1                   0x00000171   Thumb Code     0  libinit2.o(.ARM.Collect$$libinit$$0000002E)
    __rt_lib_init_argv_1                     0x00000171   Thumb Code     0  libinit2.o(.ARM.Collect$$libinit$$0000002C)
    __rt_lib_init_atexit_1                   0x00000171   Thumb Code     0  libinit2.o(.ARM.Collect$$libinit$$0000001B)
    __rt_lib_init_clock_1                    0x00000171   Thumb Code     0  libinit2.o(.ARM.Collect$$libinit$$00000021)
    __rt_lib_init_cpp_1                      0x00000171   Thumb Code     0  libinit2.o(.ARM.Collect$$libinit$$00000032)
    __rt_lib_init_exceptions_1               0x00000171   Thumb Code     0  libinit2.o(.ARM.Collect$$libinit$$00000030)
    __rt_lib_init_fp_trap_1                  0x00000171   Thumb Code     0  libinit2.o(.ARM.Collect$$libinit$$0000001F)
    __rt_lib_init_getenv_1                   0x00000171   Thumb Code     0  libinit2.o(.ARM.Collect$$libinit$$00000023)
    __rt_lib_init_lc_ctype_1                 0x00000171   Thumb Code     0  libinit2.o(.ARM.Collect$$libinit$$00000013)
    __rt_lib_init_lc_monetary_1              0x00000171   Thumb Code     0  libinit2.o(.ARM.Collect$$libinit$$00000015)
    __rt_lib_init_lc_numeric_1               0x00000171   Thumb Code     0  libinit2.o(.ARM.Collect$$libinit$$00000017)
    __rt_lib_init_lc_time_1                  0x00000171   Thumb Code     0  libinit2.o(.ARM.Collect$$libinit$$00000019)
    __rt_lib_init_return                     0x00000171   Thumb Code     0  libinit2.o(.ARM.Collect$$libinit$$00000033)
    __rt_lib_init_signal_1                   0x00000171   Thumb Code     0  libinit2.o(.ARM.Collect$$libinit$$0000001D)
    __rt_lib_init_stdio_1                    0x00000171   Thumb Code     0  libinit2.o(.ARM.Collect$$libinit$$00000025)
    __rt_lib_shutdown                        0x00000173   Thumb Code     0  libshutdown.o(.ARM.Collect$$libshutdown$$00000000)
    __rt_lib_shutdown_cpp_1                  0x00000175   Thumb Code     0  libshutdown2.o(.ARM.Collect$$libshutdown$$00000002)
    __rt_lib_shutdown_fp_trap_1              0x00000175   Thumb Code     0  libshutdown2.o(.ARM.Collect$$libshutdown$$00000007)
    __rt_lib_shutdown_heap_1                 0x00000175   Thumb Code     0  libshutdown2.o(.ARM.Collect$$libshutdown$$0000000F)
    __rt_lib_shutdown_return                 0x00000175   Thumb Code     0  libshutdown2.o(.ARM.Collect$$libshutdown$$00000010)
    __rt_lib_shutdown_signal_1               0x00000175   Thumb Code     0  libshutdown2.o(.ARM.Collect$$libshutdown$$0000000A)
    __rt_lib_shutdown_stdio_1                0x00000175   Thumb Code     0  libshutdown2.o(.ARM.Collect$$libshutdown$$00000004)
    __rt_lib_shutdown_user_alloc_1           0x00000175   Thumb Code     0  libshutdown2.o(.ARM.Collect$$libshutdown$$0000000C)
    __rt_entry                               0x00000177   Thumb Code     0  __rtentry.o(.ARM.Collect$$rtentry$$00000000)
    __rt_entry_presh_1                       0x00000177   Thumb Code     0  __rtentry2.o(.ARM.Collect$$rtentry$$00000002)
    __rt_entry_sh                            0x00000177   Thumb Code     0  __rtentry4.o(.ARM.Collect$$rtentry$$00000004)
    __rt_entry_li                            0x0000017d   Thumb Code     0  __rtentry2.o(.ARM.Collect$$rtentry$$0000000A)
    __rt_entry_postsh_1                      0x0000017d   Thumb Code     0  __rtentry2.o(.ARM.Collect$$rtentry$$00000009)
    __rt_entry_main                          0x00000181   Thumb Code     0  __rtentry2.o(.ARM.Collect$$rtentry$$0000000D)
    __rt_entry_postli_1                      0x00000181   Thumb Code     0  __rtentry2.o(.ARM.Collect$$rtentry$$0000000C)
    __rt_exit                                0x00000189   Thumb Code     0  rtexit.o(.ARM.Collect$$rtexit$$00000000)
    __rt_exit_ls                             0x0000018b   Thumb Code     0  rtexit2.o(.ARM.Collect$$rtexit$$00000003)
    __rt_exit_prels_1                        0x0000018b   Thumb Code     0  rtexit2.o(.ARM.Collect$$rtexit$$00000002)
    __rt_exit_exit                           0x0000018f   Thumb Code     0  rtexit2.o(.ARM.Collect$$rtexit$$00000004)
    Reset_Handler                            0x00000195   Thumb Code     8  startup_lpc17xx.o(.text)
    NMI_Handler                              0x0000019d   Thumb Code     2  startup_lpc17xx.o(.text)
    HardFault_Handler                        0x0000019f   Thumb Code     2  startup_lpc17xx.o(.text)
    MemManage_Handler                        0x000001a1   Thumb Code     2  startup_lpc17xx.o(.text)
    BusFault_Handler                         0x000001a3   Thumb Code     2  startup_lpc17xx.o(.text)
    UsageFault_Handler                       0x000001a5   Thumb Code     2  startup_lpc17xx.o(.text)
    SVC_Handler                              0x000001a7   Thumb Code     2  startup_lpc17xx.o(.text)
    DebugMon_Handler                         0x000001a9   Thumb Code     2  startup_lpc17xx.o(.text)
    PendSV_Handler                           0x000001ab   Thumb Code     2  startup_lpc17xx.o(.text)
    SysTick_Handler                          0x000001ad   Thumb Code     2  startup_lpc17xx.o(.text)
    ADC_IRQHandler                           0x000001af   Thumb Code     0  startup_lpc17xx.o(.text)
    BOD_IRQHandler                           0x000001af   Thumb Code     0  startup_lpc17xx.o(.text)
    CANActivity_IRQHandler                   0x000001af   Thumb Code     0  startup_lpc17xx.o(.text)
    CAN_IRQHandler                           0x000001af   Thumb Code     0  startup_lpc17xx.o(.text)
    DMA_IRQHandler                           0x000001af   Thumb Code     0  startup_lpc17xx.o(.text)
    EINT0_IRQHandler                         0x000001af   Thumb Code     0  startup_lpc17xx.o(.text)
    EINT1_IRQHandler                         0x000001af   Thumb Code     0  startup_lpc17xx.o(.text)
    EINT2_IRQHandler                         0x000001af   Thumb Code     0  startup_lpc17xx.o(.text)
    I2C1_IRQHandler                          0x000001af   Thumb Code     0  startup_lpc17xx.o(.text)
    I2C2_IRQHandler                          0x000001af   Thumb Code     0  startup_lpc17xx.o(.text)
    I2S_IRQHandler                           0x000001af   Thumb Code     0  startup_lpc17xx.o(.text)
    MCPWM_IRQHandler                         0x000001af   Thumb Code     0  startup_lpc17xx.o(.text)
    PLL0_IRQHandler                          0x000001af   Thumb Code     0  startup_lpc17xx.o(.text)
    PLL1_IRQHandler                          0x000001af   Thumb Code     0  startup_lpc17xx.o(.text)
    PWM1_IRQHandler                          0x000001af   Thumb Code     0  startup_lpc17xx.o(.text)
    QEI_IRQHandler                           0x000001af   Thumb Code     0  startup_lpc17xx.o(.text)
    RIT_IRQHandler                           0x000001af   Thumb Code     0  startup_lpc17xx.o(.text)
    RTC_IRQHandler                           0x000001af   Thumb Code     0  startup_lpc17xx.o(.text)
    SPI_IRQHandler                           0x000001af   Thumb Code     0  startup_lpc17xx.o(.text)
    SSP0_IRQHandler                          0x000001af   Thumb Code     0  startup_lpc17xx.o(.text)
    SSP1_IRQHandler                          0x000001af   Thumb Code     0  startup_lpc17xx.o(.text)
    TIMER2_IRQHandler                        0x000001af   Thumb Code     0  startup_lpc17xx.o(.text)
    TIMER3_IRQHandler                        0x000001af   Thumb Code     0  startup_lpc17xx.o(.text)
    UART1_IRQHandler                         0x000001af   Thumb Code     0  startup_lpc17xx.o(.text)
    UART2_IRQHandler                         0x000001af   Thumb Code     0  startup_lpc17xx.o(.text)
    UART3_IRQHandler                         0x000001af   Thumb Code     0  startup_lpc17xx.o(.text)
    USBActivity_IRQHandler                   0x000001af   Thumb Code     0  startup_lpc17xx.o(.text)
    USB_IRQHandler                           0x000001af   Thumb Code     0  startup_lpc17xx.o(.text)
    WDT_IRQHandler                           0x000001af   Thumb Code     0  startup_lpc17xx.o(.text)
    __user_initial_stackheap                 0x000001b1   Thumb Code     0  startup_lpc17xx.o(.text)
    __2sprintf                               0x000001d5   Thumb Code    38  __2sprintf.o(.text)
    _printf_pre_padding                      0x00000201   Thumb Code    44  _printf_pad.o(.text)
    _printf_post_padding                     0x0000022d   Thumb Code    34  _printf_pad.o(.text)
    _printf_str                              0x0000024f   Thumb Code    82  _printf_str.o(.text)
    _printf_charcount                        0x000002a1   Thumb Code    40  _printf_charcount.o(.text)
    atoi                                     0x000002c9   Thumb Code    26  atoi.o(.text)
    __use_two_region_memory                  0x000002e3   Thumb Code     2  heapauxi.o(.text)
    __rt_heap_escrow$2region                 0x000002e5   Thumb Code     2  heapauxi.o(.text)
    __rt_heap_expand$2region                 0x000002e7   Thumb Code     2  heapauxi.o(.text)
    __aeabi_errno_addr                       0x000002e9   Thumb Code     8  rt_errno_addr_intlibspace.o(.text)
    __errno$intlibspace                      0x000002e9   Thumb Code     0  rt_errno_addr_intlibspace.o(.text)
    __rt_errno_addr$intlibspace              0x000002e9   Thumb Code     0  rt_errno_addr_intlibspace.o(.text)
    _sputc                                   0x000002f1   Thumb Code    10  _sputc.o(.text)
    __I$use$semihosting                      0x000002fb   Thumb Code     0  use_no_semi.o(.text)
    __use_no_semihosting_swi                 0x000002fb   Thumb Code     2  use_no_semi.o(.text)
    _printf_int_dec                          0x00000301   Thumb Code   104  _printf_dec.o(.text)
    _printf_hex_ptr                          0x00000379   Thumb Code    78  _printf_hex_ptr.o(.text)
    _printf_longlong_hex                     0x00000379   Thumb Code     0  _printf_hex_ptr.o(.text)
    __printf                                 0x000003cd   Thumb Code   388  __printf_flags_ss_wp.o(.text)
    __RL_TCP_VER                             0x00000474   Number         0  at_system.o ABSOLUTE
    __0sscanf                                0x00000555   Thumb Code    52  __0sscanf.o(.text)
    _scanf_int                               0x00000591   Thumb Code   332  _scanf_int.o(.text)
    strlen                                   0x000006dd   Thumb Code    62  strlen.o(.text)
    strcmp                                   0x0000071d   Thumb Code   128  strcmpv7m.o(.text)
    _printf_int_common                       0x0000079d   Thumb Code   178  _printf_intcommon.o(.text)
    _printf_char_common                      0x0000085b   Thumb Code    32  _printf_char_common.o(.text)
    _printf_cs_common                        0x00000881   Thumb Code    20  _printf_char.o(.text)
    _printf_char                             0x00000895   Thumb Code    16  _printf_char.o(.text)
    _printf_string                           0x000008a5   Thumb Code     8  _printf_char.o(.text)
    _chval                                   0x000008ad   Thumb Code    28  _chval.o(.text)
    __vfscanf_char                           0x000008d5   Thumb Code    24  scanf_char.o(.text)
    _sgetc                                   0x000008f5   Thumb Code    30  _sgetc.o(.text)
    _sbackspace                              0x00000913   Thumb Code    34  _sgetc.o(.text)
    strtol                                   0x00000935   Thumb Code   112  strtol.o(.text)
    __user_libspace                          0x000009a5   Thumb Code     8  libspace.o(.text)
    __user_perproc_libspace                  0x000009a5   Thumb Code     0  libspace.o(.text)
    __user_perthread_libspace                0x000009a5   Thumb Code     0  libspace.o(.text)
    __rt_ctype_table                         0x000009ad   Thumb Code    16  rt_ctype_table.o(.text)
    isspace                                  0x000009bd   Thumb Code    18  isspace.o(.text)
    __vfscanf                                0x000009d1   Thumb Code   878  _scanf.o(.text)
    _strtoul                                 0x00000d45   Thumb Code   158  _strtoul.o(.text)
    __user_setup_stackheap                   0x00000de3   Thumb Code    74  sys_stackheap_outer.o(.text)
    __rt_locale                              0x00000e2d   Thumb Code     8  rt_locale_intlibspace.o(.text)
    exit                                     0x00000e35   Thumb Code    18  exit.o(.text)
    _sys_exit                                0x00000e49   Thumb Code     8  sys_exit.o(.text)
    Delay                                    0x00000e55   Thumb Code    30  main.o(i.Delay)
    __semihosting_library_function           0x00000e55   Thumb Code     0  indicate_semi.o(.text)
    EINT3_IRQHandler                         0x00000e75   Thumb Code   450  main.o(i.EINT3_IRQHandler)
    ENET_IRQHandler                          0x0000107d   Thumb Code   164  emac_lpc17xx.o(i.ENET_IRQHandler)
    I2C0_IRQHandler                          0x00001135   Thumb Code   516  i2c.o(i.I2C0_IRQHandler)
    I2CInit                                  0x00001359   Thumb Code    86  i2c.o(i.I2CInit)
    I2C_WriteNByte                           0x000013bd   Thumb Code   164  i2c.o(i.I2C_WriteNByte)
    SystemInit                               0x00001499   Thumb Code   302  system_lpc17xx.o(i.SystemInit)
    TIMER0_IRQHandler                        0x000015d9   Thumb Code    30  main.o(i.TIMER0_IRQHandler)
    TIMER1_IRQHandler                        0x00001609   Thumb Code    18  timer.o(i.TIMER1_IRQHandler)
    UART0_IRQHandler                         0x00001625   Thumb Code    18  main.o(i.UART0_IRQHandler)
    _is_digit                                0x00001641   Thumb Code    14  __printf_wp.o(i._is_digit)
    alloc_mem                                0x00001685   Thumb Code   174  at_mem.o(i.alloc_mem)
    answer_the_call                          0x0000173d   Thumb Code    22  main.o(i.answer_the_call)
    arp_cache_add                            0x0000175d   Thumb Code   174  at_arp.o(i.arp_cache_add)
    arp_cache_early                          0x0000189d   Thumb Code   142  at_arp.o(i.arp_cache_early)
    arp_cache_find                           0x00001935   Thumb Code   168  at_arp.o(i.arp_cache_find)
    arp_cache_update                         0x000019e9   Thumb Code   228  at_arp.o(i.arp_cache_update)
    arp_init                                 0x00001add   Thumb Code    34  at_arp.o(i.arp_init)
    arp_notify                               0x00001b3d   Thumb Code    26  at_arp.o(i.arp_notify)
    arp_probe                                0x00001b65   Thumb Code    14  at_arp.o(i.arp_probe)
    arp_process                              0x00001c01   Thumb Code   294  at_arp.o(i.arp_process)
    avail_mem                                0x00001e91   Thumb Code    22  at_mem.o(i.avail_mem)
    b64_to_asc                               0x00001ead   Thumb Code   120  at_lib.o(i.b64_to_asc)
    calc_chksum16be                          0x00001f25   Thumb Code    18  at_lib.o(i.calc_chksum16be)
    cgi_func                                 0x00001f39   Thumb Code    86  http_cgi.o(i.cgi_func)
    cgi_process_data                         0x00001fbd   Thumb Code   244  http_cgi.o(i.cgi_process_data)
    cgi_process_var                          0x000020f1   Thumb Code   356  http_cgi.o(i.cgi_process_var)
    cgx_content_type                         0x00002285   Thumb Code     4  at_http.o(i.cgx_content_type)
    changeRelaysStateOnBoard                 0x00002289   Thumb Code    42  main.o(i.changeRelaysStateOnBoard)
    chksum16_buf                             0x00002489   Thumb Code    40  at_lib.o(i.chksum16_buf)
    chksum16_val                             0x000024b1   Thumb Code    10  at_lib.o(i.chksum16_val)
    command                                  0x00002501   Thumb Code   106  display4bit.o(i.command)
    delay_main                               0x00002571   Thumb Code    30  main.o(i.delay_main)
    dhcp_cbfunc                              0x0000258f   Thumb Code     2  at_dhcp.o(i.dhcp_cbfunc)
    dhcp_disable                             0x00002611   Thumb Code    50  at_dhcp.o(i.dhcp_disable)
    dhcp_init                                0x0000264d   Thumb Code    66  at_dhcp.o(i.dhcp_init)
    dhcp_run_client                          0x00002899   Thumb Code   440  at_dhcp.o(i.dhcp_run_client)
    ds_delay                                 0x00002c6d   Thumb Code    12  display4bit.o(i.ds_delay)
    eth_chk_adr                              0x00002c79   Thumb Code    10  at_ethernet.o(i.eth_chk_adr)
    eth_init_link                            0x00002c89   Thumb Code    40  at_ethernet.o(i.eth_init_link)
    eth_run_link                             0x00002cbd   Thumb Code   194  at_ethernet.o(i.eth_run_link)
    eth_send_frame                           0x00002d91   Thumb Code   150  at_ethernet.o(i.eth_send_frame)
    finish_the_call                          0x00002e39   Thumb Code    22  main.o(i.finish_the_call)
    free_mem                                 0x00002e59   Thumb Code   124  at_mem.o(i.free_mem)
    get_rnd32                                0x00002fc9   Thumb Code    18  at_system.o(i.get_rnd32)
    gpio_interrupt_set                       0x00002fe5   Thumb Code    36  main.o(i.gpio_interrupt_set)
    http_accept_host                         0x00003023   Thumb Code     4  at_http.o(i.http_accept_host)
    http_check_account                       0x00003325   Thumb Code     4  at_http.o(i.http_check_account)
    http_encoding                            0x00003329   Thumb Code     4  at_http.o(i.http_encoding)
    http_fclose                              0x000034b5   Thumb Code     2  at_http_uif.o(i.http_fclose)
    http_fgets                               0x000034b7   Thumb Code     4  at_http_uif.o(i.http_fgets)
    http_file_access                         0x000034bb   Thumb Code     4  at_http.o(i.http_file_access)
    http_finfo                               0x000034bf   Thumb Code     4  at_http_uif.o(i.http_finfo)
    http_fopen                               0x000034c3   Thumb Code     4  at_http_uif.o(i.http_fopen)
    http_fread                               0x000034c7   Thumb Code     4  at_http_uif.o(i.http_fread)
    http_get_var                             0x000034cd   Thumb Code   104  at_http.o(i.http_get_var)
    http_init                                0x00003539   Thumb Code    72  at_http.o(i.http_init)
    http_run_server                          0x00003cf5   Thumb Code   816  at_http.o(i.http_run_server)
    icmp_init                                0x000040f9   Thumb Code    10  at_icmp.o(i.icmp_init)
    icmp_process                             0x00004109   Thumb Code   198  at_icmp.o(i.icmp_process)
    icmp_run_engine                          0x000041d5   Thumb Code    58  at_icmp.o(i.icmp_run_engine)
    ifree_mem                                0x0000428d   Thumb Code    48  at_mem.o(i.ifree_mem)
    igmp_is_member                           0x000042c5   Thumb Code     4  net_config.o(i.igmp_is_member)
    igmp_process                             0x000042c9   Thumb Code     2  net_config.o(i.igmp_process)
    initDefaultRelayCodesToEEPROM            0x00004319   Thumb Code    42  main.o(i.initDefaultRelayCodesToEEPROM)
    init_TcpNet                              0x00004349   Thumb Code    38  at_system.o(i.init_TcpNet)
    init_ethernet                            0x00004379   Thumb Code   522  emac_lpc17xx.o(i.init_ethernet)
    init_mem                                 0x000045b1   Thumb Code    86  at_mem.o(i.init_mem)
    init_system                              0x00004611   Thumb Code    38  net_config.o(i.init_system)
    int_disable_eth                          0x00004671   Thumb Code    18  emac_lpc17xx.o(i.int_disable_eth)
    int_enable_eth                           0x00004689   Thumb Code    22  emac_lpc17xx.o(i.int_enable_eth)
    invertRelay                              0x000046a1   Thumb Code    70  main.o(i.invertRelay)
    ip_chk_frame                             0x00004705   Thumb Code   190  at_ip.o(i.ip_chk_frame)
    ip_get_locadr                            0x000047d9   Thumb Code   166  at_ip.o(i.ip_get_locadr)
    ip_init                                  0x00004891   Thumb Code     8  at_ip.o(i.ip_init)
    ip_run_local                             0x0000489d   Thumb Code    82  at_ip.o(i.ip_run_local)
    ip_send_frame                            0x000048f9   Thumb Code   328  at_ip.o(i.ip_send_frame)
    is_subnet                                0x00004a49   Thumb Code    20  at_lib.o(i.is_subnet)
    lcd_init_4bit                            0x00004a5d   Thumb Code   306  display4bit.o(i.lcd_init_4bit)
    lcd_putchar                              0x00004b95   Thumb Code   106  display4bit.o(i.lcd_putchar)
    lcd_putsf                                0x00004c05   Thumb Code    24  display4bit.o(i.lcd_putsf)
    main                                     0x00004c1d   Thumb Code    50  main.o(i.main)
    main_TcpNet                              0x00004c55   Thumb Code    86  at_system.o(i.main_TcpNet)
    mem_comp                                 0x00004cb9   Thumb Code    24  at_lib.o(i.mem_comp)
    mem_copy                                 0x00004cd1   Thumb Code    22  at_lib.o(i.mem_copy)
    mem_crc32                                0x00004ce7   Thumb Code    32  at_lib.o(i.mem_crc32)
    mem_set                                  0x00004d07   Thumb Code    10  at_lib.o(i.mem_set)
    mem_test                                 0x00004d11   Thumb Code    20  at_lib.o(i.mem_test)
    nbns_init                                0x00004d25   Thumb Code    32  at_nbns.o(i.nbns_init)
    nrd_u32be                                0x00004ead   Thumb Code    22  at_lib.o(i.nrd_u32be)
    nwr_u16be                                0x00004ec3   Thumb Code     8  at_lib.o(i.nwr_u16be)
    nwr_u32be                                0x00004ecb   Thumb Code    16  at_lib.o(i.nwr_u32be)
    ppp_send_frame                           0x00004f29   Thumb Code     4  net_config.o(i.ppp_send_frame)
    put_in_queue                             0x000050d1   Thumb Code    36  at_ethernet.o(i.put_in_queue)
    resize_mem                               0x00005225   Thumb Code    68  at_mem.o(i.resize_mem)
    run_system                               0x0000526d   Thumb Code    30  net_config.o(i.run_system)
    send_frame                               0x00005341   Thumb Code    64  emac_lpc17xx.o(i.send_frame)
    set_realay_code                          0x00005389   Thumb Code    30  main.o(i.set_realay_code)
    showCallerNumberOnDisplay                0x000053a9   Thumb Code    36  main.o(i.showCallerNumberOnDisplay)
    showRelaysStatusOnDisplay                0x000053d1   Thumb Code    68  main.o(i.showRelaysStatusOnDisplay)
    showStatusOnDisplay                      0x00005419   Thumb Code    60  main.o(i.showStatusOnDisplay)
    showToneCodeOnDisplay                    0x00005459   Thumb Code    36  main.o(i.showToneCodeOnDisplay)
    show_massage_to_display                  0x00005481   Thumb Code    24  main.o(i.show_massage_to_display)
    show_number_in_lcd                       0x00005499   Thumb Code    54  main.o(i.show_number_in_lcd)
    slip_send_frame                          0x000054d9   Thumb Code     4  net_config.o(i.slip_send_frame)
    str_copy                                 0x000054dd   Thumb Code    18  at_lib.o(i.str_copy)
    str_crc32                                0x000054ef   Thumb Code    26  at_lib.o(i.str_crc32)
    str_pos                                  0x00005509   Thumb Code    22  at_lib.o(i.str_pos)
    str_scomp                                0x0000551f   Thumb Code    26  at_lib.o(i.str_scomp)
    str_up_case                              0x00005539   Thumb Code    26  at_lib.o(i.str_up_case)
    sys_error                                0x00005553   Thumb Code    36  net_config.o(i.sys_error)
    tcp_abort                                0x00005579   Thumb Code    76  at_tcp.o(i.tcp_abort)
    tcp_close                                0x000055c9   Thumb Code   150  at_tcp.o(i.tcp_close)
    tcp_get_buf                              0x00005665   Thumb Code    32  at_tcp.o(i.tcp_get_buf)
    tcp_get_socket                           0x00005685   Thumb Code    70  at_tcp.o(i.tcp_get_socket)
    tcp_get_state                            0x000056d1   Thumb Code    32  at_tcp.o(i.tcp_get_state)
    tcp_init                                 0x000056f5   Thumb Code    18  at_tcp.o(i.tcp_init)
    tcp_listen                               0x0000570d   Thumb Code   102  at_tcp.o(i.tcp_listen)
    tcp_max_dsize                            0x00005811   Thumb Code    30  at_tcp.o(i.tcp_max_dsize)
    tcp_poll_sockets                         0x00005895   Thumb Code   630  at_tcp.o(i.tcp_poll_sockets)
    tcp_process                              0x00005c35   Thumb Code  1196  at_tcp.o(i.tcp_process)
    tcp_send                                 0x000061b5   Thumb Code   204  at_tcp.o(i.tcp_send)
    timer0Inir                               0x000064fd   Thumb Code    32  main.o(i.timer0Inir)
    timer_tick                               0x00006541   Thumb Code    14  at_system.o(i.timer_tick)
    uartInit                                 0x000065dd   Thumb Code    96  main.o(i.uartInit)
    udp_close                                0x00006651   Thumb Code    38  at_udp.o(i.udp_close)
    udp_get_buf                              0x0000667d   Thumb Code    32  at_udp.o(i.udp_get_buf)
    udp_get_socket                           0x0000669d   Thumb Code    62  at_udp.o(i.udp_get_socket)
    udp_init                                 0x000066e1   Thumb Code    18  at_udp.o(i.udp_init)
    udp_open                                 0x000066f9   Thumb Code    96  at_udp.o(i.udp_open)
    udp_process                              0x0000678d   Thumb Code   178  at_udp.o(i.udp_process)
    udp_release_socket                       0x00006845   Thumb Code    44  at_udp.o(i.udp_release_socket)
    udp_send                                 0x00006875   Thumb Code   280  at_udp.o(i.udp_send)
    updateDisplay                            0x00006991   Thumb Code    26  main.o(i.updateDisplay)
    _get_lc_ctype                            0x00006b19   Thumb Code    44  lc_ctype_c.o(locale$$code)
    FileMD                                   0x00006b44   Data           4  web.o(.constdata)
    FileTab                                  0x00055898   Data          88  web.o(.constdata)
    nlocalm                                  0x000558f0   Data          60  net_config.o(.constdata)
    sys_config                               0x0005592c   Data          16  net_config.o(.constdata)
    arp_config                               0x0005593c   Data          12  net_config.o(.constdata)
    dhcp_config                              0x00055948   Data           8  net_config.o(.constdata)
    udp_config                               0x00055950   Data           8  net_config.o(.constdata)
    tcp_config                               0x00055958   Data          24  net_config.o(.constdata)
    http_config                              0x00055970   Data          24  net_config.o(.constdata)
    IP_Broadcast                             0x00055988   Data           4  at_ip.o(.constdata)
    MAC_Broadcast                            0x00055a8c   Data           6  at_ethernet.o(.constdata)
    http_err_401                             0x00055a98   Data          86  http_err.o(.constdata)
    http_err_403                             0x00055aee   Data          81  http_err.o(.constdata)
    http_err_404                             0x00055b3f   Data          78  http_err.o(.constdata)
    http_err_501                             0x00055b8d   Data          75  http_err.o(.constdata)
    http_err_head                            0x00055bd8   Data          47  http_err.o(.constdata)
    http_err_foot                            0x00055c07   Data         136  http_err.o(.constdata)
    Region$$Table$$Base                      0x00055ce8   Number         0  anon$$obj.o(Region$$Table)
    Region$$Table$$Limit                     0x00055d28   Number         0  anon$$obj.o(Region$$Table)
    __ctype                                  0x00055d35   Data           0  lc_ctype_c.o(locale$$data)
    realyCodes                               0x10000000   Data          20  main.o(.data)
    bs                                       0x10000014   Data           1  main.o(.data)
    callerNumber                             0x10000015   Data          11  main.o(.data)
    code                                     0x10000020   Data           5  main.o(.data)
    codeIndex                                0x10000025   Data           1  main.o(.data)
    getTone                                  0x10000028   Data           4  main.o(.data)
    ring_count                               0x1000002c   Data           1  main.o(.data)
    NUMBER_OF_WAITING_RINGS                  0x1000002d   Data           1  main.o(.data)
    dtmfData                                 0x1000002e   Data           1  main.o(.data)
    show_update                              0x10000030   Data           4  main.o(.data)
    tick                                     0x10000034   Data           4  main.o(.data)
    dhcp_tout                                0x10000038   Data           4  main.o(.data)
    SystemCoreClock                          0x1000003c   Data           4  system_lpc17xx.o(.data)
    I2C_sla                                  0x10000044   Data           1  i2c.o(.data)
    I2C_suba                                 0x10000048   Data           4  i2c.o(.data)
    I2C_suba_num                             0x1000004c   Data           1  i2c.o(.data)
    I2C_buf                                  0x10000050   Data           4  i2c.o(.data)
    I2C_num                                  0x10000054   Data           4  i2c.o(.data)
    I2C_end                                  0x10000058   Data           1  i2c.o(.data)
    I2C_suba_en                              0x10000059   Data           1  i2c.o(.data)
    lhost_name                               0x1000005a   Data          16  net_config.o(.data)
    own_hw_adr                               0x1000006a   Data           6  net_config.o(.data)
    timer0_counter                           0x10000070   Data           4  timer.o(.data)
    timer1_counter                           0x10000074   Data           4  timer.o(.data)
    relays                                   0x100000a4   Data          16  main.o(.bss)
    dtmfDataString                           0x100000b4   Data          10  main.o(.bss)
    localm                                   0x10003430   Data          60  at_system.o(.bss)
    sys_control                              0x1000346c   Data          16  at_system.o(.bss)
    __libspace_start                         0x1000347c   Data          96  libspace.o(.bss)
    __temporary_stack_top$libspace           0x100034dc   Data           0  libspace.o(.bss)
    iap_entry                                0x2007c000   Data           4  emac_lpc17xx.o(.data)



==============================================================================

Memory Map of the image

  Image Entry point : 0x000000cd

  Load Region LR_IROM1 (Base: 0x00000000, Size: 0x00055ee4, Max: 0x00080000, ABSOLUTE)

    Execution Region ER_IROM1 (Base: 0x00000000, Size: 0x00055e38, Max: 0x00080000, ABSOLUTE)

    Base Addr    Size         Type   Attr      Idx    E Section Name        Object

    0x00000000   0x000000cc   Data   RO          279    RESET               startup_lpc17xx.o
    0x000000cc   0x00000008   Code   RO         1182  * !!!main             c_w.l(__main.o)
    0x000000d4   0x00000034   Code   RO         1388    !!!scatter          c_w.l(__scatter.o)
    0x00000108   0x0000001a   Code   RO         1390    !!handler_copy      c_w.l(__scatter_copy.o)
    0x00000122   0x00000002   PAD
    0x00000124   0x0000001c   Code   RO         1392    !!handler_zi        c_w.l(__scatter_zi.o)
    0x00000140   0x00000000   Code   RO         1169    .ARM.Collect$$_printf_percent$$00000000  c_w.l(_printf_percent.o)
    0x00000140   0x00000006   Code   RO         1166    .ARM.Collect$$_printf_percent$$00000001  c_w.l(_printf_n.o)
    0x00000146   0x00000006   Code   RO         1167    .ARM.Collect$$_printf_percent$$00000002  c_w.l(_printf_p.o)
    0x0000014c   0x00000006   Code   RO         1168    .ARM.Collect$$_printf_percent$$00000009  c_w.l(_printf_d.o)
    0x00000152   0x00000006   Code   RO         1165    .ARM.Collect$$_printf_percent$$00000014  c_w.l(_printf_s.o)
    0x00000158   0x00000004   Code   RO         1202    .ARM.Collect$$_printf_percent$$00000017  c_w.l(_printf_percent_end.o)
    0x0000015c   0x00000002   Code   RO         1262    .ARM.Collect$$libinit$$00000000  c_w.l(libinit.o)
    0x0000015e   0x00000000   Code   RO         1272    .ARM.Collect$$libinit$$00000002  c_w.l(libinit2.o)
    0x0000015e   0x00000000   Code   RO         1274    .ARM.Collect$$libinit$$00000004  c_w.l(libinit2.o)
    0x0000015e   0x00000000   Code   RO         1277    .ARM.Collect$$libinit$$0000000A  c_w.l(libinit2.o)
    0x0000015e   0x00000000   Code   RO         1279    .ARM.Collect$$libinit$$0000000C  c_w.l(libinit2.o)
    0x0000015e   0x00000000   Code   RO         1281    .ARM.Collect$$libinit$$0000000E  c_w.l(libinit2.o)
    0x0000015e   0x00000006   Code   RO         1282    .ARM.Collect$$libinit$$0000000F  c_w.l(libinit2.o)
    0x00000164   0x00000000   Code   RO         1284    .ARM.Collect$$libinit$$00000011  c_w.l(libinit2.o)
    0x00000164   0x0000000c   Code   RO         1285    .ARM.Collect$$libinit$$00000012  c_w.l(libinit2.o)
    0x00000170   0x00000000   Code   RO         1286    .ARM.Collect$$libinit$$00000013  c_w.l(libinit2.o)
    0x00000170   0x00000000   Code   RO         1288    .ARM.Collect$$libinit$$00000015  c_w.l(libinit2.o)
    0x00000170   0x00000000   Code   RO         1290    .ARM.Collect$$libinit$$00000017  c_w.l(libinit2.o)
    0x00000170   0x00000000   Code   RO         1292    .ARM.Collect$$libinit$$00000019  c_w.l(libinit2.o)
    0x00000170   0x00000000   Code   RO         1294    .ARM.Collect$$libinit$$0000001B  c_w.l(libinit2.o)
    0x00000170   0x00000000   Code   RO         1296    .ARM.Collect$$libinit$$0000001D  c_w.l(libinit2.o)
    0x00000170   0x00000000   Code   RO         1298    .ARM.Collect$$libinit$$0000001F  c_w.l(libinit2.o)
    0x00000170   0x00000000   Code   RO         1300    .ARM.Collect$$libinit$$00000021  c_w.l(libinit2.o)
    0x00000170   0x00000000   Code   RO         1302    .ARM.Collect$$libinit$$00000023  c_w.l(libinit2.o)
    0x00000170   0x00000000   Code   RO         1304    .ARM.Collect$$libinit$$00000025  c_w.l(libinit2.o)
    0x00000170   0x00000000   Code   RO         1308    .ARM.Collect$$libinit$$0000002C  c_w.l(libinit2.o)
    0x00000170   0x00000000   Code   RO         1310    .ARM.Collect$$libinit$$0000002E  c_w.l(libinit2.o)
    0x00000170   0x00000000   Code   RO         1312    .ARM.Collect$$libinit$$00000030  c_w.l(libinit2.o)
    0x00000170   0x00000000   Code   RO         1314    .ARM.Collect$$libinit$$00000032  c_w.l(libinit2.o)
    0x00000170   0x00000002   Code   RO         1315    .ARM.Collect$$libinit$$00000033  c_w.l(libinit2.o)
    0x00000172   0x00000002   Code   RO         1346    .ARM.Collect$$libshutdown$$00000000  c_w.l(libshutdown.o)
    0x00000174   0x00000000   Code   RO         1372    .ARM.Collect$$libshutdown$$00000002  c_w.l(libshutdown2.o)
    0x00000174   0x00000000   Code   RO         1374    .ARM.Collect$$libshutdown$$00000004  c_w.l(libshutdown2.o)
    0x00000174   0x00000000   Code   RO         1377    .ARM.Collect$$libshutdown$$00000007  c_w.l(libshutdown2.o)
    0x00000174   0x00000000   Code   RO         1380    .ARM.Collect$$libshutdown$$0000000A  c_w.l(libshutdown2.o)
    0x00000174   0x00000000   Code   RO         1382    .ARM.Collect$$libshutdown$$0000000C  c_w.l(libshutdown2.o)
    0x00000174   0x00000000   Code   RO         1385    .ARM.Collect$$libshutdown$$0000000F  c_w.l(libshutdown2.o)
    0x00000174   0x00000002   Code   RO         1386    .ARM.Collect$$libshutdown$$00000010  c_w.l(libshutdown2.o)
    0x00000176   0x00000000   Code   RO         1184    .ARM.Collect$$rtentry$$00000000  c_w.l(__rtentry.o)
    0x00000176   0x00000000   Code   RO         1215    .ARM.Collect$$rtentry$$00000002  c_w.l(__rtentry2.o)
    0x00000176   0x00000006   Code   RO         1227    .ARM.Collect$$rtentry$$00000004  c_w.l(__rtentry4.o)
    0x0000017c   0x00000000   Code   RO         1217    .ARM.Collect$$rtentry$$00000009  c_w.l(__rtentry2.o)
    0x0000017c   0x00000004   Code   RO         1218    .ARM.Collect$$rtentry$$0000000A  c_w.l(__rtentry2.o)
    0x00000180   0x00000000   Code   RO         1220    .ARM.Collect$$rtentry$$0000000C  c_w.l(__rtentry2.o)
    0x00000180   0x00000008   Code   RO         1221    .ARM.Collect$$rtentry$$0000000D  c_w.l(__rtentry2.o)
    0x00000188   0x00000002   Code   RO         1263    .ARM.Collect$$rtexit$$00000000  c_w.l(rtexit.o)
    0x0000018a   0x00000000   Code   RO         1319    .ARM.Collect$$rtexit$$00000002  c_w.l(rtexit2.o)
    0x0000018a   0x00000004   Code   RO         1320    .ARM.Collect$$rtexit$$00000003  c_w.l(rtexit2.o)
    0x0000018e   0x00000006   Code   RO         1321    .ARM.Collect$$rtexit$$00000004  c_w.l(rtexit2.o)
    0x00000194   0x00000040   Code   RO          281    .text               startup_lpc17xx.o
    0x000001d4   0x0000002c   Code   RO         1110    .text               c_w.l(__2sprintf.o)
    0x00000200   0x0000004e   Code   RO         1116    .text               c_w.l(_printf_pad.o)
    0x0000024e   0x00000052   Code   RO         1118    .text               c_w.l(_printf_str.o)
    0x000002a0   0x00000028   Code   RO         1122    .text               c_w.l(_printf_charcount.o)
    0x000002c8   0x0000001a   Code   RO         1174    .text               c_w.l(atoi.o)
    0x000002e2   0x00000006   Code   RO         1180    .text               c_w.l(heapauxi.o)
    0x000002e8   0x00000008   Code   RO         1192    .text               c_w.l(rt_errno_addr_intlibspace.o)
    0x000002f0   0x0000000a   Code   RO         1198    .text               c_w.l(_sputc.o)
    0x000002fa   0x00000002   Code   RO         1335    .text               c_w.l(use_no_semi.o)
    0x000002fc   0x00000004   Code   RO          280    .ARM.__at_0x02FC    startup_lpc17xx.o
    0x00000300   0x00000078   Code   RO         1120    .text               c_w.l(_printf_dec.o)
    0x00000378   0x00000054   Code   RO         1133    .text               c_w.l(_printf_hex_ptr.o)
    0x000003cc   0x00000188   Code   RO         1162    .text               c_w.l(__printf_flags_ss_wp.o)
    0x00000554   0x0000003c   Code   RO         1170    .text               c_w.l(__0sscanf.o)
    0x00000590   0x0000014c   Code   RO         1172    .text               c_w.l(_scanf_int.o)
    0x000006dc   0x0000003e   Code   RO         1176    .text               c_w.l(strlen.o)
    0x0000071a   0x00000002   PAD
    0x0000071c   0x00000080   Code   RO         1178    .text               c_w.l(strcmpv7m.o)
    0x0000079c   0x000000b2   Code   RO         1194    .text               c_w.l(_printf_intcommon.o)
    0x0000084e   0x00000002   PAD
    0x00000850   0x00000030   Code   RO         1196    .text               c_w.l(_printf_char_common.o)
    0x00000880   0x0000002c   Code   RO         1200    .text               c_w.l(_printf_char.o)
    0x000008ac   0x0000001c   Code   RO         1203    .text               c_w.l(_chval.o)
    0x000008c8   0x0000002c   Code   RO         1205    .text               c_w.l(scanf_char.o)
    0x000008f4   0x00000040   Code   RO         1207    .text               c_w.l(_sgetc.o)
    0x00000934   0x00000070   Code   RO         1209    .text               c_w.l(strtol.o)
    0x000009a4   0x00000008   Code   RO         1211    .text               c_w.l(libspace.o)
    0x000009ac   0x00000010   Code   RO         1229    .text               c_w.l(rt_ctype_table.o)
    0x000009bc   0x00000012   Code   RO         1233    .text               c_w.l(isspace.o)
    0x000009ce   0x00000002   PAD
    0x000009d0   0x00000374   Code   RO         1237    .text               c_w.l(_scanf.o)
    0x00000d44   0x0000009e   Code   RO         1239    .text               c_w.l(_strtoul.o)
    0x00000de2   0x0000004a   Code   RO         1241    .text               c_w.l(sys_stackheap_outer.o)
    0x00000e2c   0x00000008   Code   RO         1246    .text               c_w.l(rt_locale_intlibspace.o)
    0x00000e34   0x00000012   Code   RO         1251    .text               c_w.l(exit.o)
    0x00000e46   0x00000002   PAD
    0x00000e48   0x0000000c   Code   RO         1316    .text               c_w.l(sys_exit.o)
    0x00000e54   0x00000000   Code   RO         1337    .text               c_w.l(indicate_semi.o)
    0x00000e54   0x0000001e   Code   RO            3    i.Delay             main.o
    0x00000e72   0x00000002   PAD
    0x00000e74   0x00000208   Code   RO            4    i.EINT3_IRQHandler  main.o
    0x0000107c   0x000000b8   Code   RO          463    i.ENET_IRQHandler   emac_lpc17xx.o
    0x00001134   0x00000224   Code   RO          354    i.I2C0_IRQHandler   i2c.o
    0x00001358   0x00000064   Code   RO          355    i.I2CInit           i2c.o
    0x000013bc   0x000000c4   Code   RO          357    i.I2C_WriteNByte    i2c.o
    0x00001480   0x00000016   Code   RO            6    i.NVIC_EnableIRQ    main.o
    0x00001496   0x00000002   PAD
    0x00001498   0x00000140   Code   RO          241    i.SystemInit        system_lpc17xx.o
    0x000015d8   0x00000030   Code   RO            7    i.TIMER0_IRQHandler  main.o
    0x00001608   0x0000001c   Code   RO          603    i.TIMER1_IRQHandler  timer.o
    0x00001624   0x0000001c   Code   RO            8    i.UART0_IRQHandler  main.o
    0x00001640   0x0000000e   Code   RO         1155    i._is_digit         c_w.l(__printf_wp.o)
    0x0000164e   0x00000002   PAD
    0x00001650   0x00000034   Code   RO          808    i.add_server_id     TCP_CM3.lib(at_http.o)
    0x00001684   0x000000b8   Code   RO         1001    i.alloc_mem         TCP_CM3.lib(at_mem.o)
    0x0000173c   0x00000020   Code   RO            9    i.answer_the_call   main.o
    0x0000175c   0x000000b8   Code   RO         1036    i.arp_cache_add     TCP_CM3.lib(at_arp.o)
    0x00001814   0x00000088   Code   RO         1037    i.arp_cache_alloc   TCP_CM3.lib(at_arp.o)
    0x0000189c   0x00000098   Code   RO         1038    i.arp_cache_early   TCP_CM3.lib(at_arp.o)
    0x00001934   0x000000b4   Code   RO         1039    i.arp_cache_find    TCP_CM3.lib(at_arp.o)
    0x000019e8   0x000000f4   Code   RO         1042    i.arp_cache_update  TCP_CM3.lib(at_arp.o)
    0x00001adc   0x0000002c   Code   RO         1045    i.arp_init          TCP_CM3.lib(at_arp.o)
    0x00001b08   0x00000034   Code   RO         1046    i.arp_is_cacheable  TCP_CM3.lib(at_arp.o)
    0x00001b3c   0x00000028   Code   RO         1047    i.arp_notify        TCP_CM3.lib(at_arp.o)
    0x00001b64   0x00000014   Code   RO         1048    i.arp_probe         TCP_CM3.lib(at_arp.o)
    0x00001b78   0x00000088   Code   RO         1049    i.arp_proc_response  TCP_CM3.lib(at_arp.o)
    0x00001c00   0x00000138   Code   RO         1050    i.arp_process       TCP_CM3.lib(at_arp.o)
    0x00001d38   0x000000a0   Code   RO         1051    i.arp_send_reply    TCP_CM3.lib(at_arp.o)
    0x00001dd8   0x000000b8   Code   RO         1052    i.arp_send_request  TCP_CM3.lib(at_arp.o)
    0x00001e90   0x0000001c   Code   RO         1002    i.avail_mem         TCP_CM3.lib(at_mem.o)
    0x00001eac   0x00000078   Code   RO          946    i.b64_to_asc        TCP_CM3.lib(at_lib.o)
    0x00001f24   0x00000012   Code   RO          948    i.calc_chksum16be   TCP_CM3.lib(at_lib.o)
    0x00001f36   0x00000002   PAD
    0x00001f38   0x00000084   Code   RO          304    i.cgi_func          http_cgi.o
    0x00001fbc   0x00000134   Code   RO          305    i.cgi_process_data  http_cgi.o
    0x000020f0   0x00000194   Code   RO          306    i.cgi_process_var   http_cgi.o
    0x00002284   0x00000004   Code   RO          809    i.cgx_content_type  TCP_CM3.lib(at_http.o)
    0x00002288   0x00000034   Code   RO           10    i.changeRelaysStateOnBoard  main.o
    0x000022bc   0x000001cc   Code   RO          810    i.chk_post_req      TCP_CM3.lib(at_http.o)
    0x00002488   0x00000028   Code   RO          949    i.chksum16_buf      TCP_CM3.lib(at_lib.o)
    0x000024b0   0x0000000a   Code   RO          950    i.chksum16_val      TCP_CM3.lib(at_lib.o)
    0x000024ba   0x0000001e   Code   RO          811    i.cmp_fname_ext     TCP_CM3.lib(at_http.o)
    0x000024d8   0x00000028   Code   RO          812    i.cmp_header        TCP_CM3.lib(at_http.o)
    0x00002500   0x00000070   Code   RO          557    i.command           display4bit.o
    0x00002570   0x0000001e   Code   RO           11    i.delay_main        main.o
    0x0000258e   0x00000002   Code   RO          900    i.dhcp_cbfunc       TCP_CM3.lib(at_dhcp.o)
    0x00002590   0x00000080   Code   RO           13    i.dhcp_check        main.o
    0x00002610   0x0000003c   Code   RO          901    i.dhcp_disable      TCP_CM3.lib(at_dhcp.o)
    0x0000264c   0x00000050   Code   RO          902    i.dhcp_init         TCP_CM3.lib(at_dhcp.o)
    0x0000269c   0x000001fc   Code   RO          903    i.dhcp_listener     TCP_CM3.lib(at_dhcp.o)
    0x00002898   0x000001c4   Code   RO          904    i.dhcp_run_client   TCP_CM3.lib(at_dhcp.o)
    0x00002a5c   0x00000210   Code   RO          905    i.dhcp_send_message  TCP_CM3.lib(at_dhcp.o)
    0x00002c6c   0x0000000c   Code   RO          558    i.ds_delay          display4bit.o
    0x00002c78   0x00000010   Code   RO          925    i.eth_chk_adr       TCP_CM3.lib(at_ethernet.o)
    0x00002c88   0x00000034   Code   RO          927    i.eth_init_link     TCP_CM3.lib(at_ethernet.o)
    0x00002cbc   0x000000d4   Code   RO          928    i.eth_run_link      TCP_CM3.lib(at_ethernet.o)
    0x00002d90   0x000000a8   Code   RO          929    i.eth_send_frame    TCP_CM3.lib(at_ethernet.o)
    0x00002e38   0x00000020   Code   RO           14    i.finish_the_call   main.o
    0x00002e58   0x00000084   Code   RO         1003    i.free_mem          TCP_CM3.lib(at_mem.o)
    0x00002edc   0x00000028   Code   RO          952    i.get_crc32         TCP_CM3.lib(at_lib.o)
    0x00002f04   0x00000068   Code   RO          813    i.get_file_type     TCP_CM3.lib(at_http.o)
    0x00002f6c   0x00000028   Code   RO          814    i.get_next_field    TCP_CM3.lib(at_http.o)
    0x00002f94   0x00000032   Code   RO          815    i.get_next_par      TCP_CM3.lib(at_http.o)
    0x00002fc6   0x00000002   PAD
    0x00002fc8   0x0000001c   Code   RO         1021    i.get_rnd32         TCP_CM3.lib(at_system.o)
    0x00002fe4   0x0000002c   Code   RO           16    i.gpio_interrupt_set  main.o
    0x00003010   0x00000012   Code   RO          816    i.hex2byte          TCP_CM3.lib(at_http.o)
    0x00003022   0x00000004   Code   RO          817    i.http_accept_host  TCP_CM3.lib(at_http.o)
    0x00003026   0x00000002   PAD
    0x00003028   0x000002fc   Code   RO          818    i.http_add_header   TCP_CM3.lib(at_http.o)
    0x00003324   0x00000004   Code   RO          819    i.http_check_account  TCP_CM3.lib(at_http.o)
    0x00003328   0x00000004   Code   RO          821    i.http_encoding     TCP_CM3.lib(at_http.o)
    0x0000332c   0x00000188   Code   RO          822    i.http_error_msg    TCP_CM3.lib(at_http.o)
    0x000034b4   0x00000002   Code   RO         1090    i.http_fclose       TCP_CM3.lib(at_http_uif.o)
    0x000034b6   0x00000004   Code   RO         1091    i.http_fgets        TCP_CM3.lib(at_http_uif.o)
    0x000034ba   0x00000004   Code   RO          823    i.http_file_access  TCP_CM3.lib(at_http.o)
    0x000034be   0x00000004   Code   RO         1092    i.http_finfo        TCP_CM3.lib(at_http_uif.o)
    0x000034c2   0x00000004   Code   RO         1093    i.http_fopen        TCP_CM3.lib(at_http_uif.o)
    0x000034c6   0x00000004   Code   RO         1094    i.http_fread        TCP_CM3.lib(at_http_uif.o)
    0x000034ca   0x00000002   PAD
    0x000034cc   0x0000006c   Code   RO          829    i.http_get_var      TCP_CM3.lib(at_http.o)
    0x00003538   0x00000050   Code   RO          830    i.http_init         TCP_CM3.lib(at_http.o)
    0x00003588   0x0000005e   Code   RO          831    i.http_kill_session  TCP_CM3.lib(at_http.o)
    0x000035e6   0x00000002   PAD
    0x000035e8   0x00000224   Code   RO          832    i.http_listener     TCP_CM3.lib(at_http.o)
    0x0000380c   0x00000120   Code   RO          833    i.http_open_file    TCP_CM3.lib(at_http.o)
    0x0000392c   0x00000154   Code   RO          834    i.http_proc_header  TCP_CM3.lib(at_http.o)
    0x00003a80   0x0000017c   Code   RO          835    i.http_proc_multipart  TCP_CM3.lib(at_http.o)
    0x00003bfc   0x000000f8   Code   RO          836    i.http_proc_post    TCP_CM3.lib(at_http.o)
    0x00003cf4   0x0000033c   Code   RO          837    i.http_run_server   TCP_CM3.lib(at_http.o)
    0x00004030   0x0000001e   Code   RO          838    i.http_strcpy       TCP_CM3.lib(at_http.o)
    0x0000404e   0x00000002   PAD
    0x00004050   0x000000a8   Code   RO          839    i.http_to_utc       TCP_CM3.lib(at_http.o)
    0x000040f8   0x00000010   Code   RO          686    i.icmp_init         TCP_CM3.lib(at_icmp.o)
    0x00004108   0x000000cc   Code   RO          688    i.icmp_process      TCP_CM3.lib(at_icmp.o)
    0x000041d4   0x00000048   Code   RO          689    i.icmp_run_engine   TCP_CM3.lib(at_icmp.o)
    0x0000421c   0x00000070   Code   RO          690    i.icmp_send_message  TCP_CM3.lib(at_icmp.o)
    0x0000428c   0x00000038   Code   RO         1004    i.ifree_mem         TCP_CM3.lib(at_mem.o)
    0x000042c4   0x00000004   Code   RO          398    i.igmp_is_member    net_config.o
    0x000042c8   0x00000002   Code   RO          399    i.igmp_process      net_config.o
    0x000042ca   0x00000002   PAD
    0x000042cc   0x0000004c   Code   RO           17    i.init              main.o
    0x00004318   0x00000030   Code   RO           18    i.initDefaultRelayCodesToEEPROM  main.o
    0x00004348   0x00000030   Code   RO         1022    i.init_TcpNet       TCP_CM3.lib(at_system.o)
    0x00004378   0x00000238   Code   RO          464    i.init_ethernet     emac_lpc17xx.o
    0x000045b0   0x00000060   Code   RO         1005    i.init_mem          TCP_CM3.lib(at_mem.o)
    0x00004610   0x00000026   Code   RO          400    i.init_system       net_config.o
    0x00004636   0x00000002   PAD
    0x00004638   0x00000038   Code   RO          465    i.input_MDIO        emac_lpc17xx.o
    0x00004670   0x00000018   Code   RO          466    i.int_disable_eth   emac_lpc17xx.o
    0x00004688   0x00000016   Code   RO          467    i.int_enable_eth    emac_lpc17xx.o
    0x0000469e   0x00000002   PAD
    0x000046a0   0x00000064   Code   RO           19    i.invertRelay       main.o
    0x00004704   0x000000c8   Code   RO          666    i.ip_chk_frame      TCP_CM3.lib(at_ip.o)
    0x000047cc   0x0000000a   Code   RO          667    i.ip_get_chksum     TCP_CM3.lib(at_ip.o)
    0x000047d6   0x00000002   PAD
    0x000047d8   0x000000b8   Code   RO          668    i.ip_get_locadr     TCP_CM3.lib(at_ip.o)
    0x00004890   0x0000000c   Code   RO          669    i.ip_init           TCP_CM3.lib(at_ip.o)
    0x0000489c   0x0000005c   Code   RO          670    i.ip_run_local      TCP_CM3.lib(at_ip.o)
    0x000048f8   0x00000150   Code   RO          671    i.ip_send_frame     TCP_CM3.lib(at_ip.o)
    0x00004a48   0x00000014   Code   RO          953    i.is_subnet         TCP_CM3.lib(at_lib.o)
    0x00004a5c   0x00000138   Code   RO          559    i.lcd_init_4bit     display4bit.o
    0x00004b94   0x00000070   Code   RO          560    i.lcd_putchar       display4bit.o
    0x00004c04   0x00000018   Code   RO          561    i.lcd_putsf         display4bit.o
    0x00004c1c   0x00000038   Code   RO           20    i.main              main.o
    0x00004c54   0x00000064   Code   RO         1023    i.main_TcpNet       TCP_CM3.lib(at_system.o)
    0x00004cb8   0x00000018   Code   RO          954    i.mem_comp          TCP_CM3.lib(at_lib.o)
    0x00004cd0   0x00000016   Code   RO          955    i.mem_copy          TCP_CM3.lib(at_lib.o)
    0x00004ce6   0x00000020   Code   RO          956    i.mem_crc32         TCP_CM3.lib(at_lib.o)
    0x00004d06   0x0000000a   Code   RO          958    i.mem_set           TCP_CM3.lib(at_lib.o)
    0x00004d10   0x00000014   Code   RO          959    i.mem_test          TCP_CM3.lib(at_lib.o)
    0x00004d24   0x00000028   Code   RO          888    i.nbns_init         TCP_CM3.lib(at_nbns.o)
    0x00004d4c   0x00000160   Code   RO          889    i.nbns_listener     TCP_CM3.lib(at_nbns.o)
    0x00004eac   0x00000016   Code   RO          961    i.nrd_u32be         TCP_CM3.lib(at_lib.o)
    0x00004ec2   0x00000008   Code   RO          962    i.nwr_u16be         TCP_CM3.lib(at_lib.o)
    0x00004eca   0x00000010   Code   RO          963    i.nwr_u32be         TCP_CM3.lib(at_lib.o)
    0x00004eda   0x00000002   PAD
    0x00004edc   0x0000004c   Code   RO          468    i.output_MDIO       emac_lpc17xx.o
    0x00004f28   0x00000004   Code   RO          401    i.ppp_send_frame    net_config.o
    0x00004f2c   0x00000068   Code   RO          906    i.proc_opt_renew    TCP_CM3.lib(at_dhcp.o)
    0x00004f94   0x000000e0   Code   RO          907    i.proc_opt_req      TCP_CM3.lib(at_dhcp.o)
    0x00005074   0x00000034   Code   RO          908    i.proc_opt_sel      TCP_CM3.lib(at_dhcp.o)
    0x000050a8   0x00000028   Code   RO          840    i.proc_req_line     TCP_CM3.lib(at_http.o)
    0x000050d0   0x00000028   Code   RO          930    i.put_in_queue      TCP_CM3.lib(at_ethernet.o)
    0x000050f8   0x0000008c   Code   RO          469    i.read_PHY          emac_lpc17xx.o
    0x00005184   0x000000a0   Code   RO          841    i.read_script_line  TCP_CM3.lib(at_http.o)
    0x00005224   0x00000048   Code   RO         1006    i.resize_mem        TCP_CM3.lib(at_mem.o)
    0x0000526c   0x0000001e   Code   RO          402    i.run_system        net_config.o
    0x0000528a   0x00000002   PAD
    0x0000528c   0x00000068   Code   RO          470    i.rx_descr_init     emac_lpc17xx.o
    0x000052f4   0x0000004c   Code   RO          842    i.search_delim      TCP_CM3.lib(at_http.o)
    0x00005340   0x00000048   Code   RO          471    i.send_frame        emac_lpc17xx.o
    0x00005388   0x0000001e   Code   RO           21    i.set_realay_code   main.o
    0x000053a6   0x00000002   PAD
    0x000053a8   0x00000028   Code   RO           22    i.showCallerNumberOnDisplay  main.o
    0x000053d0   0x00000048   Code   RO           23    i.showRelaysStatusOnDisplay  main.o
    0x00005418   0x00000040   Code   RO           24    i.showStatusOnDisplay  main.o
    0x00005458   0x00000028   Code   RO           25    i.showToneCodeOnDisplay  main.o
    0x00005480   0x00000018   Code   RO           26    i.show_massage_to_display  main.o
    0x00005498   0x00000040   Code   RO           27    i.show_number_in_lcd  main.o
    0x000054d8   0x00000004   Code   RO          403    i.slip_send_frame   net_config.o
    0x000054dc   0x00000012   Code   RO          964    i.str_copy          TCP_CM3.lib(at_lib.o)
    0x000054ee   0x0000001a   Code   RO          965    i.str_crc32         TCP_CM3.lib(at_lib.o)
    0x00005508   0x00000016   Code   RO          966    i.str_pos           TCP_CM3.lib(at_lib.o)
    0x0000551e   0x0000001a   Code   RO          967    i.str_scomp         TCP_CM3.lib(at_lib.o)
    0x00005538   0x0000001a   Code   RO          969    i.str_up_case       TCP_CM3.lib(at_lib.o)
    0x00005552   0x00000024   Code   RO          405    i.sys_error         net_config.o
    0x00005576   0x00000002   PAD
    0x00005578   0x00000050   Code   RO          704    i.tcp_abort         TCP_CM3.lib(at_tcp.o)
    0x000055c8   0x0000009c   Code   RO          706    i.tcp_close         TCP_CM3.lib(at_tcp.o)
    0x00005664   0x00000020   Code   RO          709    i.tcp_get_buf       TCP_CM3.lib(at_tcp.o)
    0x00005684   0x0000004c   Code   RO          711    i.tcp_get_socket    TCP_CM3.lib(at_tcp.o)
    0x000056d0   0x00000024   Code   RO          712    i.tcp_get_state     TCP_CM3.lib(at_tcp.o)
    0x000056f4   0x00000018   Code   RO          713    i.tcp_init          TCP_CM3.lib(at_tcp.o)
    0x0000570c   0x0000006c   Code   RO          715    i.tcp_listen        TCP_CM3.lib(at_tcp.o)
    0x00005778   0x00000098   Code   RO          716    i.tcp_map_socket    TCP_CM3.lib(at_tcp.o)
    0x00005810   0x00000024   Code   RO          717    i.tcp_max_dsize     TCP_CM3.lib(at_tcp.o)
    0x00005834   0x0000005e   Code   RO          719    i.tcp_parse_opt     TCP_CM3.lib(at_tcp.o)
    0x00005892   0x00000002   PAD
    0x00005894   0x00000284   Code   RO          720    i.tcp_poll_sockets  TCP_CM3.lib(at_tcp.o)
    0x00005b18   0x000000c8   Code   RO          721    i.tcp_proc_acknr    TCP_CM3.lib(at_tcp.o)
    0x00005be0   0x00000052   Code   RO          722    i.tcp_proc_dupack   TCP_CM3.lib(at_tcp.o)
    0x00005c32   0x00000002   PAD
    0x00005c34   0x000004b8   Code   RO          723    i.tcp_process       TCP_CM3.lib(at_tcp.o)
    0x000060ec   0x0000001a   Code   RO          724    i.tcp_que_free      TCP_CM3.lib(at_tcp.o)
    0x00006106   0x0000001a   Code   RO          725    i.tcp_que_init      TCP_CM3.lib(at_tcp.o)
    0x00006120   0x00000094   Code   RO          726    i.tcp_que_resend    TCP_CM3.lib(at_tcp.o)
    0x000061b4   0x000000d4   Code   RO          730    i.tcp_send          TCP_CM3.lib(at_tcp.o)
    0x00006288   0x0000006a   Code   RO          731    i.tcp_send_ctrl     TCP_CM3.lib(at_tcp.o)
    0x000062f2   0x00000050   Code   RO          732    i.tcp_send_data     TCP_CM3.lib(at_tcp.o)
    0x00006342   0x00000068   Code   RO          733    i.tcp_send_reset    TCP_CM3.lib(at_tcp.o)
    0x000063aa   0x00000026   Code   RO          734    i.tcp_set_cwnd      TCP_CM3.lib(at_tcp.o)
    0x000063d0   0x00000068   Code   RO          735    i.tcp_transit       TCP_CM3.lib(at_tcp.o)
    0x00006438   0x000000c4   Code   RO          736    i.tcp_write         TCP_CM3.lib(at_tcp.o)
    0x000064fc   0x00000024   Code   RO           28    i.timer0Inir        main.o
    0x00006520   0x00000020   Code   RO           29    i.timer_poll        main.o
    0x00006540   0x00000014   Code   RO         1024    i.timer_tick        TCP_CM3.lib(at_system.o)
    0x00006554   0x0000002c   Code   RO          472    i.turnaround_MDIO   emac_lpc17xx.o
    0x00006580   0x0000005c   Code   RO          473    i.tx_descr_init     emac_lpc17xx.o
    0x000065dc   0x00000074   Code   RO           30    i.uartInit          main.o
    0x00006650   0x0000002c   Code   RO          777    i.udp_close         TCP_CM3.lib(at_udp.o)
    0x0000667c   0x00000020   Code   RO          779    i.udp_get_buf       TCP_CM3.lib(at_udp.o)
    0x0000669c   0x00000044   Code   RO          780    i.udp_get_socket    TCP_CM3.lib(at_udp.o)
    0x000066e0   0x00000018   Code   RO          781    i.udp_init          TCP_CM3.lib(at_udp.o)
    0x000066f8   0x00000068   Code   RO          784    i.udp_open          TCP_CM3.lib(at_udp.o)
    0x00006760   0x0000002c   Code   RO          785    i.udp_port_in_use   TCP_CM3.lib(at_udp.o)
    0x0000678c   0x000000b8   Code   RO          786    i.udp_process       TCP_CM3.lib(at_udp.o)
    0x00006844   0x00000030   Code   RO          787    i.udp_release_socket  TCP_CM3.lib(at_udp.o)
    0x00006874   0x0000011c   Code   RO          788    i.udp_send          TCP_CM3.lib(at_udp.o)
    0x00006990   0x00000020   Code   RO           31    i.updateDisplay     main.o
    0x000069b0   0x000000e0   Code   RO          843    i.utc_to_http       TCP_CM3.lib(at_http.o)
    0x00006a90   0x00000088   Code   RO          474    i.write_PHY         emac_lpc17xx.o
    0x00006b18   0x0000002c   Code   RO         1249    locale$$code        c_w.l(lc_ctype_c.o)
    0x00006b44   0x0004edac   Data   RO          287    .constdata          web.o
    0x000558f0   0x00000098   Data   RO          407    .constdata          net_config.o
    0x00055988   0x00000008   Data   RO          672    .constdata          TCP_CM3.lib(at_ip.o)
    0x00055990   0x000000f4   Data   RO          844    .constdata          TCP_CM3.lib(at_http.o)
    0x00055a84   0x00000008   Data   RO          890    .constdata          TCP_CM3.lib(at_nbns.o)
    0x00055a8c   0x00000006   Data   RO          932    .constdata          TCP_CM3.lib(at_ethernet.o)
    0x00055a92   0x00000006   Data   RO         1053    .constdata          TCP_CM3.lib(at_arp.o)
    0x00055a98   0x00000056   Data   RO         1078    .constdata          TCP_CM3.lib(http_err.o)
    0x00055aee   0x00000051   Data   RO         1079    .constdata          TCP_CM3.lib(http_err.o)
    0x00055b3f   0x0000004e   Data   RO         1080    .constdata          TCP_CM3.lib(http_err.o)
    0x00055b8d   0x0000004b   Data   RO         1081    .constdata          TCP_CM3.lib(http_err.o)
    0x00055bd8   0x0000002f   Data   RO         1082    .constdata          TCP_CM3.lib(http_err.o)
    0x00055c07   0x00000088   Data   RO         1083    .constdata          TCP_CM3.lib(http_err.o)
    0x00055c8f   0x00000028   Data   RO         1134    .constdata          c_w.l(_printf_hex_ptr.o)
    0x00055cb7   0x00000011   Data   RO         1163    .constdata          c_w.l(__printf_flags_ss_wp.o)
    0x00055cc8   0x0000001d   Data   RO          408    .conststring        net_config.o
    0x00055ce5   0x00000003   PAD
    0x00055ce8   0x00000040   Data   RO         1387    Region$$Table       anon$$obj.o
    0x00055d28   0x00000110   Data   RO         1248    locale$$data        c_w.l(lc_ctype_c.o)


    Execution Region RW_IRAM1 (Base: 0x10000000, Size: 0x00003ee0, Max: 0x00008000, ABSOLUTE)

    Base Addr    Size         Type   Attr      Idx    E Section Name        Object

    0x10000000   0x0000003c   Data   RW           33    .data               main.o
    0x1000003c   0x00000004   Data   RW          242    .data               system_lpc17xx.o
    0x10000040   0x00000001   Data   RW          308    .data               http_cgi.o
    0x10000041   0x00000003   PAD
    0x10000044   0x00000016   Data   RW          359    .data               i2c.o
    0x1000005a   0x00000016   Data   RW          409    .data               net_config.o
    0x10000070   0x00000008   Data   RW          609    .data               timer.o
    0x10000078   0x0000000c   Data   RW          673    .data               TCP_CM3.lib(at_ip.o)
    0x10000084   0x00000004   Data   RW          737    .data               TCP_CM3.lib(at_tcp.o)
    0x10000088   0x00000002   Data   RW          789    .data               TCP_CM3.lib(at_udp.o)
    0x1000008a   0x00000002   PAD
    0x1000008c   0x0000000c   Data   RW          845    .data               TCP_CM3.lib(at_http.o)
    0x10000098   0x00000001   Data   RW          891    .data               TCP_CM3.lib(at_nbns.o)
    0x10000099   0x00000003   PAD
    0x1000009c   0x00000008   Data   RW         1054    .data               TCP_CM3.lib(at_arp.o)
    0x100000a4   0x0000001a   Zero   RW           32    .bss                main.o
    0x100000be   0x00000002   PAD
    0x100000c0   0x000032ac   Zero   RW          406    .bss                net_config.o
    0x1000336c   0x00000010   Zero   RW          691    .bss                TCP_CM3.lib(at_icmp.o)
    0x1000337c   0x00000020   Zero   RW          909    .bss                TCP_CM3.lib(at_dhcp.o)
    0x1000339c   0x00000084   Zero   RW          931    .bss                TCP_CM3.lib(at_ethernet.o)
    0x10003420   0x00000010   Zero   RW         1007    .bss                TCP_CM3.lib(at_mem.o)
    0x10003430   0x0000004c   Zero   RW         1025    .bss                TCP_CM3.lib(at_system.o)
    0x1000347c   0x00000060   Zero   RW         1212    .bss                c_w.l(libspace.o)
    0x100034dc   0x00000004   PAD
    0x100034e0   0x00000200   Zero   RW          278    HEAP                startup_lpc17xx.o
    0x100036e0   0x00000800   Zero   RW          277    STACK               startup_lpc17xx.o


    Execution Region RW_IRAM2 (Base: 0x2007c000, Size: 0x00002a6c, Max: 0x00008000, ABSOLUTE)

    Base Addr    Size         Type   Attr      Idx    E Section Name        Object

    0x2007c000   0x00000005   Data   RW          476    .data               emac_lpc17xx.o
    0x2007c005   0x00000003   PAD
    0x2007c008   0x00002a64   Zero   RW          475    .bss                emac_lpc17xx.o


==============================================================================

Image component sizes


      Code (inc. data)   RO Data    RW Data    ZI Data      Debug   Object Name

       572         18          0          0          0       2659   display4bit.o
      1518        150          0          5      10852      53814   emac_lpc17xx.o
       844        158          0          1          0       9837   http_cgi.o
       844         90          0         22          0      26616   i2c.o
      1796        276          0         60         26      72524   main.o
       118          8        181         22      12972       4794   net_config.o
        68         30        204          0       2560        960   startup_lpc17xx.o
       320         18          0          4          0        815   system_lpc17xx.o
        28         10          0          8          0        976   timer.o
         0          0     322988          0          0      14113   web.o

    ----------------------------------------------------------------------
      6124        758     323440        128      26412     187108   Object Totals
         0          0         64          0          0          0   (incl. Generated)
        16          0          3          6          2          0   (incl. Padding)

    ----------------------------------------------------------------------

      Code (inc. data)   RO Data    RW Data    ZI Data      Debug   Library Member Name

      1844        144          6          8          0       1108   at_arp.o
      2010        114          0          0         32        812   at_dhcp.o
       488         58          6          0        132        404   at_ethernet.o
      5582       1192        244         12          0       2336   at_http.o
        18          0          0          0          0        340   at_http_uif.o
       404         30          0          0         16        308   at_icmp.o
       834         56          8         12          0        520   at_ip.o
       520          6          0          0          0       1360   at_lib.o
       568         46          0          0         16        520   at_mem.o
       392         26          8          1          0        184   at_nbns.o
       196         40          0          0         76        292   at_system.o
      3968        158          0          4          0       2008   at_tcp.o
       832         44          0          2          0        700   at_udp.o
         0          0        503          0          0          0   http_err.o
        60          8          0          0          0         84   __0sscanf.o
        44          6          0          0          0         84   __2sprintf.o
         8          0          0          0          0         68   __main.o
       392          4         17          0          0         92   __printf_flags_ss_wp.o
        14          0          0          0          0         68   __printf_wp.o
         0          0          0          0          0          0   __rtentry.o
        12          0          0          0          0          0   __rtentry2.o
         6          0          0          0          0          0   __rtentry4.o
        52          8          0          0          0          0   __scatter.o
        26          0          0          0          0          0   __scatter_copy.o
        28          0          0          0          0          0   __scatter_zi.o
        28          0          0          0          0         68   _chval.o
        44          0          0          0          0        108   _printf_char.o
        48          6          0          0          0         96   _printf_char_common.o
        40          0          0          0          0         68   _printf_charcount.o
         6          0          0          0          0          0   _printf_d.o
       120         16          0          0          0         92   _printf_dec.o
        84          6         40          0          0         88   _printf_hex_ptr.o
       178          0          0          0          0         88   _printf_intcommon.o
         6          0          0          0          0          0   _printf_n.o
         6          0          0          0          0          0   _printf_p.o
        78          0          0          0          0        108   _printf_pad.o
         0          0          0          0          0          0   _printf_percent.o
         4          0          0          0          0          0   _printf_percent_end.o
         6          0          0          0          0          0   _printf_s.o
        82          0          0          0          0         80   _printf_str.o
       884          6          0          0          0        100   _scanf.o
       332          0          0          0          0         96   _scanf_int.o
        64          0          0          0          0         84   _sgetc.o
        10          0          0          0          0         68   _sputc.o
       158          0          0          0          0         92   _strtoul.o
        26          0          0          0          0         80   atoi.o
        18          0          0          0          0         80   exit.o
         6          0          0          0          0        152   heapauxi.o
         0          0          0          0          0          0   indicate_semi.o
        18          0          0          0          0         76   isspace.o
        44         10        272          0          0         76   lc_ctype_c.o
         2          0          0          0          0          0   libinit.o
        20          0          0          0          0          0   libinit2.o
         2          0          0          0          0          0   libshutdown.o
         2          0          0          0          0          0   libshutdown2.o
         8          4          0          0         96         68   libspace.o
        16          4          0          0          0         76   rt_ctype_table.o
         8          4          0          0          0         68   rt_errno_addr_intlibspace.o
         8          4          0          0          0         68   rt_locale_intlibspace.o
         2          0          0          0          0          0   rtexit.o
        10          0          0          0          0          0   rtexit2.o
        44          8          0          0          0         84   scanf_char.o
       128          0          0          0          0         68   strcmpv7m.o
        62          0          0          0          0         76   strlen.o
       112          0          0          0          0         88   strtol.o
        12          4          0          0          0         68   sys_exit.o
        74          0          0          0          0         80   sys_stackheap_outer.o
         2          0          0          0          0         68   use_no_semi.o

    ----------------------------------------------------------------------
     21132       2012       1104         44        372      13800   Library Totals
        32          0          0          5          4          0   (incl. Padding)

    ----------------------------------------------------------------------

      Code (inc. data)   RO Data    RW Data    ZI Data      Debug   Library Name

     17656       1914        775         39        272      10892   TCP_CM3.lib
      3444         98        329          0         96       2908   c_w.l

    ----------------------------------------------------------------------
     21132       2012       1104         44        372      13800   Library Totals

    ----------------------------------------------------------------------

==============================================================================


      Code (inc. data)   RO Data    RW Data    ZI Data      Debug   

     27256       2770     324544        172      26784     189568   Grand Totals
     27256       2770     324544        172      26784     189568   ELF Image Totals
     27256       2770     324544        172          0          0   ROM Totals

==============================================================================

    Total RO  Size (Code + RO Data)               351800 ( 343.55kB)
    Total RW  Size (RW Data + ZI Data)             26956 (  26.32kB)
    Total ROM Size (Code + RO Data + RW Data)     351972 ( 343.72kB)

==============================================================================

