Component: ARM Compiler 5.06 update 4 (build 422) Tool: armlink [4d35d2]

==============================================================================

Section Cross References

    file_config.o(i.fs_config) refers to file_config.o(.bss) for .bss
    file_config.o(i.fs_config) refers to file_config.o(.constdata) for .constdata
    file_config.o(i.fs_config) refers to spi_lpc17xx.o(.constdata) for spi0_drv
    file_config.o(i.mc0_DevCtrl) refers to fs_mmc.o(i.mmc_DevCtrl) for mmc_DevCtrl
    file_config.o(i.mc0_DevCtrl) refers to file_config.o(.bss) for .bss
    file_config.o(i.mc0_Init) refers to fs_mmc.o(i.mmc_Init) for mmc_Init
    file_config.o(i.mc0_Init) refers to file_config.o(.bss) for .bss
    file_config.o(i.mc0_RdInfo) refers to fs_mmc.o(i.mmc_ReadInfo) for mmc_ReadInfo
    file_config.o(i.mc0_RdInfo) refers to file_config.o(.bss) for .bss
    file_config.o(i.mc0_RdSect) refers to fs_mmc.o(i.mmc_ReadSector) for mmc_ReadSector
    file_config.o(i.mc0_RdSect) refers to file_config.o(.bss) for .bss
    file_config.o(i.mc0_UnInit) refers to fs_mmc.o(i.mmc_UnInit) for mmc_UnInit
    file_config.o(i.mc0_UnInit) refers to file_config.o(.bss) for .bss
    file_config.o(i.mc0_WrSect) refers to fs_mmc.o(i.mmc_WriteSector) for mmc_WriteSector
    file_config.o(i.mc0_WrSect) refers to file_config.o(.bss) for .bss
    file_config.o(.constdata) refers to file_config.o(i.mc0_Init) for mc0_Init
    file_config.o(.constdata) refers to file_config.o(i.mc0_UnInit) for mc0_UnInit
    file_config.o(.constdata) refers to file_config.o(i.mc0_RdSect) for mc0_RdSect
    file_config.o(.constdata) refers to file_config.o(i.mc0_WrSect) for mc0_WrSect
    file_config.o(.constdata) refers to file_config.o(i.mc0_RdInfo) for mc0_RdInfo
    file_config.o(.constdata) refers to file_config.o(i.mc0_DevCtrl) for mc0_DevCtrl
    file_config.o(.constdata) refers to file_config.o(.bss) for mc0_vol
    retarget.o(i._sys_close) refers (Special) to use_no_semi.o(.text) for __use_no_semihosting_swi
    retarget.o(i._sys_close) refers to fs_sys.o(i.__sys_close) for __sys_close
    retarget.o(i._sys_command_string) refers (Special) to use_no_semi.o(.text) for __use_no_semihosting_swi
    retarget.o(i._sys_ensure) refers (Special) to use_no_semi.o(.text) for __use_no_semihosting_swi
    retarget.o(i._sys_ensure) refers to fs_sys.o(i.__sys_ensure) for __sys_ensure
    retarget.o(i._sys_exit) refers (Special) to use_no_semi.o(.text) for __use_no_semihosting_swi
    retarget.o(i._sys_flen) refers (Special) to use_no_semi.o(.text) for __use_no_semihosting_swi
    retarget.o(i._sys_flen) refers to fs_sys.o(i.__sys_flen) for __sys_flen
    retarget.o(i._sys_istty) refers (Special) to use_no_semi.o(.text) for __use_no_semihosting_swi
    retarget.o(i._sys_open) refers (Special) to use_no_semi.o(.text) for __use_no_semihosting_swi
    retarget.o(i._sys_open) refers to strcmpv7m.o(.text) for strcmp
    retarget.o(i._sys_open) refers to fs_sys.o(i.__sys_open) for __sys_open
    retarget.o(i._sys_read) refers (Special) to use_no_semi.o(.text) for __use_no_semihosting_swi
    retarget.o(i._sys_read) refers to retarget.o(i.getkey) for getkey
    retarget.o(i._sys_read) refers to fs_sys.o(i.__sys_read) for __sys_read
    retarget.o(i._sys_seek) refers (Special) to use_no_semi.o(.text) for __use_no_semihosting_swi
    retarget.o(i._sys_seek) refers to fs_sys.o(i.__sys_seek) for __sys_seek
    retarget.o(i._sys_tmpnam) refers (Special) to use_no_semi.o(.text) for __use_no_semihosting_swi
    retarget.o(i._sys_write) refers (Special) to use_no_semi.o(.text) for __use_no_semihosting_swi
    retarget.o(i._sys_write) refers to retarget.o(i.sendchar) for sendchar
    retarget.o(i._sys_write) refers to fs_sys.o(i.__sys_write) for __sys_write
    retarget.o(i._ttywrch) refers (Special) to use_no_semi.o(.text) for __use_no_semihosting_swi
    retarget.o(i._ttywrch) refers to retarget.o(i.sendchar) for sendchar
    retarget.o(i.getkey) refers (Special) to use_no_semi.o(.text) for __use_no_semihosting_swi
    retarget.o(i.getkey) refers to serial.o(i.SER_GetChar) for SER_GetChar
    retarget.o(i.sendchar) refers (Special) to use_no_semi.o(.text) for __use_no_semihosting_swi
    retarget.o(i.sendchar) refers to serial.o(i.SER_PutChar) for SER_PutChar
    retarget.o(.constdata) refers (Special) to use_no_semi.o(.text) for __use_no_semihosting_swi
    spi_lpc17xx.o(.constdata) refers to spi_lpc17xx.o(i.Init) for Init
    spi_lpc17xx.o(.constdata) refers to spi_lpc17xx.o(i.UnInit) for UnInit
    spi_lpc17xx.o(.constdata) refers to spi_lpc17xx.o(i.Send) for Send
    spi_lpc17xx.o(.constdata) refers to spi_lpc17xx.o(i.SendBuf) for SendBuf
    spi_lpc17xx.o(.constdata) refers to spi_lpc17xx.o(i.RecBuf) for RecBuf
    spi_lpc17xx.o(.constdata) refers to spi_lpc17xx.o(i.BusSpeed) for BusSpeed
    spi_lpc17xx.o(.constdata) refers to spi_lpc17xx.o(i.SetSS) for SetSS
    spi_lpc17xx.o(.constdata) refers to spi_lpc17xx.o(i.CheckMedia) for CheckMedia
[...]
    Stack_Mem                                0x10004c38   Data        2048  startup_lpc17xx.o(STACK)
    __initial_sp                             0x10005438   Data           0  startup_lpc17xx.o(STACK)
    .data                                    0x2007c000   Section        5  emac_lpc17xx.o(.data)
    dev_175x                                 0x2007c004   Data           1  emac_lpc17xx.o(.data)
    .bss                                     0x2007c008   Section    10852  emac_lpc17xx.o(.bss)
    Rx_Desc                                  0x2007c008   Data          32  emac_lpc17xx.o(.bss)
    Rx_Stat                                  0x2007c028   Data          32  emac_lpc17xx.o(.bss)
    Tx_Desc                                  0x2007c048   Data          24  emac_lpc17xx.o(.bss)
    Tx_Stat                                  0x2007c060   Data          12  emac_lpc17xx.o(.bss)
    rx_buf                                   0x2007c06c   Data        6144  emac_lpc17xx.o(.bss)
    tx_buf                                   0x2007d86c   Data        4608  emac_lpc17xx.o(.bss)

    Global Symbols

    Symbol Name                              Value     Ov Type        Size  Object(Section)

    BuildAttributes$$THM_ISAv4$P$D$K$B$S$PE$A:L22UL41UL21$X:L11$S22US41US21$IEEE1$IW$~IW$USESV6$~STKCKD$USESV7$~SHL$OTIME$ROPI$EBA8$UX$STANDARDLIB$REQ8$PRES8$EABIv2 0x00000000   Number         0  anon$$obj.o ABSOLUTE
    __ARM_use_no_argv                        0x00000000   Number         0  main.o ABSOLUTE
    __Vectors                                0x00000000   Data           4  startup_lpc17xx.o(RESET)
    _printf_flags                            0x00000000   Number         0  printf_stubs.o ABSOLUTE
    _printf_return_value                     0x00000000   Number         0  printf_stubs.o ABSOLUTE
    _printf_sizespec                         0x00000000   Number         0  printf_stubs.o ABSOLUTE
    _printf_widthprec                        0x00000000   Number         0  printf_stubs.o ABSOLUTE
    __ARM_exceptions_init                     - Undefined Weak Reference
    __alloca_initialize                       - Undefined Weak Reference
    __arm_preinit_                            - Undefined Weak Reference
    __cpp_initialize__aeabi_                  - Undefined Weak Reference
    __cxa_finalize                            - Undefined Weak Reference
    __sigvec_lookup                           - Undefined Weak Reference
    __user_heap_extent                        - Undefined Weak Reference
    _atexit_init                              - Undefined Weak Reference
    _call_atexit_fns                          - Undefined Weak Reference
    _clock_init                               - Undefined Weak Reference
    _fp_trap_init                             - Undefined Weak Reference
    _fp_trap_shutdown                         - Undefined Weak Reference
    _get_lc_collate                           - Undefined Weak Reference
    _get_lc_monetary                          - Undefined Weak Reference
    _get_lc_numeric                           - Undefined Weak Reference
    _get_lc_time                              - Undefined Weak Reference
    _getenv_init                              - Undefined Weak Reference
    _handle_redirection                       - Undefined Weak Reference
    _mutex_acquire                            - Undefined Weak Reference
    _mutex_free                               - Undefined Weak Reference
    _mutex_release                            - Undefined Weak Reference
    _printf_mbtowc                            - Undefined Weak Reference
    _printf_truncate_signed                   - Undefined Weak Reference
    _printf_truncate_unsigned                 - Undefined Weak Reference
    _rand_init                                - Undefined Weak Reference
    _scanf_longlong                           - Undefined Weak Reference
    _scanf_mbtowc                             - Undefined Weak Reference
    _scanf_real                               - Undefined Weak Reference
    _scanf_string                             - Undefined Weak Reference
    _scanf_wctomb                             - Undefined Weak Reference
    _scanf_wstring                            - Undefined Weak Reference
    _signal_finish                            - Undefined Weak Reference
    _signal_init                              - Undefined Weak Reference
    poll_ethernet                             - Undefined Weak Reference
    __main                                   0x000000cd   Thumb Code     8  __main.o(!!!main)
    __scatterload                            0x000000d5   Thumb Code     0  __scatter.o(!!!scatter)
    __scatterload_rt2                        0x000000d5   Thumb Code    44  __scatter.o(!!!scatter)
    __scatterload_rt2_thumb_only             0x000000d5   Thumb Code     0  __scatter.o(!!!scatter)
    __scatterload_null                       0x000000e3   Thumb Code     0  __scatter.o(!!!scatter)
    __scatterload_copy                       0x00000109   Thumb Code    26  __scatter_copy.o(!!handler_copy)
    __scatterload_zeroinit                   0x00000125   Thumb Code    28  __scatter_zi.o(!!handler_zi)
    _printf_n                                0x00000141   Thumb Code     0  _printf_n.o(.ARM.Collect$$_printf_percent$$00000001)
    _printf_percent                          0x00000141   Thumb Code     0  _printf_percent.o(.ARM.Collect$$_printf_percent$$00000000)
    _printf_p                                0x00000147   Thumb Code     0  _printf_p.o(.ARM.Collect$$_printf_percent$$00000002)
    _printf_d                                0x0000014d   Thumb Code     0  _printf_d.o(.ARM.Collect$$_printf_percent$$00000009)
    _printf_c                                0x00000153   Thumb Code     0  _printf_c.o(.ARM.Collect$$_printf_percent$$00000013)
    _printf_s                                0x00000159   Thumb Code     0  _printf_s.o(.ARM.Collect$$_printf_percent$$00000014)
    _printf_percent_end                      0x0000015f   Thumb Code     0  _printf_percent_end.o(.ARM.Collect$$_printf_percent$$00000017)
    __rt_lib_init                            0x00000163   Thumb Code     0  libinit.o(.ARM.Collect$$libinit$$00000000)
    __rt_lib_init_fp_1                       0x00000165   Thumb Code     0  libinit2.o(.ARM.Collect$$libinit$$00000002)
    __rt_lib_init_heap_1                     0x00000165   Thumb Code     0  libinit2.o(.ARM.Collect$$libinit$$0000000A)
    __rt_lib_init_lc_common                  0x00000165   Thumb Code     0  libinit2.o(.ARM.Collect$$libinit$$0000000F)
    __rt_lib_init_preinit_1                  0x00000165   Thumb Code     0  libinit2.o(.ARM.Collect$$libinit$$00000004)
    __rt_lib_init_rand_1                     0x00000165   Thumb Code     0  libinit2.o(.ARM.Collect$$libinit$$0000000E)
    __rt_lib_init_user_alloc_1               0x00000165   Thumb Code     0  libinit2.o(.ARM.Collect$$libinit$$0000000C)
    __rt_lib_init_lc_collate_1               0x0000016b   Thumb Code     0  libinit2.o(.ARM.Collect$$libinit$$00000011)
    __rt_lib_init_lc_ctype_2                 0x0000016b   Thumb Code     0  libinit2.o(.ARM.Collect$$libinit$$00000012)
    __rt_lib_init_alloca_1                   0x00000177   Thumb Code     0  libinit2.o(.ARM.Collect$$libinit$$0000002E)
    __rt_lib_init_argv_1                     0x00000177   Thumb Code     0  libinit2.o(.ARM.Collect$$libinit$$0000002C)
    __rt_lib_init_atexit_1                   0x00000177   Thumb Code     0  libinit2.o(.ARM.Collect$$libinit$$0000001B)
    __rt_lib_init_clock_1                    0x00000177   Thumb Code     0  libinit2.o(.ARM.Collect$$libinit$$00000021)
    __rt_lib_init_cpp_1                      0x00000177   Thumb Code     0  libinit2.o(.ARM.Collect$$libinit$$00000032)
    __rt_lib_init_exceptions_1               0x00000177   Thumb Code     0  libinit2.o(.ARM.Collect$$libinit$$00000030)
    __rt_lib_init_fp_trap_1                  0x00000177   Thumb Code     0  libinit2.o(.ARM.Collect$$libinit$$0000001F)
    __rt_lib_init_getenv_1                   0x00000177   Thumb Code     0  libinit2.o(.ARM.Collect$$libinit$$00000023)
    __rt_lib_init_lc_ctype_1                 0x00000177   Thumb Code     0  libinit2.o(.ARM.Collect$$libinit$$00000013)
    __rt_lib_init_lc_monetary_1              0x00000177   Thumb Code     0  libinit2.o(.ARM.Collect$$libinit$$00000015)
    __rt_lib_init_lc_numeric_1               0x00000177   Thumb Code     0  libinit2.o(.ARM.Collect$$libinit$$00000017)
    __rt_lib_init_lc_time_1                  0x00000177   Thumb Code     0  libinit2.o(.ARM.Collect$$libinit$$00000019)
    __rt_lib_init_return                     0x00000177   Thumb Code     0  libinit2.o(.ARM.Collect$$libinit$$00000033)
    __rt_lib_init_signal_1                   0x00000177   Thumb Code     0  libinit2.o(.ARM.Collect$$libinit$$0000001D)
    __rt_lib_init_stdio_1                    0x00000177   Thumb Code     0  libinit2.o(.ARM.Collect$$libinit$$00000025)
    __rt_lib_shutdown                        0x00000179   Thumb Code     0  libshutdown.o(.ARM.Collect$$libshutdown$$00000000)
    __rt_lib_shutdown_cpp_1                  0x0000017b   Thumb Code     0  libshutdown2.o(.ARM.Collect$$libshutdown$$00000002)
    __rt_lib_shutdown_fp_trap_1              0x0000017b   Thumb Code     0  libshutdown2.o(.ARM.Collect$$libshutdown$$00000007)
    __rt_lib_shutdown_heap_1                 0x0000017b   Thumb Code     0  libshutdown2.o(.ARM.Collect$$libshutdown$$0000000F)
    __rt_lib_shutdown_return                 0x0000017b   Thumb Code     0  libshutdown2.o(.ARM.Collect$$libshutdown$$00000010)
    __rt_lib_shutdown_signal_1               0x0000017b   Thumb Code     0  libshutdown2.o(.ARM.Collect$$libshutdown$$0000000A)
    __rt_lib_shutdown_stdio_1                0x0000017b   Thumb Code     0  libshutdown2.o(.ARM.Collect$$libshutdown$$00000004)
    __rt_lib_shutdown_user_alloc_1           0x0000017b   Thumb Code     0  libshutdown2.o(.ARM.Collect$$libshutdown$$0000000C)
    __rt_entry                               0x0000017d   Thumb Code     0  __rtentry.o(.ARM.Collect$$rtentry$$00000000)
    __rt_entry_presh_1                       0x0000017d   Thumb Code     0  __rtentry2.o(.ARM.Collect$$rtentry$$00000002)
    __rt_entry_sh                            0x0000017d   Thumb Code     0  __rtentry4.o(.ARM.Collect$$rtentry$$00000004)
    __rt_entry_li                            0x00000183   Thumb Code     0  __rtentry2.o(.ARM.Collect$$rtentry$$0000000A)
    __rt_entry_postsh_1                      0x00000183   Thumb Code     0  __rtentry2.o(.ARM.Collect$$rtentry$$00000009)
    __rt_entry_main                          0x00000187   Thumb Code     0  __rtentry2.o(.ARM.Collect$$rtentry$$0000000D)
    __rt_entry_postli_1                      0x00000187   Thumb Code     0  __rtentry2.o(.ARM.Collect$$rtentry$$0000000C)
    __rt_exit                                0x0000018f   Thumb Code     0  rtexit.o(.ARM.Collect$$rtexit$$00000000)
    __rt_exit_ls                             0x00000191   Thumb Code     0  rtexit2.o(.ARM.Collect$$rtexit$$00000003)
    __rt_exit_prels_1                        0x00000191   Thumb Code     0  rtexit2.o(.ARM.Collect$$rtexit$$00000002)
    __rt_exit_exit                           0x00000195   Thumb Code     0  rtexit2.o(.ARM.Collect$$rtexit$$00000004)
    Reset_Handler                            0x0000019d   Thumb Code     8  startup_lpc17xx.o(.text)
    NMI_Handler                              0x000001a5   Thumb Code     2  startup_lpc17xx.o(.text)
    HardFault_Handler                        0x000001a7   Thumb Code     2  startup_lpc17xx.o(.text)
    MemManage_Handler                        0x000001a9   Thumb Code     2  startup_lpc17xx.o(.text)
    BusFault_Handler                         0x000001ab   Thumb Code     2  startup_lpc17xx.o(.text)
    UsageFault_Handler                       0x000001ad   Thumb Code     2  startup_lpc17xx.o(.text)
    SVC_Handler                              0x000001af   Thumb Code     2  startup_lpc17xx.o(.text)
    DebugMon_Handler                         0x000001b1   Thumb Code     2  startup_lpc17xx.o(.text)
    PendSV_Handler                           0x000001b3   Thumb Code     2  startup_lpc17xx.o(.text)
    SysTick_Handler                          0x000001b5   Thumb Code     2  startup_lpc17xx.o(.text)
    ADC_IRQHandler                           0x000001b7   Thumb Code     0  startup_lpc17xx.o(.text)
    BOD_IRQHandler                           0x000001b7   Thumb Code     0  startup_lpc17xx.o(.text)
    CANActivity_IRQHandler                   0x000001b7   Thumb Code     0  startup_lpc17xx.o(.text)
    CAN_IRQHandler                           0x000001b7   Thumb Code     0  startup_lpc17xx.o(.text)
    DMA_IRQHandler                           0x000001b7   Thumb Code     0  startup_lpc17xx.o(.text)
    EINT0_IRQHandler                         0x000001b7   Thumb Code     0  startup_lpc17xx.o(.text)
    EINT1_IRQHandler                         0x000001b7   Thumb Code     0  startup_lpc17xx.o(.text)
    EINT2_IRQHandler                         0x000001b7   Thumb Code     0  startup_lpc17xx.o(.text)
    EINT3_IRQHandler                         0x000001b7   Thumb Code     0  startup_lpc17xx.o(.text)
    I2C0_IRQHandler                          0x000001b7   Thumb Code     0  startup_lpc17xx.o(.text)
    I2C1_IRQHandler                          0x000001b7   Thumb Code     0  startup_lpc17xx.o(.text)
    I2C2_IRQHandler                          0x000001b7   Thumb Code     0  startup_lpc17xx.o(.text)
    I2S_IRQHandler                           0x000001b7   Thumb Code     0  startup_lpc17xx.o(.text)
    MCPWM_IRQHandler                         0x000001b7   Thumb Code     0  startup_lpc17xx.o(.text)
    PLL0_IRQHandler                          0x000001b7   Thumb Code     0  startup_lpc17xx.o(.text)
    PLL1_IRQHandler                          0x000001b7   Thumb Code     0  startup_lpc17xx.o(.text)
    PWM1_IRQHandler                          0x000001b7   Thumb Code     0  startup_lpc17xx.o(.text)
    QEI_IRQHandler                           0x000001b7   Thumb Code     0  startup_lpc17xx.o(.text)
    RIT_IRQHandler                           0x000001b7   Thumb Code     0  startup_lpc17xx.o(.text)
    RTC_IRQHandler                           0x000001b7   Thumb Code     0  startup_lpc17xx.o(.text)
    SPI_IRQHandler                           0x000001b7   Thumb Code     0  startup_lpc17xx.o(.text)
    SSP0_IRQHandler                          0x000001b7   Thumb Code     0  startup_lpc17xx.o(.text)
    SSP1_IRQHandler                          0x000001b7   Thumb Code     0  startup_lpc17xx.o(.text)
    TIMER0_IRQHandler                        0x000001b7   Thumb Code     0  startup_lpc17xx.o(.text)
    TIMER1_IRQHandler                        0x000001b7   Thumb Code     0  startup_lpc17xx.o(.text)
    TIMER2_IRQHandler                        0x000001b7   Thumb Code     0  startup_lpc17xx.o(.text)
    TIMER3_IRQHandler                        0x000001b7   Thumb Code     0  startup_lpc17xx.o(.text)
    UART0_IRQHandler                         0x000001b7   Thumb Code     0  startup_lpc17xx.o(.text)
    UART1_IRQHandler                         0x000001b7   Thumb Code     0  startup_lpc17xx.o(.text)
    UART2_IRQHandler                         0x000001b7   Thumb Code     0  startup_lpc17xx.o(.text)
    UART3_IRQHandler                         0x000001b7   Thumb Code     0  startup_lpc17xx.o(.text)
    USBActivity_IRQHandler                   0x000001b7   Thumb Code     0  startup_lpc17xx.o(.text)
    USB_IRQHandler                           0x000001b7   Thumb Code     0  startup_lpc17xx.o(.text)
    WDT_IRQHandler                           0x000001b7   Thumb Code     0  startup_lpc17xx.o(.text)
    __user_initial_stackheap                 0x000001b9   Thumb Code     0  startup_lpc17xx.o(.text)
    __semihosting$guard                      0x000001dd   Thumb Code     0  use_no_semi.o(.text)
    __use_no_semihosting_swi                 0x000001dd   Thumb Code     2  use_no_semi.o(.text)
    __2sprintf                               0x000001e1   Thumb Code    38  __2sprintf.o(.text)
    _printf_pre_padding                      0x0000020d   Thumb Code    44  _printf_pad.o(.text)
    _printf_post_padding                     0x00000239   Thumb Code    34  _printf_pad.o(.text)
    _printf_str                              0x0000025b   Thumb Code    82  _printf_str.o(.text)
    _printf_charcount                        0x000002ad   Thumb Code    40  _printf_charcount.o(.text)
    atoi                                     0x000002d5   Thumb Code    26  atoi.o(.text)
    __use_two_region_memory                  0x000002ef   Thumb Code     2  heapauxi.o(.text)
    __rt_heap_escrow                         0x000002f1   Thumb Code     2  heapauxi.o(.text)
    __rt_heap_expand                         0x000002f3   Thumb Code     2  heapauxi.o(.text)
    __aeabi_errno_addr                       0x000002f5   Thumb Code     8  rt_errno_addr_intlibspace.o(.text)
    __errno$intlibspace                      0x000002f5   Thumb Code     0  rt_errno_addr_intlibspace.o(.text)
    __rt_errno_addr$intlibspace              0x000002f5   Thumb Code     0  rt_errno_addr_intlibspace.o(.text)
    _printf_int_dec                          0x00000301   Thumb Code   104  _printf_dec.o(.text)
    _printf_hex_ptr                          0x00000379   Thumb Code    78  _printf_hex_ptr.o(.text)
    _printf_longlong_hex                     0x00000379   Thumb Code     0  _printf_hex_ptr.o(.text)
    __printf                                 0x000003cd   Thumb Code   388  __printf_flags_ss_wp.o(.text)
    __RL_FS_VER                              0x00000474   Number         0  fs_sys.o ABSOLUTE
    __RL_TCP_VER                             0x00000474   Number         0  at_system.o ABSOLUTE
    __0sscanf                                0x00000555   Thumb Code    52  __0sscanf.o(.text)
    _scanf_int                               0x00000591   Thumb Code   332  _scanf_int.o(.text)
    _fclose_internal                         0x000006dd   Thumb Code    76  fclose.o(.text)
    fclose                                   0x000006dd   Thumb Code     0  fclose.o(.text)
    strncasecmp                              0x00000729   Thumb Code    50  strncasecmp.o(.text)
    strlen                                   0x0000075b   Thumb Code    62  strlen.o(.text)
    __aeabi_memcpy                           0x00000799   Thumb Code     0  rt_memcpy_v6.o(.text)
    __rt_memcpy                              0x00000799   Thumb Code   138  rt_memcpy_v6.o(.text)
    _memcpy_lastbytes                        0x000007ff   Thumb Code     0  rt_memcpy_v6.o(.text)
    __aeabi_memcpy4                          0x00000823   Thumb Code     0  rt_memcpy_w.o(.text)
    __aeabi_memcpy8                          0x00000823   Thumb Code     0  rt_memcpy_w.o(.text)
    __rt_memcpy_w                            0x00000823   Thumb Code   100  rt_memcpy_w.o(.text)
    _memcpy_lastbytes_aligned                0x0000086b   Thumb Code     0  rt_memcpy_w.o(.text)
    __aeabi_memclr                           0x00000887   Thumb Code     0  rt_memclr.o(.text)
    __rt_memclr                              0x00000887   Thumb Code    68  rt_memclr.o(.text)
    _memset                                  0x0000088b   Thumb Code     0  rt_memclr.o(.text)
    __aeabi_memclr4                          0x000008cb   Thumb Code     0  rt_memclr_w.o(.text)
    __aeabi_memclr8                          0x000008cb   Thumb Code     0  rt_memclr_w.o(.text)
    __rt_memclr_w                            0x000008cb   Thumb Code    78  rt_memclr_w.o(.text)
    _memset_w                                0x000008cf   Thumb Code     0  rt_memclr_w.o(.text)
    strcmp                                   0x00000919   Thumb Code   128  strcmpv7m.o(.text)
    free                                     0x00000999   Thumb Code    78  h1_free.o(.text)
    tolower                                  0x000009e7   Thumb Code    26  tolower.o(.text)
    _printf_int_common                       0x00000a01   Thumb Code   178  _printf_intcommon.o(.text)
    _printf_char_common                      0x00000abf   Thumb Code    32  _printf_char_common.o(.text)
    _sputc                                   0x00000ae5   Thumb Code    10  _sputc.o(.text)
    _printf_cs_common                        0x00000aef   Thumb Code    20  _printf_char.o(.text)
    _printf_char                             0x00000b03   Thumb Code    16  _printf_char.o(.text)
    _printf_string                           0x00000b13   Thumb Code     8  _printf_char.o(.text)
    _chval                                   0x00000b1b   Thumb Code    28  _chval.o(.text)
    __vfscanf_char                           0x00000b45   Thumb Code    24  scanf_char.o(.text)
    _sgetc                                   0x00000b65   Thumb Code    30  _sgetc.o(.text)
    _sbackspace                              0x00000b83   Thumb Code    34  _sgetc.o(.text)
    strtol                                   0x00000ba5   Thumb Code   112  strtol.o(.text)
    _seterr                                  0x00000c15   Thumb Code    20  stdio.o(.text)
    _writebuf                                0x00000c29   Thumb Code    84  stdio.o(.text)
    _fflush                                  0x00000c7d   Thumb Code    70  stdio.o(.text)
    _deferredlazyseek                        0x00000cc3   Thumb Code    60  stdio.o(.text)
    __user_libspace                          0x00000d05   Thumb Code     8  libspace.o(.text)
    __user_perproc_libspace                  0x00000d05   Thumb Code     0  libspace.o(.text)
    __user_perthread_libspace                0x00000d05   Thumb Code     0  libspace.o(.text)
    __rt_ctype_table                         0x00000d0d   Thumb Code    16  rt_ctype_table.o(.text)
    __rt_heap_descriptor                     0x00000d1d   Thumb Code     8  rt_heap_descriptor_intlibspace.o(.text)
    isspace                                  0x00000d25   Thumb Code    18  isspace.o(.text)
    __vfscanf                                0x00000d39   Thumb Code   878  _scanf.o(.text)
    _strtoul                                 0x000010ad   Thumb Code   158  _strtoul.o(.text)
    __user_setup_stackheap                   0x0000114b   Thumb Code    74  sys_stackheap_outer.o(.text)
    __rt_locale                              0x00001195   Thumb Code     8  rt_locale_intlibspace.o(.text)
    exit                                     0x0000119d   Thumb Code    18  exit.o(.text)
    ENET_IRQHandler                          0x000011f9   Thumb Code   164  emac_lpc17xx.o(i.ENET_IRQHandler)
    LED_out                                  0x00001365   Thumb Code    50  main.o(i.LED_out)
    SER_Init                                 0x000013d5   Thumb Code    64  serial.o(i.SER_Init)
    SER_PutChar                              0x00001421   Thumb Code    20  serial.o(i.SER_PutChar)
    SystemInit                               0x000014bd   Thumb Code   302  system_lpc17xx.o(i.SystemInit)
    __sys_close                              0x0000166d   Thumb Code    74  fs_sys.o(i.__sys_close)
    __sys_seek                               0x000016c1   Thumb Code    66  fs_sys.o(i.__sys_seek)
    __sys_write                              0x0000170d   Thumb Code    80  fs_sys.o(i.__sys_write)
    _is_digit                                0x00001765   Thumb Code    14  __printf_wp.o(i._is_digit)
    _sys_close                               0x00001773   Thumb Code    22  retarget.o(i._sys_close)
    _sys_exit                                0x00001789   Thumb Code     4  retarget.o(i._sys_exit)
    _sys_seek                                0x0000178d   Thumb Code    28  retarget.o(i._sys_seek)
    _sys_write                               0x000017a9   Thumb Code    66  retarget.o(i._sys_write)
    alloc_mem                                0x00001821   Thumb Code   174  at_mem.o(i.alloc_mem)
    arp_cache_add                            0x000018d9   Thumb Code   174  at_arp.o(i.arp_cache_add)
    arp_cache_early                          0x00001a19   Thumb Code   142  at_arp.o(i.arp_cache_early)
    arp_cache_find                           0x00001ab1   Thumb Code   168  at_arp.o(i.arp_cache_find)
    arp_cache_update                         0x00001b65   Thumb Code   228  at_arp.o(i.arp_cache_update)
    arp_init                                 0x00001c59   Thumb Code    34  at_arp.o(i.arp_init)
    arp_notify                               0x00001cb9   Thumb Code    26  at_arp.o(i.arp_notify)
    arp_probe                                0x00001ce1   Thumb Code    14  at_arp.o(i.arp_probe)
    arp_process                              0x00001d7d   Thumb Code   294  at_arp.o(i.arp_process)
    avail_mem                                0x0000200d   Thumb Code    22  at_mem.o(i.avail_mem)
    b64_to_asc                               0x00002029   Thumb Code   120  at_lib.o(i.b64_to_asc)
    calc_chksum16be                          0x000021e3   Thumb Code    18  at_lib.o(i.calc_chksum16be)
    cgi_func                                 0x000021f5   Thumb Code   134  http_cgi.o(i.cgi_func)
    cgi_process_data                         0x000022d5   Thumb Code   262  http_cgi.o(i.cgi_process_data)
    cgi_process_var                          0x00002419   Thumb Code   356  http_cgi.o(i.cgi_process_var)
    cgx_content_type                         0x000025ad   Thumb Code     4  at_http.o(i.cgx_content_type)
    chksum16_buf                             0x000027dd   Thumb Code    40  at_lib.o(i.chksum16_buf)
    chksum16_val                             0x00002805   Thumb Code    10  at_lib.o(i.chksum16_val)
    dhcp_cbfunc                              0x00002983   Thumb Code     2  at_dhcp.o(i.dhcp_cbfunc)
    dhcp_disable                             0x00002a91   Thumb Code    50  at_dhcp.o(i.dhcp_disable)
    dhcp_init                                0x00002acd   Thumb Code    66  at_dhcp.o(i.dhcp_init)
    dhcp_run_client                          0x00002d19   Thumb Code   440  at_dhcp.o(i.dhcp_run_client)
    efs_ffind                                0x000030ed   Thumb Code     4  file_config.o(i.efs_ffind)
    efs_fsize                                0x000030f1   Thumb Code     2  file_config.o(i.efs_fsize)
    efs_seek                                 0x000030f3   Thumb Code     4  file_config.o(i.efs_seek)
    efs_wclose                               0x000030f7   Thumb Code     4  file_config.o(i.efs_wclose)
    efs_write                                0x000030fb   Thumb Code     4  file_config.o(i.efs_write)
    elink_cmd                                0x000030ff   Thumb Code     4  file_config.o(i.elink_cmd)
    elink_flush                              0x00003103   Thumb Code     4  file_config.o(i.elink_flush)
    elink_init                               0x00003107   Thumb Code     4  file_config.o(i.elink_init)
    elink_init_path                          0x0000310b   Thumb Code     4  file_config.o(i.elink_init_path)
    elink_insert                             0x0000310f   Thumb Code     4  file_config.o(i.elink_insert)
    elink_scan                               0x00003113   Thumb Code     4  file_config.o(i.elink_scan)
    entry_pos_set                            0x00003171   Thumb Code    88  fs_fat.o(i.entry_pos_set)
    entry_read                               0x000031c9   Thumb Code    54  fs_fat.o(i.entry_read)
    eth_chk_adr                              0x0000322d   Thumb Code    10  at_ethernet.o(i.eth_chk_adr)
    eth_init_link                            0x0000323d   Thumb Code    40  at_ethernet.o(i.eth_init_link)
    eth_run_link                             0x00003271   Thumb Code   194  at_ethernet.o(i.eth_run_link)
    eth_send_frame                           0x00003345   Thumb Code   150  at_ethernet.o(i.eth_send_frame)
    fat_close                                0x000033ed   Thumb Code   216  fs_fat.o(i.fat_close)
    fat_ffind                                0x000034f5   Thumb Code   242  fs_fat.o(i.fat_ffind)
    fat_init                                 0x000035e7   Thumb Code   338  fs_fat.o(i.fat_init)
    fat_jour_init                            0x00003739   Thumb Code     4  file_config.o(i.fat_jour_init)
    fat_seek                                 0x0000373d   Thumb Code   182  fs_fat.o(i.fat_seek)
    fat_write                                0x000037f3   Thumb Code   292  fs_fat.o(i.fat_write)
    ffind                                    0x00003919   Thumb Code   434  fs_mapi.o(i.ffind)
    finit                                    0x00003ad9   Thumb Code   110  fs_mapi.o(i.finit)
    free_mem                                 0x00003ee9   Thumb Code   124  at_mem.o(i.free_mem)
    fs_cfg_drv                               0x00003f6d   Thumb Code    92  fs_mapi.o(i.fs_cfg_drv)
    fs_chk_media                             0x00003fdd   Thumb Code    46  fs_lib.o(i.fs_chk_media)
    fs_config                                0x0000400d   Thumb Code    32  file_config.o(i.fs_config)
    fs_find_drv                              0x00004039   Thumb Code    36  fs_lib.o(i.fs_find_drv)
    fs_find_iob                              0x00004065   Thumb Code    48  fs_lib.o(i.fs_find_iob)
    fs_get_date                              0x0000409d   Thumb Code     4  fs_time.o(i.fs_get_date)
    fs_get_time                              0x000040a5   Thumb Code     6  fs_time.o(i.fs_get_time)
    fs_map_drive                             0x000040ad   Thumb Code   110  fs_lib.o(i.fs_map_drive)
    fs_strpos                                0x00004125   Thumb Code    24  fs_lib.o(i.fs_strpos)
    fsj_write                                0x00004221   Thumb Code     4  file_config.o(i.fsj_write)
    getSDData                                0x00004225   Thumb Code    66  main.o(i.getSDData)
    get_button                               0x000042e9   Thumb Code    32  main.o(i.get_button)
    get_rnd32                                0x00004535   Thumb Code    18  at_system.o(i.get_rnd32)
    http_accept_host                         0x000045b1   Thumb Code     4  at_http.o(i.http_accept_host)
    http_check_account                       0x000048b1   Thumb Code     4  at_http.o(i.http_check_account)
    http_encoding                            0x000048b5   Thumb Code     4  at_http.o(i.http_encoding)
    http_fclose                              0x00004a41   Thumb Code     2  at_http_uif.o(i.http_fclose)
    http_fgets                               0x00004a43   Thumb Code     4  at_http_uif.o(i.http_fgets)
    http_file_access                         0x00004a47   Thumb Code     4  at_http.o(i.http_file_access)
    http_finfo                               0x00004a4b   Thumb Code     4  at_http_uif.o(i.http_finfo)
    http_fopen                               0x00004a4f   Thumb Code     4  at_http_uif.o(i.http_fopen)
    http_fread                               0x00004a53   Thumb Code     4  at_http_uif.o(i.http_fread)
    http_get_var                             0x00004a59   Thumb Code   104  at_http.o(i.http_get_var)
    http_init                                0x00004ac5   Thumb Code    72  at_http.o(i.http_init)
    http_run_server                          0x00005281   Thumb Code   816  at_http.o(i.http_run_server)
    icmp_init                                0x00005685   Thumb Code    10  at_icmp.o(i.icmp_init)
    icmp_process                             0x00005695   Thumb Code   198  at_icmp.o(i.icmp_process)
    icmp_run_engine                          0x00005761   Thumb Code    58  at_icmp.o(i.icmp_run_engine)
    ifree_mem                                0x00005819   Thumb Code    48  at_mem.o(i.ifree_mem)
    igmp_is_member                           0x00005851   Thumb Code     4  net_config.o(i.igmp_is_member)
    igmp_process                             0x00005855   Thumb Code     2  net_config.o(i.igmp_process)
    init_TcpNet                              0x00005881   Thumb Code    38  at_system.o(i.init_TcpNet)
    init_ethernet                            0x00005985   Thumb Code   522  emac_lpc17xx.o(i.init_ethernet)
    init_mem                                 0x00005c39   Thumb Code    86  at_mem.o(i.init_mem)
    init_system                              0x00005c99   Thumb Code    38  net_config.o(i.init_system)
    int_disable_eth                          0x00005cf9   Thumb Code    18  emac_lpc17xx.o(i.int_disable_eth)
    int_enable_eth                           0x00005d11   Thumb Code    22  emac_lpc17xx.o(i.int_enable_eth)
    ip_chk_frame                             0x00005d29   Thumb Code   190  at_ip.o(i.ip_chk_frame)
    ip_get_locadr                            0x00005dfd   Thumb Code   166  at_ip.o(i.ip_get_locadr)
    ip_init                                  0x00005eb5   Thumb Code     8  at_ip.o(i.ip_init)
    ip_run_local                             0x00005ec1   Thumb Code    82  at_ip.o(i.ip_run_local)
    ip_send_frame                            0x00005f1d   Thumb Code   328  at_ip.o(i.ip_send_frame)
    is_subnet                                0x000060a1   Thumb Code    20  at_lib.o(i.is_subnet)
    main                                     0x000060b5   Thumb Code    36  main.o(i.main)
    main_TcpNet                              0x000060e1   Thumb Code    86  at_system.o(i.main_TcpNet)
    mem_comp                                 0x0000618d   Thumb Code    24  at_lib.o(i.mem_comp)
    mem_copy                                 0x000061a5   Thumb Code    22  at_lib.o(i.mem_copy)
    mem_crc32                                0x000061bb   Thumb Code    32  at_lib.o(i.mem_crc32)
    mem_set                                  0x000061db   Thumb Code    10  at_lib.o(i.mem_set)
    mem_test                                 0x000061e5   Thumb Code    20  at_lib.o(i.mem_test)
    mmc_DevCtrl                              0x000061f9   Thumb Code    36  fs_mmc.o(i.mmc_DevCtrl)
    mmc_Init                                 0x0000621d   Thumb Code   530  fs_mmc.o(i.mmc_Init)
    mmc_ReadInfo                             0x0000642f   Thumb Code    94  fs_mmc.o(i.mmc_ReadInfo)
    mmc_ReadSector                           0x0000648d   Thumb Code    84  fs_mmc.o(i.mmc_ReadSector)
    mmc_UnInit                               0x000064e5   Thumb Code    24  fs_mmc.o(i.mmc_UnInit)
    mmc_WriteSector                          0x000064fd   Thumb Code    88  fs_mmc.o(i.mmc_WriteSector)
    nbns_init                                0x000069c1   Thumb Code    32  at_nbns.o(i.nbns_init)
    nrd_u32be                                0x00006b49   Thumb Code    22  at_lib.o(i.nrd_u32be)
    nwr_u16be                                0x00006b5f   Thumb Code     8  at_lib.o(i.nwr_u16be)
    nwr_u32be                                0x00006b67   Thumb Code    16  at_lib.o(i.nwr_u32be)
    ppp_send_frame                           0x00006c71   Thumb Code     4  net_config.o(i.ppp_send_frame)
    put_in_queue                             0x00006e19   Thumb Code    36  at_ethernet.o(i.put_in_queue)
    resize_mem                               0x00006fc1   Thumb Code    68  at_mem.o(i.resize_mem)
    run_system                               0x00007009   Thumb Code    30  net_config.o(i.run_system)
    send_frame                               0x000070dd   Thumb Code    64  emac_lpc17xx.o(i.send_frame)
    sendchar                                 0x00007125   Thumb Code    24  retarget.o(i.sendchar)
    slip_send_frame                          0x00007259   Thumb Code     4  net_config.o(i.slip_send_frame)
    str_copy                                 0x0000727b   Thumb Code    18  at_lib.o(i.str_copy)
    str_crc32                                0x0000728d   Thumb Code    26  at_lib.o(i.str_crc32)
    str_pos                                  0x000072a7   Thumb Code    22  at_lib.o(i.str_pos)
    str_scomp                                0x000072bd   Thumb Code    26  at_lib.o(i.str_scomp)
    str_up_case                              0x000072d7   Thumb Code    26  at_lib.o(i.str_up_case)
    sys_error                                0x000072f1   Thumb Code    36  net_config.o(i.sys_error)
    tcp_abort                                0x00007315   Thumb Code    76  at_tcp.o(i.tcp_abort)
    tcp_close                                0x00007365   Thumb Code   150  at_tcp.o(i.tcp_close)
    tcp_get_buf                              0x00007401   Thumb Code    32  at_tcp.o(i.tcp_get_buf)
    tcp_get_socket                           0x00007421   Thumb Code    70  at_tcp.o(i.tcp_get_socket)
    tcp_get_state                            0x0000746d   Thumb Code    32  at_tcp.o(i.tcp_get_state)
    tcp_init                                 0x00007491   Thumb Code    18  at_tcp.o(i.tcp_init)
    tcp_listen                               0x000074a9   Thumb Code   102  at_tcp.o(i.tcp_listen)
    tcp_max_dsize                            0x000075ad   Thumb Code    30  at_tcp.o(i.tcp_max_dsize)
    tcp_poll_sockets                         0x00007631   Thumb Code   630  at_tcp.o(i.tcp_poll_sockets)
    tcp_process                              0x000079d1   Thumb Code  1196  at_tcp.o(i.tcp_process)
    tcp_send                                 0x00007f51   Thumb Code   204  at_tcp.o(i.tcp_send)
    timer_tick                               0x000082b9   Thumb Code    14  at_system.o(i.timer_tick)
    udp_close                                0x00008355   Thumb Code    38  at_udp.o(i.udp_close)
    udp_get_buf                              0x00008381   Thumb Code    32  at_udp.o(i.udp_get_buf)
    udp_get_socket                           0x000083a1   Thumb Code    62  at_udp.o(i.udp_get_socket)
    udp_init                                 0x000083e5   Thumb Code    18  at_udp.o(i.udp_init)
    udp_open                                 0x000083fd   Thumb Code    96  at_udp.o(i.udp_open)
    udp_process                              0x00008491   Thumb Code   178  at_udp.o(i.udp_process)
    udp_release_socket                       0x00008549   Thumb Code    44  at_udp.o(i.udp_release_socket)
    udp_send                                 0x00008579   Thumb Code   280  at_udp.o(i.udp_send)
    _get_lc_ctype                            0x000089c5   Thumb Code    44  lc_ctype_c.o(locale$$code)
    _NFILE                                   0x000089f0   Data           2  file_config.o(.constdata)
    _NDRV                                    0x000089f2   Data           2  file_config.o(.constdata)
    fat_ncache                               0x000089f4   Data          12  file_config.o(.constdata)
    mc0_drv                                  0x00008a00   Data          24  file_config.o(.constdata)
    fs_DevPool                               0x00008a18   Data           8  file_config.o(.constdata)
    spi0_drv                                 0x00008a20   Data          32  spi_lpc17xx.o(.constdata)
    FileMD                                   0x00008a50   Data           4  web.o(.constdata)
    FileTab                                  0x00056f74   Data          48  web.o(.constdata)
    nlocalm                                  0x00056fa4   Data          60  net_config.o(.constdata)
    sys_config                               0x00056fe0   Data          16  net_config.o(.constdata)
    arp_config                               0x00056ff0   Data          12  net_config.o(.constdata)
    dhcp_config                              0x00056ffc   Data           8  net_config.o(.constdata)
    udp_config                               0x00057004   Data           8  net_config.o(.constdata)
    tcp_config                               0x0005700c   Data          24  net_config.o(.constdata)
    http_config                              0x00057024   Data          24  net_config.o(.constdata)
    IP_Broadcast                             0x0005704c   Data           4  at_ip.o(.constdata)
    MAC_Broadcast                            0x00057150   Data           6  at_ethernet.o(.constdata)
    http_err_401                             0x0005760a   Data          86  http_err.o(.constdata)
    http_err_403                             0x00057660   Data          81  http_err.o(.constdata)
    http_err_404                             0x000576b1   Data          78  http_err.o(.constdata)
    http_err_501                             0x000576ff   Data          75  http_err.o(.constdata)
    http_err_head                            0x0005774a   Data          47  http_err.o(.constdata)
    http_err_foot                            0x00057779   Data         136  http_err.o(.constdata)
    Region$$Table$$Base                      0x0005785c   Number         0  anon$$obj.o(Region$$Table)
    Region$$Table$$Limit                     0x0005789c   Number         0  anon$$obj.o(Region$$Table)
    __ctype                                  0x000578a9   Data           0  lc_ctype_c.o(locale$$data)
    LEDrun                                   0x10000000   Data           4  main.o(.data)
    show_update                              0x10000004   Data           4  main.o(.data)
    tick                                     0x10000008   Data           4  main.o(.data)
    dhcp_tout                                0x1000000c   Data           4  main.o(.data)
    lcd_text                                 0x10000010   Data          34  main.o(.data)
    SystemCoreClock                          0x10000034   Data           4  system_lpc17xx.o(.data)
    lhost_name                               0x10000039   Data          16  net_config.o(.data)
    own_hw_adr                               0x10000049   Data           6  net_config.o(.data)
    _iob                                     0x1000007c   Data         288  file_config.o(.bss)
    localm                                   0x1000498c   Data          60  at_system.o(.bss)
    sys_control                              0x100049c8   Data          16  at_system.o(.bss)
    __libspace_start                         0x100049d8   Data          96  libspace.o(.bss)
    __temporary_stack_top$libspace           0x10004a38   Data           0  libspace.o(.bss)
    iap_entry                                0x2007c000   Data           4  emac_lpc17xx.o(.data)



==============================================================================

Memory Map of the image

  Image Entry point : 0x000000cd

  Load Region LR_IROM1 (Base: 0x00000000, Size: 0x00057a30, Max: 0x00080000, ABSOLUTE)

    Execution Region ER_IROM1 (Base: 0x00000000, Size: 0x000579ac, Max: 0x00080000, ABSOLUTE)

    Base Addr    Size         Type   Attr      Idx    E Section Name        Object

    0x00000000   0x000000cc   Data   RO          579    RESET               startup_lpc17xx.o
    0x000000cc   0x00000008   Code   RO         1631  * !!!main             c_w.l(__main.o)
    0x000000d4   0x00000034   Code   RO         1965    !!!scatter          c_w.l(__scatter.o)
    0x00000108   0x0000001a   Code   RO         1967    !!handler_copy      c_w.l(__scatter_copy.o)
    0x00000122   0x00000002   PAD
    0x00000124   0x0000001c   Code   RO         1969    !!handler_zi        c_w.l(__scatter_zi.o)
    0x00000140   0x00000000   Code   RO         1602    .ARM.Collect$$_printf_percent$$00000000  c_w.l(_printf_percent.o)
    0x00000140   0x00000006   Code   RO         1599    .ARM.Collect$$_printf_percent$$00000001  c_w.l(_printf_n.o)
    0x00000146   0x00000006   Code   RO         1600    .ARM.Collect$$_printf_percent$$00000002  c_w.l(_printf_p.o)
    0x0000014c   0x00000006   Code   RO         1601    .ARM.Collect$$_printf_percent$$00000009  c_w.l(_printf_d.o)
    0x00000152   0x00000006   Code   RO         1597    .ARM.Collect$$_printf_percent$$00000013  c_w.l(_printf_c.o)
    0x00000158   0x00000006   Code   RO         1598    .ARM.Collect$$_printf_percent$$00000014  c_w.l(_printf_s.o)
    0x0000015e   0x00000004   Code   RO         1709    .ARM.Collect$$_printf_percent$$00000017  c_w.l(_printf_percent_end.o)
    0x00000162   0x00000002   Code   RO         1842    .ARM.Collect$$libinit$$00000000  c_w.l(libinit.o)
    0x00000164   0x00000000   Code   RO         1844    .ARM.Collect$$libinit$$00000002  c_w.l(libinit2.o)
    0x00000164   0x00000000   Code   RO         1846    .ARM.Collect$$libinit$$00000004  c_w.l(libinit2.o)
    0x00000164   0x00000000   Code   RO         1849    .ARM.Collect$$libinit$$0000000A  c_w.l(libinit2.o)
    0x00000164   0x00000000   Code   RO         1851    .ARM.Collect$$libinit$$0000000C  c_w.l(libinit2.o)
    0x00000164   0x00000000   Code   RO         1853    .ARM.Collect$$libinit$$0000000E  c_w.l(libinit2.o)
    0x00000164   0x00000006   Code   RO         1854    .ARM.Collect$$libinit$$0000000F  c_w.l(libinit2.o)
    0x0000016a   0x00000000   Code   RO         1856    .ARM.Collect$$libinit$$00000011  c_w.l(libinit2.o)
    0x0000016a   0x0000000c   Code   RO         1857    .ARM.Collect$$libinit$$00000012  c_w.l(libinit2.o)
    0x00000176   0x00000000   Code   RO         1858    .ARM.Collect$$libinit$$00000013  c_w.l(libinit2.o)
    0x00000176   0x00000000   Code   RO         1860    .ARM.Collect$$libinit$$00000015  c_w.l(libinit2.o)
    0x00000176   0x00000000   Code   RO         1862    .ARM.Collect$$libinit$$00000017  c_w.l(libinit2.o)
    0x00000176   0x00000000   Code   RO         1864    .ARM.Collect$$libinit$$00000019  c_w.l(libinit2.o)
    0x00000176   0x00000000   Code   RO         1866    .ARM.Collect$$libinit$$0000001B  c_w.l(libinit2.o)
    0x00000176   0x00000000   Code   RO         1868    .ARM.Collect$$libinit$$0000001D  c_w.l(libinit2.o)
    0x00000176   0x00000000   Code   RO         1870    .ARM.Collect$$libinit$$0000001F  c_w.l(libinit2.o)
    0x00000176   0x00000000   Code   RO         1872    .ARM.Collect$$libinit$$00000021  c_w.l(libinit2.o)
    0x00000176   0x00000000   Code   RO         1874    .ARM.Collect$$libinit$$00000023  c_w.l(libinit2.o)
    0x00000176   0x00000000   Code   RO         1876    .ARM.Collect$$libinit$$00000025  c_w.l(libinit2.o)
    0x00000176   0x00000000   Code   RO         1880    .ARM.Collect$$libinit$$0000002C  c_w.l(libinit2.o)
    0x00000176   0x00000000   Code   RO         1882    .ARM.Collect$$libinit$$0000002E  c_w.l(libinit2.o)
    0x00000176   0x00000000   Code   RO         1884    .ARM.Collect$$libinit$$00000030  c_w.l(libinit2.o)
    0x00000176   0x00000000   Code   RO         1886    .ARM.Collect$$libinit$$00000032  c_w.l(libinit2.o)
    0x00000176   0x00000002   Code   RO         1887    .ARM.Collect$$libinit$$00000033  c_w.l(libinit2.o)
    0x00000178   0x00000002   Code   RO         1951    .ARM.Collect$$libshutdown$$00000000  c_w.l(libshutdown.o)
    0x0000017a   0x00000000   Code   RO         1889    .ARM.Collect$$libshutdown$$00000002  c_w.l(libshutdown2.o)
    0x0000017a   0x00000000   Code   RO         1891    .ARM.Collect$$libshutdown$$00000004  c_w.l(libshutdown2.o)
    0x0000017a   0x00000000   Code   RO         1894    .ARM.Collect$$libshutdown$$00000007  c_w.l(libshutdown2.o)
    0x0000017a   0x00000000   Code   RO         1897    .ARM.Collect$$libshutdown$$0000000A  c_w.l(libshutdown2.o)
    0x0000017a   0x00000000   Code   RO         1899    .ARM.Collect$$libshutdown$$0000000C  c_w.l(libshutdown2.o)
    0x0000017a   0x00000000   Code   RO         1902    .ARM.Collect$$libshutdown$$0000000F  c_w.l(libshutdown2.o)
    0x0000017a   0x00000002   Code   RO         1903    .ARM.Collect$$libshutdown$$00000010  c_w.l(libshutdown2.o)
    0x0000017c   0x00000000   Code   RO         1633    .ARM.Collect$$rtentry$$00000000  c_w.l(__rtentry.o)
    0x0000017c   0x00000000   Code   RO         1727    .ARM.Collect$$rtentry$$00000002  c_w.l(__rtentry2.o)
    0x0000017c   0x00000006   Code   RO         1739    .ARM.Collect$$rtentry$$00000004  c_w.l(__rtentry4.o)
    0x00000182   0x00000000   Code   RO         1729    .ARM.Collect$$rtentry$$00000009  c_w.l(__rtentry2.o)
    0x00000182   0x00000004   Code   RO         1730    .ARM.Collect$$rtentry$$0000000A  c_w.l(__rtentry2.o)
    0x00000186   0x00000000   Code   RO         1732    .ARM.Collect$$rtentry$$0000000C  c_w.l(__rtentry2.o)
    0x00000186   0x00000008   Code   RO         1733    .ARM.Collect$$rtentry$$0000000D  c_w.l(__rtentry2.o)
    0x0000018e   0x00000002   Code   RO         1904    .ARM.Collect$$rtexit$$00000000  c_w.l(rtexit.o)
    0x00000190   0x00000000   Code   RO         1927    .ARM.Collect$$rtexit$$00000002  c_w.l(rtexit2.o)
    0x00000190   0x00000004   Code   RO         1928    .ARM.Collect$$rtexit$$00000003  c_w.l(rtexit2.o)
    0x00000194   0x00000006   Code   RO         1929    .ARM.Collect$$rtexit$$00000004  c_w.l(rtexit2.o)
    0x0000019a   0x00000002   PAD
    0x0000019c   0x00000040   Code   RO          581    .text               startup_lpc17xx.o
    0x000001dc   0x00000002   Code   RO         1538    .text               c_w.l(use_no_semi.o)
    0x000001de   0x00000002   PAD
    0x000001e0   0x0000002c   Code   RO         1542    .text               c_w.l(__2sprintf.o)
    0x0000020c   0x0000004e   Code   RO         1548    .text               c_w.l(_printf_pad.o)
    0x0000025a   0x00000052   Code   RO         1550    .text               c_w.l(_printf_str.o)
    0x000002ac   0x00000028   Code   RO         1554    .text               c_w.l(_printf_charcount.o)
    0x000002d4   0x0000001a   Code   RO         1607    .text               c_w.l(atoi.o)
    0x000002ee   0x00000006   Code   RO         1629    .text               c_w.l(heapauxi.o)
    0x000002f4   0x00000008   Code   RO         1641    .text               c_w.l(rt_errno_addr_intlibspace.o)
    0x000002fc   0x00000004   Code   RO          580    .ARM.__at_0x02FC    startup_lpc17xx.o
    0x00000300   0x00000078   Code   RO         1552    .text               c_w.l(_printf_dec.o)
    0x00000378   0x00000054   Code   RO         1565    .text               c_w.l(_printf_hex_ptr.o)
    0x000003cc   0x00000188   Code   RO         1594    .text               c_w.l(__printf_flags_ss_wp.o)
    0x00000554   0x0000003c   Code   RO         1603    .text               c_w.l(__0sscanf.o)
    0x00000590   0x0000014c   Code   RO         1605    .text               c_w.l(_scanf_int.o)
    0x000006dc   0x0000004c   Code   RO         1609    .text               c_w.l(fclose.o)
    0x00000728   0x00000032   Code   RO         1613    .text               c_w.l(strncasecmp.o)
    0x0000075a   0x0000003e   Code   RO         1615    .text               c_w.l(strlen.o)
    0x00000798   0x0000008a   Code   RO         1617    .text               c_w.l(rt_memcpy_v6.o)
    0x00000822   0x00000064   Code   RO         1619    .text               c_w.l(rt_memcpy_w.o)
    0x00000886   0x00000044   Code   RO         1623    .text               c_w.l(rt_memclr.o)
    0x000008ca   0x0000004e   Code   RO         1625    .text               c_w.l(rt_memclr_w.o)
    0x00000918   0x00000080   Code   RO         1627    .text               c_w.l(strcmpv7m.o)
    0x00000998   0x0000004e   Code   RO         1645    .text               c_w.l(h1_free.o)
    0x000009e6   0x0000001a   Code   RO         1699    .text               c_w.l(tolower.o)
    0x00000a00   0x000000b2   Code   RO         1701    .text               c_w.l(_printf_intcommon.o)
    0x00000ab2   0x00000002   PAD
    0x00000ab4   0x00000030   Code   RO         1703    .text               c_w.l(_printf_char_common.o)
    0x00000ae4   0x0000000a   Code   RO         1705    .text               c_w.l(_sputc.o)
    0x00000aee   0x0000002c   Code   RO         1707    .text               c_w.l(_printf_char.o)
    0x00000b1a   0x0000001c   Code   RO         1710    .text               c_w.l(_chval.o)
    0x00000b36   0x00000002   PAD
    0x00000b38   0x0000002c   Code   RO         1712    .text               c_w.l(scanf_char.o)
    0x00000b64   0x00000040   Code   RO         1714    .text               c_w.l(_sgetc.o)
    0x00000ba4   0x00000070   Code   RO         1716    .text               c_w.l(strtol.o)
    0x00000c14   0x000000f0   Code   RO         1718    .text               c_w.l(stdio.o)
    0x00000d04   0x00000008   Code   RO         1721    .text               c_w.l(libspace.o)
    0x00000d0c   0x00000010   Code   RO         1741    .text               c_w.l(rt_ctype_table.o)
    0x00000d1c   0x00000008   Code   RO         1748    .text               c_w.l(rt_heap_descriptor_intlibspace.o)
    0x00000d24   0x00000012   Code   RO         1772    .text               c_w.l(isspace.o)
    0x00000d36   0x00000002   PAD
    0x00000d38   0x00000374   Code   RO         1776    .text               c_w.l(_scanf.o)
    0x000010ac   0x0000009e   Code   RO         1778    .text               c_w.l(_strtoul.o)
    0x0000114a   0x0000004a   Code   RO         1784    .text               c_w.l(sys_stackheap_outer.o)
    0x00001194   0x00000008   Code   RO         1789    .text               c_w.l(rt_locale_intlibspace.o)
    0x0000119c   0x00000012   Code   RO         1818    .text               c_w.l(exit.o)
    0x000011ae   0x00000002   PAD
    0x000011b0   0x00000030   Code   RO          341    i.BusSpeed          spi_lpc17xx.o
    0x000011e0   0x00000018   Code   RO          342    i.CheckMedia        spi_lpc17xx.o
    0x000011f8   0x000000b8   Code   RO          702    i.ENET_IRQHandler   emac_lpc17xx.o
    0x000012b0   0x000000b4   Code   RO          343    i.Init              spi_lpc17xx.o
    0x00001364   0x0000003c   Code   RO          451    i.LED_out           main.o
    0x000013a0   0x00000034   Code   RO          344    i.RecBuf            spi_lpc17xx.o
    0x000013d4   0x0000004c   Code   RO          420    i.SER_Init          serial.o
    0x00001420   0x00000018   Code   RO          421    i.SER_PutChar       serial.o
    0x00001438   0x00000020   Code   RO          345    i.Send              spi_lpc17xx.o
    0x00001458   0x00000044   Code   RO          346    i.SendBuf           spi_lpc17xx.o
    0x0000149c   0x00000020   Code   RO          347    i.SetSS             spi_lpc17xx.o
    0x000014bc   0x00000140   Code   RO          541    i.SystemInit        system_lpc17xx.o
    0x000015fc   0x00000070   Code   RO          348    i.UnInit            spi_lpc17xx.o
    0x0000166c   0x00000054   Code   RO          795    i.__sys_close       FS_CM3.lib(fs_sys.o)
    0x000016c0   0x0000004c   Code   RO          800    i.__sys_seek        FS_CM3.lib(fs_sys.o)
    0x0000170c   0x00000058   Code   RO          801    i.__sys_write       FS_CM3.lib(fs_sys.o)
    0x00001764   0x0000000e   Code   RO         1587    i._is_digit         c_w.l(__printf_wp.o)
    0x00001772   0x00000016   Code   RO          227    i._sys_close        retarget.o
    0x00001788   0x00000004   Code   RO          230    i._sys_exit         retarget.o
    0x0000178c   0x0000001c   Code   RO          235    i._sys_seek         retarget.o
    0x000017a8   0x00000042   Code   RO          237    i._sys_write        retarget.o
    0x000017ea   0x00000002   PAD
    0x000017ec   0x00000034   Code   RO         1029    i.add_server_id     TCP_CM3.lib(at_http.o)
    0x00001820   0x000000b8   Code   RO         1222    i.alloc_mem         TCP_CM3.lib(at_mem.o)
    0x000018d8   0x000000b8   Code   RO         1456    i.arp_cache_add     TCP_CM3.lib(at_arp.o)
    0x00001990   0x00000088   Code   RO         1457    i.arp_cache_alloc   TCP_CM3.lib(at_arp.o)
    0x00001a18   0x00000098   Code   RO         1458    i.arp_cache_early   TCP_CM3.lib(at_arp.o)
    0x00001ab0   0x000000b4   Code   RO         1459    i.arp_cache_find    TCP_CM3.lib(at_arp.o)
    0x00001b64   0x000000f4   Code   RO         1462    i.arp_cache_update  TCP_CM3.lib(at_arp.o)
    0x00001c58   0x0000002c   Code   RO         1465    i.arp_init          TCP_CM3.lib(at_arp.o)
    0x00001c84   0x00000034   Code   RO         1466    i.arp_is_cacheable  TCP_CM3.lib(at_arp.o)
    0x00001cb8   0x00000028   Code   RO         1467    i.arp_notify        TCP_CM3.lib(at_arp.o)
    0x00001ce0   0x00000014   Code   RO         1468    i.arp_probe         TCP_CM3.lib(at_arp.o)
    0x00001cf4   0x00000088   Code   RO         1469    i.arp_proc_response  TCP_CM3.lib(at_arp.o)
    0x00001d7c   0x00000138   Code   RO         1470    i.arp_process       TCP_CM3.lib(at_arp.o)
    0x00001eb4   0x000000a0   Code   RO         1471    i.arp_send_reply    TCP_CM3.lib(at_arp.o)
    0x00001f54   0x000000b8   Code   RO         1472    i.arp_send_request  TCP_CM3.lib(at_arp.o)
    0x0000200c   0x0000001c   Code   RO         1223    i.avail_mem         TCP_CM3.lib(at_mem.o)
    0x00002028   0x00000078   Code   RO         1167    i.b64_to_asc        TCP_CM3.lib(at_lib.o)
    0x000020a0   0x000000b0   Code   RO         1258    i.bs_read           FS_CM3.lib(fs_fat.o)
    0x00002150   0x00000092   Code   RO         1260    i.cache_fat         FS_CM3.lib(fs_fat.o)
    0x000021e2   0x00000012   Code   RO         1169    i.calc_chksum16be   TCP_CM3.lib(at_lib.o)
    0x000021f4   0x000000e0   Code   RO          599    i.cgi_func          http_cgi.o
    0x000022d4   0x00000144   Code   RO          600    i.cgi_process_data  http_cgi.o
    0x00002418   0x00000194   Code   RO          601    i.cgi_process_var   http_cgi.o
    0x000025ac   0x00000004   Code   RO         1030    i.cgx_content_type  TCP_CM3.lib(at_http.o)
    0x000025b0   0x00000060   Code   RO         1261    i.char_validate     FS_CM3.lib(fs_fat.o)
    0x00002610   0x000001cc   Code   RO         1031    i.chk_post_req      TCP_CM3.lib(at_http.o)
    0x000027dc   0x00000028   Code   RO         1170    i.chksum16_buf      TCP_CM3.lib(at_lib.o)
    0x00002804   0x0000000a   Code   RO         1171    i.chksum16_val      TCP_CM3.lib(at_lib.o)
    0x0000280e   0x00000024   Code   RO         1263    i.clus_to_sect      FS_CM3.lib(fs_fat.o)
    0x00002832   0x0000001e   Code   RO         1032    i.cmp_fname_ext     TCP_CM3.lib(at_http.o)
    0x00002850   0x00000028   Code   RO         1033    i.cmp_header        TCP_CM3.lib(at_http.o)
    0x00002878   0x0000010a   Code   RO         1264    i.count_free_clus   FS_CM3.lib(fs_fat.o)
    0x00002982   0x00000002   Code   RO         1121    i.dhcp_cbfunc       TCP_CM3.lib(at_dhcp.o)
    0x00002984   0x0000010c   Code   RO          453    i.dhcp_check        main.o
    0x00002a90   0x0000003c   Code   RO         1122    i.dhcp_disable      TCP_CM3.lib(at_dhcp.o)
    0x00002acc   0x00000050   Code   RO         1123    i.dhcp_init         TCP_CM3.lib(at_dhcp.o)
    0x00002b1c   0x000001fc   Code   RO         1124    i.dhcp_listener     TCP_CM3.lib(at_dhcp.o)
    0x00002d18   0x000001c4   Code   RO         1125    i.dhcp_run_client   TCP_CM3.lib(at_dhcp.o)
    0x00002edc   0x00000210   Code   RO         1126    i.dhcp_send_message  TCP_CM3.lib(at_dhcp.o)
    0x000030ec   0x00000004   Code   RO            7    i.efs_ffind         file_config.o
    0x000030f0   0x00000002   Code   RO           11    i.efs_fsize         file_config.o
    0x000030f2   0x00000004   Code   RO           14    i.efs_seek          file_config.o
    0x000030f6   0x00000004   Code   RO           15    i.efs_wclose        file_config.o
    0x000030fa   0x00000004   Code   RO           16    i.efs_write         file_config.o
    0x000030fe   0x00000004   Code   RO           17    i.elink_cmd         file_config.o
    0x00003102   0x00000004   Code   RO           19    i.elink_flush       file_config.o
    0x00003106   0x00000004   Code   RO           20    i.elink_init        file_config.o
    0x0000310a   0x00000004   Code   RO           21    i.elink_init_path   file_config.o
    0x0000310e   0x00000004   Code   RO           22    i.elink_insert      file_config.o
    0x00003112   0x00000004   Code   RO           23    i.elink_scan        file_config.o
    0x00003116   0x00000028   Code   RO         1268    i.entry_flush       FS_CM3.lib(fs_fat.o)
    0x0000313e   0x00000032   Code   RO         1269    i.entry_pos_comp    FS_CM3.lib(fs_fat.o)
    0x00003170   0x00000058   Code   RO         1270    i.entry_pos_set     FS_CM3.lib(fs_fat.o)
    0x000031c8   0x00000036   Code   RO         1271    i.entry_read        FS_CM3.lib(fs_fat.o)
    0x000031fe   0x0000002e   Code   RO         1272    i.entry_type        FS_CM3.lib(fs_fat.o)
    0x0000322c   0x00000010   Code   RO         1146    i.eth_chk_adr       TCP_CM3.lib(at_ethernet.o)
    0x0000323c   0x00000034   Code   RO         1148    i.eth_init_link     TCP_CM3.lib(at_ethernet.o)
    0x00003270   0x000000d4   Code   RO         1149    i.eth_run_link      TCP_CM3.lib(at_ethernet.o)
    0x00003344   0x000000a8   Code   RO         1150    i.eth_send_frame    TCP_CM3.lib(at_ethernet.o)
    0x000033ec   0x000000d8   Code   RO         1274    i.fat_close         FS_CM3.lib(fs_fat.o)
    0x000034c4   0x00000030   Code   RO         1275    i.fat_crc32         FS_CM3.lib(fs_fat.o)
    0x000034f4   0x000000f2   Code   RO         1277    i.fat_ffind         FS_CM3.lib(fs_fat.o)
    0x000035e6   0x00000152   Code   RO         1280    i.fat_init          FS_CM3.lib(fs_fat.o)
    0x00003738   0x00000004   Code   RO           24    i.fat_jour_init     file_config.o
    0x0000373c   0x000000b6   Code   RO         1287    i.fat_seek          FS_CM3.lib(fs_fat.o)
    0x000037f2   0x00000124   Code   RO         1288    i.fat_write         FS_CM3.lib(fs_fat.o)
    0x00003916   0x00000002   PAD
    0x00003918   0x000001c0   Code   RO          820    i.ffind             FS_CM3.lib(fs_mapi.o)
    0x00003ad8   0x0000007c   Code   RO          824    i.finit             FS_CM3.lib(fs_mapi.o)
    0x00003b54   0x0000022c   Code   RO         1292    i.frec_find         FS_CM3.lib(fs_fat.o)
    0x00003d80   0x00000058   Code   RO         1293    i.frec_find_elink   FS_CM3.lib(fs_fat.o)
    0x00003dd8   0x00000110   Code   RO         1294    i.frec_next         FS_CM3.lib(fs_fat.o)
    0x00003ee8   0x00000084   Code   RO         1224    i.free_mem          TCP_CM3.lib(at_mem.o)
    0x00003f6c   0x00000070   Code   RO          826    i.fs_cfg_drv        FS_CM3.lib(fs_mapi.o)
    0x00003fdc   0x0000002e   Code   RO         1431    i.fs_chk_media      FS_CM3.lib(fs_lib.o)
    0x0000400a   0x00000002   PAD
    0x0000400c   0x0000002c   Code   RO           26    i.fs_config         file_config.o
    0x00004038   0x0000002c   Code   RO         1435    i.fs_find_drv       FS_CM3.lib(fs_lib.o)
    0x00004064   0x00000038   Code   RO         1436    i.fs_find_iob       FS_CM3.lib(fs_lib.o)
    0x0000409c   0x00000008   Code   RO         1526    i.fs_get_date       FS_CM3.lib(fs_time.o)
    0x000040a4   0x00000006   Code   RO         1527    i.fs_get_time       FS_CM3.lib(fs_time.o)
    0x000040aa   0x00000002   PAD
    0x000040ac   0x00000078   Code   RO         1437    i.fs_map_drive      FS_CM3.lib(fs_lib.o)
    0x00004124   0x00000018   Code   RO         1439    i.fs_strpos         FS_CM3.lib(fs_lib.o)
    0x0000413c   0x00000080   Code   RO         1295    i.fsinfo_read       FS_CM3.lib(fs_fat.o)
    0x000041bc   0x00000064   Code   RO         1296    i.fsinfo_write      FS_CM3.lib(fs_fat.o)
    0x00004220   0x00000004   Code   RO           29    i.fsj_write         file_config.o
    0x00004224   0x000000a0   Code   RO          454    i.getSDData         main.o
    0x000042c4   0x00000022   Code   RO         1297    i.get_EOC           FS_CM3.lib(fs_fat.o)
    0x000042e6   0x00000002   PAD
    0x000042e8   0x00000024   Code   RO          455    i.get_button        main.o
    0x0000430c   0x00000028   Code   RO         1173    i.get_crc32         TCP_CM3.lib(at_lib.o)
    0x00004334   0x0000002e   Code   RO         1299    i.get_date          FS_CM3.lib(fs_fat.o)
    0x00004362   0x00000032   Code   RO         1300    i.get_fat_sect      FS_CM3.lib(fs_fat.o)
    0x00004394   0x00000068   Code   RO         1034    i.get_file_type     TCP_CM3.lib(at_http.o)
    0x000043fc   0x000000dc   Code   RO         1302    i.get_free_clus     FS_CM3.lib(fs_fat.o)
    0x000044d8   0x00000028   Code   RO         1035    i.get_next_field    TCP_CM3.lib(at_http.o)
    0x00004500   0x00000032   Code   RO         1036    i.get_next_par      TCP_CM3.lib(at_http.o)
    0x00004532   0x00000002   PAD
    0x00004534   0x0000001c   Code   RO         1242    i.get_rnd32         TCP_CM3.lib(at_system.o)
    0x00004550   0x0000002e   Code   RO         1304    i.get_time          FS_CM3.lib(fs_fat.o)
    0x0000457e   0x0000000a   Code   RO         1305    i.get_u16           FS_CM3.lib(fs_fat.o)
    0x00004588   0x00000016   Code   RO         1306    i.get_u32           FS_CM3.lib(fs_fat.o)
    0x0000459e   0x00000012   Code   RO         1037    i.hex2byte          TCP_CM3.lib(at_http.o)
    0x000045b0   0x00000004   Code   RO         1038    i.http_accept_host  TCP_CM3.lib(at_http.o)
    0x000045b4   0x000002fc   Code   RO         1039    i.http_add_header   TCP_CM3.lib(at_http.o)
    0x000048b0   0x00000004   Code   RO         1040    i.http_check_account  TCP_CM3.lib(at_http.o)
    0x000048b4   0x00000004   Code   RO         1042    i.http_encoding     TCP_CM3.lib(at_http.o)
    0x000048b8   0x00000188   Code   RO         1043    i.http_error_msg    TCP_CM3.lib(at_http.o)
    0x00004a40   0x00000002   Code   RO         1510    i.http_fclose       TCP_CM3.lib(at_http_uif.o)
    0x00004a42   0x00000004   Code   RO         1511    i.http_fgets        TCP_CM3.lib(at_http_uif.o)
    0x00004a46   0x00000004   Code   RO         1044    i.http_file_access  TCP_CM3.lib(at_http.o)
    0x00004a4a   0x00000004   Code   RO         1512    i.http_finfo        TCP_CM3.lib(at_http_uif.o)
    0x00004a4e   0x00000004   Code   RO         1513    i.http_fopen        TCP_CM3.lib(at_http_uif.o)
    0x00004a52   0x00000004   Code   RO         1514    i.http_fread        TCP_CM3.lib(at_http_uif.o)
    0x00004a56   0x00000002   PAD
    0x00004a58   0x0000006c   Code   RO         1050    i.http_get_var      TCP_CM3.lib(at_http.o)
    0x00004ac4   0x00000050   Code   RO         1051    i.http_init         TCP_CM3.lib(at_http.o)
    0x00004b14   0x0000005e   Code   RO         1052    i.http_kill_session  TCP_CM3.lib(at_http.o)
    0x00004b72   0x00000002   PAD
    0x00004b74   0x00000224   Code   RO         1053    i.http_listener     TCP_CM3.lib(at_http.o)
    0x00004d98   0x00000120   Code   RO         1054    i.http_open_file    TCP_CM3.lib(at_http.o)
    0x00004eb8   0x00000154   Code   RO         1055    i.http_proc_header  TCP_CM3.lib(at_http.o)
    0x0000500c   0x0000017c   Code   RO         1056    i.http_proc_multipart  TCP_CM3.lib(at_http.o)
    0x00005188   0x000000f8   Code   RO         1057    i.http_proc_post    TCP_CM3.lib(at_http.o)
    0x00005280   0x0000033c   Code   RO         1058    i.http_run_server   TCP_CM3.lib(at_http.o)
    0x000055bc   0x0000001e   Code   RO         1059    i.http_strcpy       TCP_CM3.lib(at_http.o)
    0x000055da   0x00000002   PAD
    0x000055dc   0x000000a8   Code   RO         1060    i.http_to_utc       TCP_CM3.lib(at_http.o)
    0x00005684   0x00000010   Code   RO          908    i.icmp_init         TCP_CM3.lib(at_icmp.o)
    0x00005694   0x000000cc   Code   RO          910    i.icmp_process      TCP_CM3.lib(at_icmp.o)
    0x00005760   0x00000048   Code   RO          911    i.icmp_run_engine   TCP_CM3.lib(at_icmp.o)
    0x000057a8   0x00000070   Code   RO          912    i.icmp_send_message  TCP_CM3.lib(at_icmp.o)
    0x00005818   0x00000038   Code   RO         1225    i.ifree_mem         TCP_CM3.lib(at_mem.o)
    0x00005850   0x00000004   Code   RO          637    i.igmp_is_member    net_config.o
    0x00005854   0x00000002   Code   RO          638    i.igmp_process      net_config.o
    0x00005856   0x00000002   PAD
    0x00005858   0x00000028   Code   RO          456    i.init              main.o
    0x00005880   0x00000030   Code   RO         1243    i.init_TcpNet       TCP_CM3.lib(at_system.o)
    0x000058b0   0x000000d2   Code   RO          829    i.init_drv          FS_CM3.lib(fs_mapi.o)
    0x00005982   0x00000002   PAD
    0x00005984   0x00000238   Code   RO          703    i.init_ethernet     emac_lpc17xx.o
    0x00005bbc   0x0000007c   Code   RO          457    i.init_io           main.o
    0x00005c38   0x00000060   Code   RO         1226    i.init_mem          TCP_CM3.lib(at_mem.o)
    0x00005c98   0x00000026   Code   RO          639    i.init_system       net_config.o
    0x00005cbe   0x00000002   PAD
    0x00005cc0   0x00000038   Code   RO          704    i.input_MDIO        emac_lpc17xx.o
    0x00005cf8   0x00000018   Code   RO          705    i.int_disable_eth   emac_lpc17xx.o
    0x00005d10   0x00000016   Code   RO          706    i.int_enable_eth    emac_lpc17xx.o
    0x00005d26   0x00000002   PAD
    0x00005d28   0x000000c8   Code   RO          888    i.ip_chk_frame      TCP_CM3.lib(at_ip.o)
    0x00005df0   0x0000000a   Code   RO          889    i.ip_get_chksum     TCP_CM3.lib(at_ip.o)
    0x00005dfa   0x00000002   PAD
    0x00005dfc   0x000000b8   Code   RO          890    i.ip_get_locadr     TCP_CM3.lib(at_ip.o)
    0x00005eb4   0x0000000c   Code   RO          891    i.ip_init           TCP_CM3.lib(at_ip.o)
    0x00005ec0   0x0000005c   Code   RO          892    i.ip_run_local      TCP_CM3.lib(at_ip.o)
    0x00005f1c   0x00000150   Code   RO          893    i.ip_send_frame     TCP_CM3.lib(at_ip.o)
    0x0000606c   0x00000034   Code   RO         1307    i.is_EOC            FS_CM3.lib(fs_fat.o)
    0x000060a0   0x00000014   Code   RO         1174    i.is_subnet         TCP_CM3.lib(at_lib.o)
    0x000060b4   0x0000002c   Code   RO          458    i.main              main.o
    0x000060e0   0x00000064   Code   RO         1244    i.main_TcpNet       TCP_CM3.lib(at_system.o)
    0x00006144   0x0000000c   Code   RO           30    i.mc0_DevCtrl       file_config.o
    0x00006150   0x0000000c   Code   RO           31    i.mc0_Init          file_config.o
    0x0000615c   0x0000000c   Code   RO           32    i.mc0_RdInfo        file_config.o
    0x00006168   0x0000000c   Code   RO           33    i.mc0_RdSect        file_config.o
    0x00006174   0x0000000c   Code   RO           34    i.mc0_UnInit        file_config.o
    0x00006180   0x0000000c   Code   RO           35    i.mc0_WrSect        file_config.o
    0x0000618c   0x00000018   Code   RO         1175    i.mem_comp          TCP_CM3.lib(at_lib.o)
    0x000061a4   0x00000016   Code   RO         1176    i.mem_copy          TCP_CM3.lib(at_lib.o)
    0x000061ba   0x00000020   Code   RO         1177    i.mem_crc32         TCP_CM3.lib(at_lib.o)
    0x000061da   0x0000000a   Code   RO         1179    i.mem_set           TCP_CM3.lib(at_lib.o)
    0x000061e4   0x00000014   Code   RO         1180    i.mem_test          TCP_CM3.lib(at_lib.o)
    0x000061f8   0x00000024   Code   RO          855    i.mmc_DevCtrl       FS_CM3.lib(fs_mmc.o)
    0x0000621c   0x00000212   Code   RO          856    i.mmc_Init          FS_CM3.lib(fs_mmc.o)
    0x0000642e   0x0000005e   Code   RO          857    i.mmc_ReadInfo      FS_CM3.lib(fs_mmc.o)
    0x0000648c   0x00000058   Code   RO          858    i.mmc_ReadSector    FS_CM3.lib(fs_mmc.o)
    0x000064e4   0x00000018   Code   RO          859    i.mmc_UnInit        FS_CM3.lib(fs_mmc.o)
    0x000064fc   0x0000005c   Code   RO          860    i.mmc_WriteSector   FS_CM3.lib(fs_mmc.o)
    0x00006558   0x000000a2   Code   RO          861    i.mmc_command       FS_CM3.lib(fs_mmc.o)
    0x000065fa   0x00000086   Code   RO          862    i.mmc_fill_cid      FS_CM3.lib(fs_mmc.o)
    0x00006680   0x00000070   Code   RO          863    i.mmc_read_block    FS_CM3.lib(fs_mmc.o)
    0x000066f0   0x0000003c   Code   RO          864    i.mmc_read_cid      FS_CM3.lib(fs_mmc.o)
    0x0000672c   0x000000dc   Code   RO          865    i.mmc_read_csd      FS_CM3.lib(fs_mmc.o)
    0x00006808   0x00000050   Code   RO          866    i.mmc_read_info     FS_CM3.lib(fs_mmc.o)
    0x00006858   0x00000094   Code   RO          867    i.mmc_write_block   FS_CM3.lib(fs_mmc.o)
    0x000068ec   0x0000007a   Code   RO         1318    i.name_analyse      FS_CM3.lib(fs_fat.o)
    0x00006966   0x00000008   Code   RO         1320    i.name_hash         FS_CM3.lib(fs_fat.o)
    0x0000696e   0x00000052   Code   RO         1322    i.name_strip        FS_CM3.lib(fs_fat.o)
    0x000069c0   0x00000028   Code   RO         1109    i.nbns_init         TCP_CM3.lib(at_nbns.o)
    0x000069e8   0x00000160   Code   RO         1110    i.nbns_listener     TCP_CM3.lib(at_nbns.o)
    0x00006b48   0x00000016   Code   RO         1182    i.nrd_u32be         TCP_CM3.lib(at_lib.o)
    0x00006b5e   0x00000008   Code   RO         1183    i.nwr_u16be         TCP_CM3.lib(at_lib.o)
    0x00006b66   0x00000010   Code   RO         1184    i.nwr_u32be         TCP_CM3.lib(at_lib.o)
    0x00006b76   0x00000002   PAD
    0x00006b78   0x0000004c   Code   RO          707    i.output_MDIO       emac_lpc17xx.o
    0x00006bc4   0x000000ac   Code   RO         1324    i.path_open         FS_CM3.lib(fs_fat.o)
    0x00006c70   0x00000004   Code   RO          640    i.ppp_send_frame    net_config.o
    0x00006c74   0x00000068   Code   RO         1127    i.proc_opt_renew    TCP_CM3.lib(at_dhcp.o)
    0x00006cdc   0x000000e0   Code   RO         1128    i.proc_opt_req      TCP_CM3.lib(at_dhcp.o)
    0x00006dbc   0x00000034   Code   RO         1129    i.proc_opt_sel      TCP_CM3.lib(at_dhcp.o)
    0x00006df0   0x00000028   Code   RO         1061    i.proc_req_line     TCP_CM3.lib(at_http.o)
    0x00006e18   0x00000028   Code   RO         1151    i.put_in_queue      TCP_CM3.lib(at_ethernet.o)
    0x00006e40   0x0000008c   Code   RO          708    i.read_PHY          emac_lpc17xx.o
    0x00006ecc   0x000000a0   Code   RO         1062    i.read_script_line  TCP_CM3.lib(at_http.o)
    0x00006f6c   0x00000052   Code   RO         1327    i.read_sector       FS_CM3.lib(fs_fat.o)
    0x00006fbe   0x00000002   PAD
    0x00006fc0   0x00000048   Code   RO         1227    i.resize_mem        TCP_CM3.lib(at_mem.o)
    0x00007008   0x0000001e   Code   RO          641    i.run_system        net_config.o
    0x00007026   0x00000002   PAD
    0x00007028   0x00000068   Code   RO          709    i.rx_descr_init     emac_lpc17xx.o
    0x00007090   0x0000004c   Code   RO         1063    i.search_delim      TCP_CM3.lib(at_http.o)
    0x000070dc   0x00000048   Code   RO          710    i.send_frame        emac_lpc17xx.o
    0x00007124   0x00000018   Code   RO          240    i.sendchar          retarget.o
    0x0000713c   0x00000094   Code   RO         1328    i.set_next_clus     FS_CM3.lib(fs_fat.o)
    0x000071d0   0x0000000e   Code   RO         1329    i.set_root_clus     FS_CM3.lib(fs_fat.o)
    0x000071de   0x00000008   Code   RO         1330    i.set_u16           FS_CM3.lib(fs_fat.o)
    0x000071e6   0x00000010   Code   RO         1331    i.set_u32           FS_CM3.lib(fs_fat.o)
    0x000071f6   0x00000048   Code   RO         1332    i.sfn_extract       FS_CM3.lib(fs_fat.o)
    0x0000723e   0x0000001a   Code   RO         1333    i.short_ent_hash    FS_CM3.lib(fs_fat.o)
    0x00007258   0x00000004   Code   RO          642    i.slip_send_frame   net_config.o
    0x0000725c   0x0000001e   Code   RO         1334    i.sn_chksum         FS_CM3.lib(fs_fat.o)
    0x0000727a   0x00000012   Code   RO         1185    i.str_copy          TCP_CM3.lib(at_lib.o)
    0x0000728c   0x0000001a   Code   RO         1186    i.str_crc32         TCP_CM3.lib(at_lib.o)
    0x000072a6   0x00000016   Code   RO         1187    i.str_pos           TCP_CM3.lib(at_lib.o)
    0x000072bc   0x0000001a   Code   RO         1188    i.str_scomp         TCP_CM3.lib(at_lib.o)
    0x000072d6   0x0000001a   Code   RO         1190    i.str_up_case       TCP_CM3.lib(at_lib.o)
    0x000072f0   0x00000024   Code   RO          644    i.sys_error         net_config.o
    0x00007314   0x00000050   Code   RO          925    i.tcp_abort         TCP_CM3.lib(at_tcp.o)
    0x00007364   0x0000009c   Code   RO          927    i.tcp_close         TCP_CM3.lib(at_tcp.o)
    0x00007400   0x00000020   Code   RO          930    i.tcp_get_buf       TCP_CM3.lib(at_tcp.o)
    0x00007420   0x0000004c   Code   RO          932    i.tcp_get_socket    TCP_CM3.lib(at_tcp.o)
    0x0000746c   0x00000024   Code   RO          933    i.tcp_get_state     TCP_CM3.lib(at_tcp.o)
    0x00007490   0x00000018   Code   RO          934    i.tcp_init          TCP_CM3.lib(at_tcp.o)
    0x000074a8   0x0000006c   Code   RO          936    i.tcp_listen        TCP_CM3.lib(at_tcp.o)
    0x00007514   0x00000098   Code   RO          937    i.tcp_map_socket    TCP_CM3.lib(at_tcp.o)
    0x000075ac   0x00000024   Code   RO          938    i.tcp_max_dsize     TCP_CM3.lib(at_tcp.o)
    0x000075d0   0x0000005e   Code   RO          940    i.tcp_parse_opt     TCP_CM3.lib(at_tcp.o)
    0x0000762e   0x00000002   PAD
    0x00007630   0x00000284   Code   RO          941    i.tcp_poll_sockets  TCP_CM3.lib(at_tcp.o)
    0x000078b4   0x000000c8   Code   RO          942    i.tcp_proc_acknr    TCP_CM3.lib(at_tcp.o)
    0x0000797c   0x00000052   Code   RO          943    i.tcp_proc_dupack   TCP_CM3.lib(at_tcp.o)
    0x000079ce   0x00000002   PAD
    0x000079d0   0x000004b8   Code   RO          944    i.tcp_process       TCP_CM3.lib(at_tcp.o)
    0x00007e88   0x0000001a   Code   RO          945    i.tcp_que_free      TCP_CM3.lib(at_tcp.o)
    0x00007ea2   0x0000001a   Code   RO          946    i.tcp_que_init      TCP_CM3.lib(at_tcp.o)
    0x00007ebc   0x00000094   Code   RO          947    i.tcp_que_resend    TCP_CM3.lib(at_tcp.o)
    0x00007f50   0x000000d4   Code   RO          951    i.tcp_send          TCP_CM3.lib(at_tcp.o)
    0x00008024   0x0000006a   Code   RO          952    i.tcp_send_ctrl     TCP_CM3.lib(at_tcp.o)
    0x0000808e   0x00000050   Code   RO          953    i.tcp_send_data     TCP_CM3.lib(at_tcp.o)
    0x000080de   0x00000068   Code   RO          954    i.tcp_send_reset    TCP_CM3.lib(at_tcp.o)
    0x00008146   0x00000026   Code   RO          955    i.tcp_set_cwnd      TCP_CM3.lib(at_tcp.o)
    0x0000816c   0x00000068   Code   RO          956    i.tcp_transit       TCP_CM3.lib(at_tcp.o)
    0x000081d4   0x000000c4   Code   RO          957    i.tcp_write         TCP_CM3.lib(at_tcp.o)
    0x00008298   0x00000020   Code   RO          459    i.timer_poll        main.o
    0x000082b8   0x00000014   Code   RO         1245    i.timer_tick        TCP_CM3.lib(at_system.o)
    0x000082cc   0x0000002c   Code   RO          711    i.turnaround_MDIO   emac_lpc17xx.o
    0x000082f8   0x0000005c   Code   RO          712    i.tx_descr_init     emac_lpc17xx.o
    0x00008354   0x0000002c   Code   RO          998    i.udp_close         TCP_CM3.lib(at_udp.o)
    0x00008380   0x00000020   Code   RO         1000    i.udp_get_buf       TCP_CM3.lib(at_udp.o)
    0x000083a0   0x00000044   Code   RO         1001    i.udp_get_socket    TCP_CM3.lib(at_udp.o)
    0x000083e4   0x00000018   Code   RO         1002    i.udp_init          TCP_CM3.lib(at_udp.o)
    0x000083fc   0x00000068   Code   RO         1005    i.udp_open          TCP_CM3.lib(at_udp.o)
    0x00008464   0x0000002c   Code   RO         1006    i.udp_port_in_use   TCP_CM3.lib(at_udp.o)
    0x00008490   0x000000b8   Code   RO         1007    i.udp_process       TCP_CM3.lib(at_udp.o)
    0x00008548   0x00000030   Code   RO         1008    i.udp_release_socket  TCP_CM3.lib(at_udp.o)
    0x00008578   0x0000011c   Code   RO         1009    i.udp_send          TCP_CM3.lib(at_udp.o)
    0x00008694   0x000000e0   Code   RO         1064    i.utc_to_http       TCP_CM3.lib(at_http.o)
    0x00008774   0x00000088   Code   RO          713    i.write_PHY         emac_lpc17xx.o
    0x000087fc   0x000000ae   Code   RO         1337    i.write_cache       FS_CM3.lib(fs_fat.o)
    0x000088aa   0x000000e8   Code   RO         1338    i.write_fat_link    FS_CM3.lib(fs_fat.o)
    0x00008992   0x00000030   Code   RO         1339    i.write_sector      FS_CM3.lib(fs_fat.o)
    0x000089c2   0x00000002   PAD
    0x000089c4   0x0000002c   Code   RO         1816    locale$$code        c_w.l(lc_ctype_c.o)
    0x000089f0   0x00000030   Data   RO           37    .constdata          file_config.o
    0x00008a20   0x00000020   Data   RO          349    .constdata          spi_lpc17xx.o
    0x00008a40   0x00000010   Data   RO          460    .constdata          main.o
    0x00008a50   0x0004e554   Data   RO          587    .constdata          web.o
    0x00056fa4   0x00000098   Data   RO          646    .constdata          net_config.o
    0x0005703c   0x00000010   Data   RO          868    .constdata          FS_CM3.lib(fs_mmc.o)
    0x0005704c   0x00000008   Data   RO          894    .constdata          TCP_CM3.lib(at_ip.o)
    0x00057054   0x000000f4   Data   RO         1065    .constdata          TCP_CM3.lib(at_http.o)
    0x00057148   0x00000008   Data   RO         1111    .constdata          TCP_CM3.lib(at_nbns.o)
    0x00057150   0x00000006   Data   RO         1153    .constdata          TCP_CM3.lib(at_ethernet.o)
    0x00057156   0x00000002   PAD
    0x00057158   0x000004ac   Data   RO         1340    .constdata          FS_CM3.lib(fs_fat.o)
    0x00057604   0x00000006   Data   RO         1473    .constdata          TCP_CM3.lib(at_arp.o)
    0x0005760a   0x00000056   Data   RO         1498    .constdata          TCP_CM3.lib(http_err.o)
    0x00057660   0x00000051   Data   RO         1499    .constdata          TCP_CM3.lib(http_err.o)
    0x000576b1   0x0000004e   Data   RO         1500    .constdata          TCP_CM3.lib(http_err.o)
    0x000576ff   0x0000004b   Data   RO         1501    .constdata          TCP_CM3.lib(http_err.o)
    0x0005774a   0x0000002f   Data   RO         1502    .constdata          TCP_CM3.lib(http_err.o)
    0x00057779   0x00000088   Data   RO         1503    .constdata          TCP_CM3.lib(http_err.o)
    0x00057801   0x00000028   Data   RO         1566    .constdata          c_w.l(_printf_hex_ptr.o)
    0x00057829   0x00000011   Data   RO         1595    .constdata          c_w.l(__printf_flags_ss_wp.o)
    0x0005783a   0x00000002   PAD
    0x0005783c   0x0000001d   Data   RO          647    .conststring        net_config.o
    0x00057859   0x00000003   PAD
    0x0005785c   0x00000040   Data   RO         1964    Region$$Table       anon$$obj.o
    0x0005789c   0x00000110   Data   RO         1815    locale$$data        c_w.l(lc_ctype_c.o)


    Execution Region RW_IRAM1 (Base: 0x10000000, Size: 0x00005438, Max: 0x00008000, ABSOLUTE)

    Base Addr    Size         Type   Attr      Idx    E Section Name        Object

    0x10000000   0x00000032   Data   RW          461    .data               main.o
    0x10000032   0x00000002   PAD
    0x10000034   0x00000004   Data   RW          542    .data               system_lpc17xx.o
    0x10000038   0x00000001   Data   RW          603    .data               http_cgi.o
    0x10000039   0x00000016   Data   RW          648    .data               net_config.o
    0x1000004f   0x00000001   Data   RW          831    .data               FS_CM3.lib(fs_mapi.o)
    0x10000050   0x0000000c   Data   RW          895    .data               TCP_CM3.lib(at_ip.o)
    0x1000005c   0x00000004   Data   RW          958    .data               TCP_CM3.lib(at_tcp.o)
    0x10000060   0x00000002   Data   RW         1010    .data               TCP_CM3.lib(at_udp.o)
    0x10000062   0x00000002   PAD
    0x10000064   0x0000000c   Data   RW         1066    .data               TCP_CM3.lib(at_http.o)
    0x10000070   0x00000001   Data   RW         1112    .data               TCP_CM3.lib(at_nbns.o)
    0x10000071   0x00000003   PAD
    0x10000074   0x00000008   Data   RW         1474    .data               TCP_CM3.lib(at_arp.o)
    0x1000007c   0x000015a0   Zero   RW           36    .bss                file_config.o
    0x1000161c   0x000032ac   Zero   RW          645    .bss                net_config.o
    0x100048c8   0x00000010   Zero   RW          913    .bss                TCP_CM3.lib(at_icmp.o)
    0x100048d8   0x00000020   Zero   RW         1130    .bss                TCP_CM3.lib(at_dhcp.o)
    0x100048f8   0x00000084   Zero   RW         1152    .bss                TCP_CM3.lib(at_ethernet.o)
    0x1000497c   0x00000010   Zero   RW         1228    .bss                TCP_CM3.lib(at_mem.o)
    0x1000498c   0x0000004c   Zero   RW         1246    .bss                TCP_CM3.lib(at_system.o)
    0x100049d8   0x00000060   Zero   RW         1722    .bss                c_w.l(libspace.o)
    0x10004a38   0x00000200   Zero   RW          578    HEAP                startup_lpc17xx.o
    0x10004c38   0x00000800   Zero   RW          577    STACK               startup_lpc17xx.o


    Execution Region RW_IRAM2 (Base: 0x2007c000, Size: 0x00002a6c, Max: 0x00008000, ABSOLUTE)

    Base Addr    Size         Type   Attr      Idx    E Section Name        Object

    0x2007c000   0x00000005   Data   RW          715    .data               emac_lpc17xx.o
    0x2007c005   0x00000003   PAD
    0x2007c008   0x00002a64   Zero   RW          714    .bss                emac_lpc17xx.o


==============================================================================

Image component sizes


      Code (inc. data)   RO Data    RW Data    ZI Data      Debug   Object Name

      1518        150          0          5      10852      53874   emac_lpc17xx.o
       166         48         48          0       5536      27258   file_config.o
       952        200          0          1          0       9860   http_cgi.o
       764        224         16         50          0      12504   main.o
       118          8        181         22      12972       4826   net_config.o
       144          0          0          0          0      10977   retarget.o
       100         16          0          0          0        909   serial.o
       548         76         32          0          0       7675   spi_lpc17xx.o
        68         30        204          0       2560        968   startup_lpc17xx.o
       320         18          0          4          0        823   system_lpc17xx.o
         0          0     320852          0          0       6833   web.o

    ----------------------------------------------------------------------
      4708        770     321400         87      31920     136507   Object Totals
         0          0         64          0          0          0   (incl. Generated)
        10          0          3          5          0          0   (incl. Padding)

    ----------------------------------------------------------------------

      Code (inc. data)   RO Data    RW Data    ZI Data      Debug   Library Member Name

      5174         52       1196          0          0       3468   fs_fat.o
       290         26          0          0          0        384   fs_lib.o
       894         48          0          1          0        360   fs_mapi.o
      1780         20         16          0          0       1064   fs_mmc.o
       248         28          0          0          0        244   fs_sys.o
        14          4          0          0          0        136   fs_time.o
      1844        144          6          8          0       1108   at_arp.o
      2010        114          0          0         32        812   at_dhcp.o
       488         58          6          0        132        404   at_ethernet.o
      5582       1192        244         12          0       2336   at_http.o
        18          0          0          0          0        340   at_http_uif.o
       404         30          0          0         16        308   at_icmp.o
       834         56          8         12          0        520   at_ip.o
       520          6          0          0          0       1360   at_lib.o
       568         46          0          0         16        520   at_mem.o
       392         26          8          1          0        184   at_nbns.o
       196         40          0          0         76        292   at_system.o
      3968        158          0          4          0       2008   at_tcp.o
       832         44          0          2          0        700   at_udp.o
         0          0        503          0          0          0   http_err.o
        60          8          0          0          0         84   __0sscanf.o
        44          6          0          0          0         84   __2sprintf.o
         8          0          0          0          0         68   __main.o
       392          4         17          0          0         92   __printf_flags_ss_wp.o
        14          0          0          0          0         68   __printf_wp.o
         0          0          0          0          0          0   __rtentry.o
        12          0          0          0          0          0   __rtentry2.o
         6          0          0          0          0          0   __rtentry4.o
        52          8          0          0          0          0   __scatter.o
        26          0          0          0          0          0   __scatter_copy.o
        28          0          0          0          0          0   __scatter_zi.o
        28          0          0          0          0         68   _chval.o
         6          0          0          0          0          0   _printf_c.o
        44          0          0          0          0        108   _printf_char.o
        48          6          0          0          0         96   _printf_char_common.o
        40          0          0          0          0         68   _printf_charcount.o
         6          0          0          0          0          0   _printf_d.o
       120         16          0          0          0         92   _printf_dec.o
        84          6         40          0          0         88   _printf_hex_ptr.o
       178          0          0          0          0         88   _printf_intcommon.o
         6          0          0          0          0          0   _printf_n.o
         6          0          0          0          0          0   _printf_p.o
        78          0          0          0          0        108   _printf_pad.o
         0          0          0          0          0          0   _printf_percent.o
         4          0          0          0          0          0   _printf_percent_end.o
         6          0          0          0          0          0   _printf_s.o
        82          0          0          0          0         80   _printf_str.o
       884          6          0          0          0        100   _scanf.o
       332          0          0          0          0         96   _scanf_int.o
        64          0          0          0          0         84   _sgetc.o
        10          0          0          0          0         68   _sputc.o
       158          0          0          0          0         92   _strtoul.o
        26          0          0          0          0         80   atoi.o
        18          0          0          0          0         80   exit.o
        76          0          0          0          0         88   fclose.o
        78          0          0          0          0         80   h1_free.o
         6          0          0          0          0        152   heapauxi.o
        18          0          0          0          0         76   isspace.o
        44         10        272          0          0         76   lc_ctype_c.o
         2          0          0          0          0          0   libinit.o
        20          0          0          0          0          0   libinit2.o
         2          0          0          0          0          0   libshutdown.o
         2          0          0          0          0          0   libshutdown2.o
         8          4          0          0         96         68   libspace.o
        16          4          0          0          0         76   rt_ctype_table.o
         8          4          0          0          0         68   rt_errno_addr_intlibspace.o
         8          4          0          0          0         68   rt_heap_descriptor_intlibspace.o
         8          4          0          0          0         68   rt_locale_intlibspace.o
        68          0          0          0          0         68   rt_memclr.o
        78          0          0          0          0         80   rt_memclr_w.o
       138          0          0          0          0         68   rt_memcpy_v6.o
       100          0          0          0          0         80   rt_memcpy_w.o
         2          0          0          0          0          0   rtexit.o
        10          0          0          0          0          0   rtexit2.o
        44          8          0          0          0         84   scanf_char.o
       240          6          0          0          0        156   stdio.o
       128          0          0          0          0         68   strcmpv7m.o
        62          0          0          0          0         76   strlen.o
        50          0          0          0          0         84   strncasecmp.o
       112          0          0          0          0         88   strtol.o
        74          0          0          0          0         80   sys_stackheap_outer.o
        26          0          0          0          0         76   tolower.o
         2          0          0          0          0         68   use_no_semi.o

    ----------------------------------------------------------------------
     30400       2196       2320         45        368      20236   Library Totals
        44          0          4          5          0          0   (incl. Padding)

    ----------------------------------------------------------------------

      Code (inc. data)   RO Data    RW Data    ZI Data      Debug   Library Name

      8400        178       1212          1          0       5656   FS_CM3.lib
     17656       1914        775         39        272      10892   TCP_CM3.lib
      4300        104        329          0         96       3688   c_w.l

    ----------------------------------------------------------------------
     30400       2196       2320         45        368      20236   Library Totals

    ----------------------------------------------------------------------

==============================================================================


      Code (inc. data)   RO Data    RW Data    ZI Data      Debug   

     35108       2966     323720        132      32288     140879   Grand Totals
     35108       2966     323720        132      32288     140879   ELF Image Totals
     35108       2966     323720        132          0          0   ROM Totals

==============================================================================

    Total RO  Size (Code + RO Data)               358828 ( 350.42kB)
    Total RW  Size (RW Data + ZI Data)             32420 (  31.66kB)
    Total ROM Size (Code + RO Data + RW Data)     358960 ( 350.55kB)

==============================================================================

